-rw-rw-r-- 1 const const 372K Aug  8 19:13 /tmp/mine-h99-stack.tar.gz
HF_OK unconst/Affine-5czsc2fc98-h99-lora
HF_OK unconst/Affine-5czsc2fc98-h99-merged
STACK_UPLOAD_OK
PREEMPT_PID=945
PIPELINE_PID=942
[bootstrap-h99] 2026-08-08T19:13:38Z start host=c29badbd73a7
GPU 0: NVIDIA B200 (UUID: GPU-356e02e1-b27d-053c-61b3-393a7dbd8b13)
GPU 1: NVIDIA B200 (UUID: GPU-0540220c-b598-4e3e-d927-dc234d19db4a)
GPU 2: NVIDIA B200 (UUID: GPU-284eb671-68a5-db39-1305-8ae8443a139e)
GPU 3: NVIDIA B200 (UUID: GPU-992208b8-eb63-0e8c-d522-faa3cd4f4542)
GPU 4: NVIDIA B200 (UUID: GPU-353440e6-ce0d-1507-bf89-5e6763dffaf4)
GPU 5: NVIDIA B200 (UUID: GPU-46285ebc-00da-d7a3-1dd5-3ba555a9f023)
GPU 6: NVIDIA B200 (UUID: GPU-914d188d-c5db-f029-6c11-7296865ffc41)
GPU 7: NVIDIA B200 (UUID: GPU-9b2ac2e2-08a8-f941-a6cd-9f7bc65775fe)
[bootstrap-h99] GPU_COUNT=8
downloading uv 0.12.3 x86_64-unknown-linux-gnu
installing to /root/.local/bin
  uv
  uvx
everything's installed!
Using CPython 3.12.3 interpreter at: /usr/bin/python3.12
Creating virtual environment at: venv
Activate with: source venv/bin/activate
    PID     ELAPSED CMD
    942 441077230-20:25:36 bash /root/mining_src/s4-h99-f2-target-l2/bootstrap_h99.sh
UPLOAD_AND_LAUNCH_OK 2026-08-08T19:13:41Z
