[r2an-premerge] 2026-08-11T11:15:55Z start (eager-weights after R2am)
[r2an-premerge] waiting for cp13 prefetch /root/logs/r2_prefetch_cp13.done
[r2an-premerge] prefetch ready: OK 2026-08-11T11:14:42Z Talucampe037/Affine-5f6xxabdmp-cp13@762f3e853ad93d82024de1ce7e2b98ef35a83572
[r2an-premerge] waiting for R2am eager /root/logs/r2am_eager_weights.done (disk serialize)
[r2an-premerge] R2am eager ready: EAGER 2026-08-11T11:05:09Z w_talent=0.25 w_sbs=0.75 max_abs_delta=0.67138671875 n_keys=1026 identical_frac=0.451267
[r2an-premerge] EAGER α-merge Talent:0.25 cp13:0.75 → /root/r2_out/alpha_talent_cp13_skew
{"started_utc": "2026-08-11T11:15:57Z", "parents": [{"path": "/root/hf/hub/models--TalentPigs--affine-5ekxlcg3fx-abc/snapshots/dbfbb3e2a17c7603e7fc68a3a15b343f42dfdef4", "weight": 0.25, "norm": 0.25}, {"path": "/root/hf/hub/models--Talucampe037--Affine-5f6xxabdmp-cp13/snapshots/762f3e853ad93d82024de1ce7e2b98ef35a83572", "weight": 0.75, "norm": 0.75}], "out": "/root/r2_out/alpha_talent_cp13_skew", "device": "cpu"}
[merge-α] blend → model-00001-of-00016.safetensors (31 keys)
[merge-α] load parent0 model-00001-of-00016.safetensors
[merge-α] load parent1 model-00001-of-00002.safetensors
[merge-α] wrote model-00001-of-00016.safetensors
[merge-α] blend → model-00002-of-00016.safetensors (50 keys)
[merge-α] load parent0 model-00002-of-00016.safetensors
[merge-α] wrote model-00002-of-00016.safetensors
[merge-α] blend → model-00003-of-00016.safetensors (45 keys)
[merge-α] load parent0 model-00003-of-00016.safetensors
[merge-α] wrote model-00003-of-00016.safetensors
[merge-α] blend → model-00004-of-00016.safetensors (43 keys)
[merge-α] load parent0 model-00004-of-00016.safetensors
[merge-α] wrote model-00004-of-00016.safetensors
[merge-α] blend → model-00005-of-00016.safetensors (50 keys)
[merge-α] load parent0 model-00005-of-00016.safetensors
[merge-α] wrote model-00005-of-00016.safetensors
[merge-α] blend → model-00006-of-00016.safetensors (50 keys)
[merge-α] load parent0 model-00006-of-00016.safetensors
[merge-α] wrote model-00006-of-00016.safetensors
[merge-α] blend → model-00007-of-00016.safetensors (38 keys)
[merge-α] load parent0 model-00007-of-00016.safetensors
[merge-α] wrote model-00007-of-00016.safetensors
[merge-α] blend → model-00008-of-00016.safetensors (45 keys)
[merge-α] load parent0 model-00008-of-00016.safetensors
[merge-α] wrote model-00008-of-00016.safetensors
[merge-α] blend → model-00009-of-00016.safetensors (50 keys)
[merge-α] load parent0 model-00009-of-00016.safetensors
[merge-α] load parent1 model-00002-of-00002.safetensors
[merge-α] wrote model-00009-of-00016.safetensors
[merge-α] blend → model-00010-of-00016.safetensors (45 keys)
[merge-α] load parent0 model-00010-of-00016.safetensors
[merge-α] wrote model-00010-of-00016.safetensors
[merge-α] blend → model-00011-of-00016.safetensors (49 keys)
[merge-α] load parent0 model-00011-of-00016.safetensors
[merge-α] wrote model-00011-of-00016.safetensors
[merge-α] blend → model-00012-of-00016.safetensors (50 keys)
[merge-α] load parent0 model-00012-of-00016.safetensors
[merge-α] wrote model-00012-of-00016.safetensors
[merge-α] blend → model-00013-of-00016.safetensors (47 keys)
[merge-α] load parent0 model-00013-of-00016.safetensors
[merge-α] wrote model-00013-of-00016.safetensors
[merge-α] blend → model-00014-of-00016.safetensors (41 keys)
[merge-α] load parent0 model-00014-of-00016.safetensors
[merge-α] wrote model-00014-of-00016.safetensors
[merge-α] blend → model-00015-of-00016.safetensors (50 keys)
[merge-α] load parent0 model-00015-of-00016.safetensors
[merge-α] wrote model-00015-of-00016.safetensors
[merge-α] blend → model-00016-of-00016.safetensors (342 keys)
[merge-α] load parent0 model-00016-of-00016.safetensors
[merge-α] load parent1 king-extra-visual.safetensors
[merge-α] wrote model-00016-of-00016.safetensors
{
  "finished_utc": "2026-08-11T11:20:36Z",
  "seconds": 279.1,
  "n_keys": 1026,
  "n_shards": 16,
  "total_size_gb": 70.214,
  "n_missing_fallback": 0,
  "n_exact_primary": 465,
  "identical_frac": 0.453216,
  "max_abs_delta": 0.62579345703125,
  "sidecar_copied": [
    "config.json",
    "preprocessor_config.json",
    "video_preprocessor_config.json",
    "chat_template.jinja",
    "generation_config.json",
    "tokenizer.json",
    "tokenizer_config.json"
  ]
}
[merge-α] OK distinct from primary
EAGER 2026-08-11T11:20:38Z w_talent=0.25 w_cp13=0.75 max_abs_delta=0.62579345703125 n_keys=1026 identical_frac=0.453216
[r2an-premerge] waiting for Reason stamp /root/affine_data/chal00481_reason.json (+ /root/logs/watch_chal00481_reason.done) before DONE
