chall_pid=58323
chall_killed
overlay         1.1T   65G  1.1T   6% /
               total        used        free      shared  buff/cache   available
Mem:           3.0Ti        92Gi       2.1Ti       361Mi       788Gi       2.9Ti

        by_shard: dict[str, list[str]] = defaultdict(list)
        for key, shard in missing.items():
            by_shard[shard].append(key)
        restored: dict[str, torch.Tensor] = {}
        for shard, keys in by_shard.items():
            src = base_path / shard
            if not src.is_file():
                raise FileNotFoundError(
                    f"missing base shard for visual restore: {src}"
                )
            with safe_open(str(src), framework="pt", device="cpu") as f:
                for key in keys:
                    restored[key] = f.get_tensor(key)
            print(
                f"[merge] extracted {len(keys)} missing keys from {shard}",
                flush=True,
            )
        out_vis = args.out / "model-visual-restored.safetensors"
        save_file(restored, str(out_vis))
        for key in restored:
            out_idx["weight_map"][key] = out_vis.name
            added += 1
        print(
            f"[merge] wrote {out_vis.name} with {len(restored)} tensors "
            f"(TalentPigs-style packed visual restore)",
            flush=True,
        )

    if added or visual_shards or missing or phantom:
        total = sum(p.stat().st_size for p in args.out.glob("*.safetensors"))
0, 238410 MiB
1, 238410 MiB
2, 222510 MiB
3, 222510 MiB
4, 0 MiB
5, 0 MiB
6, 0 MiB
7, 0 MiB
relaunched_pid=68313
post_alive
Writing model shards:   0%|          | 0/2 [00:00<?, ?it/s]Writing model shards:  50%|█████     | 1/2 [00:52<00:52, 52.02s/it]Writing model shards: 100%|██████████| 2/2 [01:07<00:00, 30.41s/it]Writing model shards: 100%|██████████| 2/2 [01:07<00:00, 33.66s/it]
[merge] restored config.json from base
[merge] restored preprocessor_config.json from base
[merge] restored processor_config.json from base
[merge] restored video_preprocessor_config.json from base
[merge] phantom visual index entries (not in shard files): 333 — will extract from base
[merge] extracted 31 missing keys from model-00001-of-00002.safetensors
[merge] extracted 302 missing keys from model-00002-of-00002.safetensors
Traceback (most recent call last):
  File "/root/mining_src/s4-h1-sft/merge_lora.py", line 387, in <module>
    main()
  File "/root/mining_src/s4-h1-sft/merge_lora.py", line 209, in main
    save_file(restored, str(out_vis))
  File "/root/venv/lib/python3.12/site-packages/safetensors/torch.py", line 323, in save_file
    serialize_file(
safetensors._safetensors_rust.SafetensorError: Error while serializing: I/O error: Bad address (os error 14)
[r3-pipe] 2026-08-12T05:15:53Z waiting for /root/r3/train/train.done (or adapter + no train proc)
[r3-pipe] 2026-08-12T05:15:53Z train.done present
[r3-pipe] 2026-08-12T05:15:53Z waiting for train pid to exit and release GPUs 6,7
[r3-pipe] 2026-08-12T05:15:53Z train proc gone
