-rw-rw-r-- 1 const const 345K Aug  9 02:28 /tmp/mine-h117-stack.tar.gz
STACK_UPLOAD_OK
PIPELINE_PID=1222
[bootstrap-h117] 2026-08-09T02:28:23Z start host=8212b9f621f5
GPU 0: NVIDIA B300 SXM6 AC (UUID: GPU-9fe43f7a-086b-adf4-dd13-d7854dcec942)
GPU 1: NVIDIA B300 SXM6 AC (UUID: GPU-5a5cb668-91be-671b-ae8c-1bf0fdb80949)
GPU 2: NVIDIA B300 SXM6 AC (UUID: GPU-d8b40671-2b17-ac64-b2b7-6a35ca89b24f)
GPU 3: NVIDIA B300 SXM6 AC (UUID: GPU-48ea9fab-a92d-bfb6-932f-3eff2d40052c)
GPU 4: NVIDIA B300 SXM6 AC (UUID: GPU-de7758f2-c828-3f5a-c595-0d3387f3c501)
GPU 5: NVIDIA B300 SXM6 AC (UUID: GPU-60f7bd2a-41fe-5f3b-6a50-d9018f59e399)
GPU 6: NVIDIA B300 SXM6 AC (UUID: GPU-dc63e059-0ab5-6c58-219b-eb734d1b3019)
GPU 7: NVIDIA B300 SXM6 AC (UUID: GPU-314fd6dd-b872-1e85-becc-7aac1c5b126c)
[bootstrap-h117] GPU_COUNT=8
downloading uv 0.12.3 x86_64-unknown-linux-gnu
installing to /root/.local/bin
  uv
  uvx
everything's installed!
Using CPython 3.12.3 interpreter at: /usr/bin/python3.12
Creating virtual environment at: venv
Activate with: source venv/bin/activate
    PID     ELAPSED CMD
   1222 441077229-10:24:32 bash /root/mining_src/s4-h117-f22-raw-everest12/bootstrap_h117.sh
8
UPLOAD_AND_LAUNCH_OK 2026-08-09T02:28:26Z
