[host-hist] 2026-08-11T07:55:50Z start pending=['chal-00467', 'chal-00468', 'chal-00469', 'chal-00470', 'chal-00471']
[host-hist] 2026-08-11T07:58:35Z iter=12 still pending=['chal-00467', 'chal-00468', 'chal-00469', 'chal-00470', 'chal-00471']
[host-hist] 2026-08-11T08:01:36Z iter=24 still pending=['chal-00467', 'chal-00468', 'chal-00469', 'chal-00470', 'chal-00471']
[host-hist] 2026-08-11T08:04:36Z iter=36 still pending=['chal-00467', 'chal-00468', 'chal-00469', 'chal-00470', 'chal-00471']
[host-hist] 2026-08-11T08:07:37Z iter=48 still pending=['chal-00467', 'chal-00468', 'chal-00469', 'chal-00470', 'chal-00471']
[host-hist] 2026-08-11T08:08:39Z skip chal-00467: pod already stamped
[host-hist] 2026-08-11T08:10:39Z iter=60 still pending=['chal-00468', 'chal-00469', 'chal-00470', 'chal-00471']
[host-hist] 2026-08-11T08:13:40Z iter=72 still pending=['chal-00468', 'chal-00469', 'chal-00470', 'chal-00471']
[host-hist] 2026-08-11T08:16:40Z iter=84 still pending=['chal-00468', 'chal-00469', 'chal-00470', 'chal-00471']
[host-hist] 2026-08-11T08:19:41Z iter=96 still pending=['chal-00468', 'chal-00469', 'chal-00470', 'chal-00471']
[host-hist] 2026-08-11T08:22:41Z iter=108 still pending=['chal-00468', 'chal-00469', 'chal-00470', 'chal-00471']
[host-hist] 2026-08-11T08:25:42Z iter=120 still pending=['chal-00468', 'chal-00469', 'chal-00470', 'chal-00471']
[host-hist] 2026-08-11T08:28:42Z iter=132 still pending=['chal-00468', 'chal-00469', 'chal-00470', 'chal-00471']
[host-hist] 2026-08-11T08:31:43Z iter=144 still pending=['chal-00468', 'chal-00469', 'chal-00470', 'chal-00471']
[host-hist] 2026-08-11T08:34:43Z iter=156 still pending=['chal-00468', 'chal-00469', 'chal-00470', 'chal-00471']
[host-hist] 2026-08-11T08:37:44Z iter=168 still pending=['chal-00468', 'chal-00469', 'chal-00470', 'chal-00471']
[host-hist] 2026-08-11T08:39:15Z iter=174 err=CalledProcessError: Command '['scp', '-o', 'BatchMode=yes', '-o', 'StrictHostKeyChecking=accept-new', '-o', 'ConnectTimeout=15', '-P', '40300', '/home/const/subnet120/mining/experiments/r2-multiking-merge/artifacts/chal00468_reason.json', 'root@86.38.182.50:/root/affine_data/chal00468_reason.json']' returned non-zero exit status 255.
[host-hist] 2026-08-11T08:40:47Z iter=180 err=CalledProcessError: Command '['scp', '-o', 'BatchMode=yes', '-o', 'StrictHostKeyChecking=accept-new', '-o', 'ConnectTimeout=15', '-P', '40300', '/home/const/subnet120/mining/experiments/r2-multiking-merge/artifacts/chal00468_reason.json', 'root@86.38.182.50:/root/affine_data/chal00468_reason.json']' returned non-zero exit status 255.
[host-hist] 2026-08-11T08:40:47Z iter=180 still pending=['chal-00468', 'chal-00469', 'chal-00470', 'chal-00471']
[host-hist] 2026-08-11T08:42:19Z iter=186 err=CalledProcessError: Command '['scp', '-o', 'BatchMode=yes', '-o', 'StrictHostKeyChecking=accept-new', '-o', 'ConnectTimeout=15', '-P', '40300', '/home/const/subnet120/mining/experiments/r2-multiking-merge/artifacts/chal00468_reason.json', 'root@86.38.182.50:/root/affine_data/chal00468_reason.json']' returned non-zero exit status 255.
[host-hist] 2026-08-11T08:43:52Z start pending=['chal-00467', 'chal-00468', 'chal-00469', 'chal-00470', 'chal-00471']
[host-hist] 2026-08-11T08:43:52Z start pending=['chal-00467', 'chal-00468', 'chal-00469', 'chal-00470', 'chal-00471']
scp: dest open "/root/affine_data/chal00468_reason.json": No such file or directory
scp: failed to upload file /home/const/subnet120/mining/experiments/r2-multiking-merge/artifacts/chal00468_reason.json to /root/affine_data/chal00468_reason.json
[host-hist] 2026-08-11T08:44:10Z start pending=['chal-00467', 'chal-00468', 'chal-00469', 'chal-00470', 'chal-00471']
[host-hist] 2026-08-11T08:44:10Z start pending=['chal-00467', 'chal-00468', 'chal-00469', 'chal-00470', 'chal-00471']
scp: dest open "/root/affine_data/chal00468_reason.json": No such file or directory
scp: failed to upload file /home/const/subnet120/mining/experiments/r2-multiking-merge/artifacts/chal00468_reason.json to /root/affine_data/chal00468_reason.json
[host-hist] 2026-08-11T08:45:34Z start pending=['chal-00467', 'chal-00468', 'chal-00469', 'chal-00470', 'chal-00471']
[host-hist] 2026-08-11T08:45:34Z start pending=['chal-00467', 'chal-00468', 'chal-00469', 'chal-00470', 'chal-00471']
[host-hist] 2026-08-11T08:45:43Z PUSHED chal00468 hr=0.017932082729414395 repo=ammazon/Affine-5dvqtektxx-sbs-v0
[host-hist] 2026-08-11T08:45:43Z PUSHED chal00468 hr=0.017932082729414395 repo=ammazon/Affine-5dvqtektxx-sbs-v0
[host-hist] 2026-08-11T08:45:51Z PUSHED chal00467 hr=0.21410474967260165 repo=0pentensor/Affine-5dflhtkufw-awesome-v9
[host-hist] 2026-08-11T08:45:51Z PUSHED chal00467 hr=0.21410474967260165 repo=0pentensor/Affine-5dflhtkufw-awesome-v9
[host-hist] 2026-08-11T08:48:36Z iter=12 still pending=['chal-00469', 'chal-00470', 'chal-00471']
[host-hist] 2026-08-11T08:48:36Z iter=12 still pending=['chal-00469', 'chal-00470', 'chal-00471']
[host-hist] 2026-08-11T08:51:37Z iter=24 still pending=['chal-00469', 'chal-00470', 'chal-00471']
[host-hist] 2026-08-11T08:51:37Z iter=24 still pending=['chal-00469', 'chal-00470', 'chal-00471']
[host-hist] 2026-08-11T08:54:37Z iter=36 still pending=['chal-00469', 'chal-00470', 'chal-00471']
[host-hist] 2026-08-11T08:54:37Z iter=36 still pending=['chal-00469', 'chal-00470', 'chal-00471']
[host-hist] 2026-08-11T08:57:38Z iter=48 still pending=['chal-00469', 'chal-00470', 'chal-00471']
[host-hist] 2026-08-11T08:57:38Z iter=48 still pending=['chal-00469', 'chal-00470', 'chal-00471']
[host-hist] 2026-08-11T09:00:38Z iter=60 still pending=['chal-00469', 'chal-00470', 'chal-00471']
[host-hist] 2026-08-11T09:00:38Z iter=60 still pending=['chal-00469', 'chal-00470', 'chal-00471']
[host-hist] 2026-08-11T09:03:39Z iter=72 still pending=['chal-00469', 'chal-00470', 'chal-00471']
[host-hist] 2026-08-11T09:03:39Z iter=72 still pending=['chal-00469', 'chal-00470', 'chal-00471']
[host-hist] 2026-08-11T09:06:39Z iter=84 still pending=['chal-00469', 'chal-00470', 'chal-00471']
[host-hist] 2026-08-11T09:06:39Z iter=84 still pending=['chal-00469', 'chal-00470', 'chal-00471']
[host-hist] 2026-08-11T09:09:40Z iter=96 still pending=['chal-00469', 'chal-00470', 'chal-00471']
[host-hist] 2026-08-11T09:09:40Z iter=96 still pending=['chal-00469', 'chal-00470', 'chal-00471']
[host-hist] 2026-08-11T09:12:40Z iter=108 still pending=['chal-00469', 'chal-00470', 'chal-00471']
[host-hist] 2026-08-11T09:12:40Z iter=108 still pending=['chal-00469', 'chal-00470', 'chal-00471']
[host-hist] 2026-08-11T09:15:41Z iter=120 still pending=['chal-00469', 'chal-00470', 'chal-00471']
[host-hist] 2026-08-11T09:15:41Z iter=120 still pending=['chal-00469', 'chal-00470', 'chal-00471']
[host-hist] 2026-08-11T09:17:13Z skip chal-00469: pod already stamped
[host-hist] 2026-08-11T09:17:13Z skip chal-00469: pod already stamped
[host-hist] 2026-08-11T09:18:43Z iter=132 still pending=['chal-00470', 'chal-00471']
[host-hist] 2026-08-11T09:18:43Z iter=132 still pending=['chal-00470', 'chal-00471']
[host-hist] 2026-08-11T09:21:44Z iter=144 still pending=['chal-00470', 'chal-00471']
[host-hist] 2026-08-11T09:21:44Z iter=144 still pending=['chal-00470', 'chal-00471']
[host-hist] 2026-08-11T09:24:44Z iter=156 still pending=['chal-00470', 'chal-00471']
[host-hist] 2026-08-11T09:24:44Z iter=156 still pending=['chal-00470', 'chal-00471']
[host-hist] 2026-08-11T09:27:45Z iter=168 still pending=['chal-00470', 'chal-00471']
[host-hist] 2026-08-11T09:27:45Z iter=168 still pending=['chal-00470', 'chal-00471']
[host-hist] 2026-08-11T09:30:45Z iter=180 still pending=['chal-00470', 'chal-00471']
[host-hist] 2026-08-11T09:30:45Z iter=180 still pending=['chal-00470', 'chal-00471']
[host-hist] 2026-08-11T09:33:46Z iter=192 still pending=['chal-00470', 'chal-00471']
[host-hist] 2026-08-11T09:33:46Z iter=192 still pending=['chal-00470', 'chal-00471']
[host-hist] 2026-08-11T09:36:46Z iter=204 still pending=['chal-00470', 'chal-00471']
[host-hist] 2026-08-11T09:36:46Z iter=204 still pending=['chal-00470', 'chal-00471']
[host-hist] 2026-08-11T09:39:47Z iter=216 still pending=['chal-00470', 'chal-00471']
[host-hist] 2026-08-11T09:39:47Z iter=216 still pending=['chal-00470', 'chal-00471']
[host-hist] 2026-08-11T09:42:48Z iter=228 still pending=['chal-00470', 'chal-00471']
[host-hist] 2026-08-11T09:42:48Z iter=228 still pending=['chal-00470', 'chal-00471']
[host-hist] 2026-08-11T09:45:48Z iter=240 still pending=['chal-00470', 'chal-00471']
[host-hist] 2026-08-11T09:45:48Z iter=240 still pending=['chal-00470', 'chal-00471']
[host-hist] 2026-08-11T09:48:49Z iter=252 still pending=['chal-00470', 'chal-00471']
[host-hist] 2026-08-11T09:48:49Z iter=252 still pending=['chal-00470', 'chal-00471']
[host-hist] 2026-08-11T09:51:49Z iter=264 still pending=['chal-00470', 'chal-00471']
[host-hist] 2026-08-11T09:51:49Z iter=264 still pending=['chal-00470', 'chal-00471']
[host-hist] 2026-08-11T09:54:50Z iter=276 still pending=['chal-00470', 'chal-00471']
[host-hist] 2026-08-11T09:54:50Z iter=276 still pending=['chal-00470', 'chal-00471']
[host-hist] 2026-08-11T09:57:51Z iter=288 still pending=['chal-00470', 'chal-00471']
[host-hist] 2026-08-11T09:57:51Z iter=288 still pending=['chal-00470', 'chal-00471']
[host-hist] 2026-08-11T09:59:53Z skip chal-00470: pod already stamped
[host-hist] 2026-08-11T09:59:53Z skip chal-00470: pod already stamped
[host-hist] 2026-08-11T10:00:53Z iter=300 still pending=['chal-00471']
[host-hist] 2026-08-11T10:00:53Z iter=300 still pending=['chal-00471']
[host-hist] 2026-08-11T10:03:54Z iter=312 still pending=['chal-00471']
[host-hist] 2026-08-11T10:03:54Z iter=312 still pending=['chal-00471']
[host-hist] 2026-08-11T10:06:54Z iter=324 still pending=['chal-00471']
[host-hist] 2026-08-11T10:06:54Z iter=324 still pending=['chal-00471']
[host-hist] 2026-08-11T10:09:55Z iter=336 still pending=['chal-00471']
[host-hist] 2026-08-11T10:09:55Z iter=336 still pending=['chal-00471']
[host-hist] 2026-08-11T10:12:55Z iter=348 still pending=['chal-00471']
[host-hist] 2026-08-11T10:12:55Z iter=348 still pending=['chal-00471']
[host-hist] 2026-08-11T10:13:31Z init skip chal-00467: already on pod
[host-hist] 2026-08-11T10:13:31Z init skip chal-00467: already on pod
[host-hist] 2026-08-11T10:13:33Z init skip chal-00468: already on pod
[host-hist] 2026-08-11T10:13:33Z init skip chal-00468: already on pod
[host-hist] 2026-08-11T10:13:35Z init skip chal-00469: already on pod
[host-hist] 2026-08-11T10:13:35Z init skip chal-00469: already on pod
[host-hist] 2026-08-11T10:13:37Z init skip chal-00470: already on pod
[host-hist] 2026-08-11T10:13:37Z init skip chal-00470: already on pod
[host-hist] 2026-08-11T10:13:41Z start pending=['chal-00471', 'chal-00480']
[host-hist] 2026-08-11T10:13:41Z start pending=['chal-00471', 'chal-00480']
[host-hist] 2026-08-11T10:16:27Z iter=12 still pending=['chal-00471', 'chal-00480']
[host-hist] 2026-08-11T10:16:27Z iter=12 still pending=['chal-00471', 'chal-00480']
[host-hist] 2026-08-11T10:19:27Z iter=24 still pending=['chal-00471', 'chal-00480']
[host-hist] 2026-08-11T10:19:27Z iter=24 still pending=['chal-00471', 'chal-00480']
[host-hist] 2026-08-11T10:22:28Z iter=36 still pending=['chal-00471', 'chal-00480']
[host-hist] 2026-08-11T10:22:28Z iter=36 still pending=['chal-00471', 'chal-00480']
[host-hist] 2026-08-11T10:25:28Z iter=48 still pending=['chal-00471', 'chal-00480']
[host-hist] 2026-08-11T10:25:28Z iter=48 still pending=['chal-00471', 'chal-00480']
[host-hist] 2026-08-11T10:28:29Z iter=60 still pending=['chal-00471', 'chal-00480']
[host-hist] 2026-08-11T10:28:29Z iter=60 still pending=['chal-00471', 'chal-00480']
[host-hist] 2026-08-11T10:31:29Z iter=72 still pending=['chal-00471', 'chal-00480']
[host-hist] 2026-08-11T10:31:29Z iter=72 still pending=['chal-00471', 'chal-00480']
[host-hist] 2026-08-11T10:34:30Z iter=84 still pending=['chal-00471', 'chal-00480']
[host-hist] 2026-08-11T10:34:30Z iter=84 still pending=['chal-00471', 'chal-00480']
[host-hist] 2026-08-11T10:37:02Z skip chal-00471: pod already stamped
[host-hist] 2026-08-11T10:37:02Z skip chal-00471: pod already stamped
[host-hist] 2026-08-11T10:37:33Z iter=96 still pending=['chal-00480']
[host-hist] 2026-08-11T10:37:33Z iter=96 still pending=['chal-00480']
[host-hist] 2026-08-11T10:40:33Z iter=108 still pending=['chal-00480']
[host-hist] 2026-08-11T10:40:33Z iter=108 still pending=['chal-00480']
[host-hist] 2026-08-11T10:43:34Z iter=120 still pending=['chal-00480']
[host-hist] 2026-08-11T10:43:34Z iter=120 still pending=['chal-00480']
[host-hist] 2026-08-11T10:46:34Z iter=132 still pending=['chal-00480']
[host-hist] 2026-08-11T10:46:34Z iter=132 still pending=['chal-00480']
[host-hist] 2026-08-11T10:49:35Z iter=144 still pending=['chal-00480']
[host-hist] 2026-08-11T10:49:35Z iter=144 still pending=['chal-00480']
[host-hist] 2026-08-11T10:52:35Z iter=156 still pending=['chal-00480']
[host-hist] 2026-08-11T10:52:35Z iter=156 still pending=['chal-00480']
[host-hist] 2026-08-11T10:55:36Z iter=168 still pending=['chal-00480']
[host-hist] 2026-08-11T10:55:36Z iter=168 still pending=['chal-00480']
[host-hist] 2026-08-11T10:58:36Z iter=180 still pending=['chal-00480']
[host-hist] 2026-08-11T10:58:36Z iter=180 still pending=['chal-00480']
[host-hist] 2026-08-11T11:01:37Z iter=192 still pending=['chal-00480']
[host-hist] 2026-08-11T11:01:37Z iter=192 still pending=['chal-00480']
[host-hist] 2026-08-11T11:04:37Z iter=204 still pending=['chal-00480']
[host-hist] 2026-08-11T11:04:37Z iter=204 still pending=['chal-00480']
[host-hist] 2026-08-11T11:07:01Z PUSHED chal00480 hr=0.5029567680800799 repo=ammazon/Affine-5dvqtektxx-sbs-v1
[host-hist] 2026-08-11T11:07:01Z PUSHED chal00480 hr=0.5029567680800799 repo=ammazon/Affine-5dvqtektxx-sbs-v1
[host-hist] 2026-08-11T11:07:01Z all targets stamped
[host-hist] 2026-08-11T11:07:01Z all targets stamped
[host-hist] 2026-08-11T11:12:42Z init skip chal-00467: already on pod
[host-hist] 2026-08-11T11:12:44Z init skip chal-00468: already on pod
[host-hist] 2026-08-11T11:12:46Z init skip chal-00469: already on pod
[host-hist] 2026-08-11T11:12:48Z init skip chal-00470: already on pod
[host-hist] 2026-08-11T11:12:50Z init skip chal-00471: already on pod
[host-hist] 2026-08-11T11:12:52Z init skip chal-00480: already on pod
[host-hist] 2026-08-11T11:12:54Z start pending=['chal-00481']
[host-hist] 2026-08-11T11:15:40Z iter=12 still pending=['chal-00481']
[host-hist] 2026-08-11T11:18:40Z iter=24 still pending=['chal-00481']
[host-hist] 2026-08-11T11:21:41Z iter=36 still pending=['chal-00481']
[host-hist] 2026-08-11T11:24:41Z iter=48 still pending=['chal-00481']
[host-hist] 2026-08-11T11:27:42Z iter=60 still pending=['chal-00481']
[host-hist] 2026-08-11T11:30:42Z iter=72 still pending=['chal-00481']
[host-hist] 2026-08-11T11:33:43Z iter=84 still pending=['chal-00481']
[host-hist] 2026-08-11T11:36:43Z iter=96 still pending=['chal-00481']
[host-hist] 2026-08-11T11:39:44Z iter=108 still pending=['chal-00481']
[host-hist] 2026-08-11T11:42:44Z iter=120 still pending=['chal-00481']
[host-hist] 2026-08-11T11:45:53Z PUSHED chal00481 hr=0.16017607184664387 repo=Talucampe037/Affine-5f6xxabdmp-cp13
[host-hist] 2026-08-11T11:45:53Z all targets stamped
[host-hist] 2026-08-11T14:31:45Z init skip chal-00467: already on pod
[host-hist] 2026-08-11T14:31:47Z init skip chal-00468: already on pod
[host-hist] 2026-08-11T14:31:49Z init skip chal-00469: already on pod
[host-hist] 2026-08-11T14:31:51Z init skip chal-00470: already on pod
[host-hist] 2026-08-11T14:31:53Z init skip chal-00471: already on pod
[host-hist] 2026-08-11T14:31:55Z init skip chal-00480: already on pod
[host-hist] 2026-08-11T14:31:57Z init skip chal-00481: already on pod
[host-hist] 2026-08-11T14:32:09Z start pending=['chal-00485', 'chal-00486', 'chal-00489', 'chal-00490', 'chal-00491', 'chal-00492']
[host-hist] 2026-08-11T14:34:54Z iter=12 still pending=['chal-00485', 'chal-00486', 'chal-00489', 'chal-00490', 'chal-00491', 'chal-00492']
[host-hist] 2026-08-11T14:37:55Z iter=24 still pending=['chal-00485', 'chal-00486', 'chal-00489', 'chal-00490', 'chal-00491', 'chal-00492']
[host-hist] 2026-08-11T14:40:56Z iter=36 still pending=['chal-00485', 'chal-00486', 'chal-00489', 'chal-00490', 'chal-00491', 'chal-00492']
[host-hist] 2026-08-11T14:43:56Z iter=48 still pending=['chal-00485', 'chal-00486', 'chal-00489', 'chal-00490', 'chal-00491', 'chal-00492']
[host-hist] 2026-08-11T14:46:57Z iter=60 still pending=['chal-00485', 'chal-00486', 'chal-00489', 'chal-00490', 'chal-00491', 'chal-00492']
[host-hist] 2026-08-11T14:49:57Z iter=72 still pending=['chal-00485', 'chal-00486', 'chal-00489', 'chal-00490', 'chal-00491', 'chal-00492']
[host-hist] 2026-08-11T14:52:58Z iter=84 still pending=['chal-00485', 'chal-00486', 'chal-00489', 'chal-00490', 'chal-00491', 'chal-00492']
[host-hist] 2026-08-11T14:55:59Z iter=96 still pending=['chal-00485', 'chal-00486', 'chal-00489', 'chal-00490', 'chal-00491', 'chal-00492']
[host-hist] 2026-08-11T14:56:15Z init skip chal-00467: already on pod
[host-hist] 2026-08-11T14:56:17Z init skip chal-00468: already on pod
[host-hist] 2026-08-11T14:56:19Z init skip chal-00469: already on pod
[host-hist] 2026-08-11T14:56:21Z init skip chal-00470: already on pod
[host-hist] 2026-08-11T14:56:23Z init skip chal-00471: already on pod
[host-hist] 2026-08-11T14:56:25Z init skip chal-00480: already on pod
[host-hist] 2026-08-11T14:56:27Z init skip chal-00481: already on pod
[host-hist] 2026-08-11T14:56:42Z start pending=['chal-00485', 'chal-00486', 'chal-00489', 'chal-00490', 'chal-00491', 'chal-00492', 'chal-00493', 'chal-00494']
[host-hist] 2026-08-11T14:59:28Z iter=12 still pending=['chal-00485', 'chal-00486', 'chal-00489', 'chal-00490', 'chal-00491', 'chal-00492', 'chal-00493', 'chal-00494']
[host-hist] 2026-08-11T14:59:42Z init skip chal-00467: already on pod
[host-hist] 2026-08-11T14:59:44Z init skip chal-00468: already on pod
[host-hist] 2026-08-11T14:59:46Z init skip chal-00469: already on pod
[host-hist] 2026-08-11T14:59:48Z init skip chal-00470: already on pod
[host-hist] 2026-08-11T14:59:50Z init skip chal-00471: already on pod
[host-hist] 2026-08-11T14:59:52Z init skip chal-00480: already on pod
[host-hist] 2026-08-11T14:59:54Z init skip chal-00481: already on pod
[host-hist] 2026-08-11T15:00:11Z start pending=['chal-00485', 'chal-00486', 'chal-00489', 'chal-00490', 'chal-00491', 'chal-00492', 'chal-00493', 'chal-00494', 'chal-00495']
[host-hist] 2026-08-11T15:02:57Z iter=12 still pending=['chal-00485', 'chal-00486', 'chal-00489', 'chal-00490', 'chal-00491', 'chal-00492', 'chal-00493', 'chal-00494', 'chal-00495']
[host-hist] 2026-08-11T15:05:58Z iter=24 still pending=['chal-00485', 'chal-00486', 'chal-00489', 'chal-00490', 'chal-00491', 'chal-00492', 'chal-00493', 'chal-00494', 'chal-00495']
[host-hist] 2026-08-11T15:08:59Z iter=36 still pending=['chal-00485', 'chal-00486', 'chal-00489', 'chal-00490', 'chal-00491', 'chal-00492', 'chal-00493', 'chal-00494', 'chal-00495']
[host-hist] 2026-08-11T15:11:59Z iter=48 still pending=['chal-00485', 'chal-00486', 'chal-00489', 'chal-00490', 'chal-00491', 'chal-00492', 'chal-00493', 'chal-00494', 'chal-00495']
[host-hist] 2026-08-11T15:15:00Z iter=60 still pending=['chal-00485', 'chal-00486', 'chal-00489', 'chal-00490', 'chal-00491', 'chal-00492', 'chal-00493', 'chal-00494', 'chal-00495']
[host-hist] 2026-08-11T15:17:38Z PUSHED chal00485 hr=0.6008529323490666 repo=kevin954/Affine-5DFQbBh8Ev-h44
[host-hist] 2026-08-11T15:18:08Z iter=72 still pending=['chal-00486', 'chal-00489', 'chal-00490', 'chal-00491', 'chal-00492', 'chal-00493', 'chal-00494', 'chal-00495']
[host-hist] 2026-08-11T15:21:09Z iter=84 still pending=['chal-00486', 'chal-00489', 'chal-00490', 'chal-00491', 'chal-00492', 'chal-00493', 'chal-00494', 'chal-00495']
[host-hist] 2026-08-11T15:24:09Z iter=96 still pending=['chal-00486', 'chal-00489', 'chal-00490', 'chal-00491', 'chal-00492', 'chal-00493', 'chal-00494', 'chal-00495']
[host-hist] 2026-08-11T15:27:10Z iter=108 still pending=['chal-00486', 'chal-00489', 'chal-00490', 'chal-00491', 'chal-00492', 'chal-00493', 'chal-00494', 'chal-00495']
[host-hist] 2026-08-11T15:30:10Z iter=120 still pending=['chal-00486', 'chal-00489', 'chal-00490', 'chal-00491', 'chal-00492', 'chal-00493', 'chal-00494', 'chal-00495']
[host-hist] 2026-08-11T15:33:11Z iter=132 still pending=['chal-00486', 'chal-00489', 'chal-00490', 'chal-00491', 'chal-00492', 'chal-00493', 'chal-00494', 'chal-00495']
[host-hist] 2026-08-11T15:36:12Z iter=144 still pending=['chal-00486', 'chal-00489', 'chal-00490', 'chal-00491', 'chal-00492', 'chal-00493', 'chal-00494', 'chal-00495']
[host-hist] 2026-08-11T15:39:12Z iter=156 still pending=['chal-00486', 'chal-00489', 'chal-00490', 'chal-00491', 'chal-00492', 'chal-00493', 'chal-00494', 'chal-00495']
[host-hist] 2026-08-11T15:42:13Z iter=168 still pending=['chal-00486', 'chal-00489', 'chal-00490', 'chal-00491', 'chal-00492', 'chal-00493', 'chal-00494', 'chal-00495']
[host-hist] 2026-08-11T15:45:13Z iter=180 still pending=['chal-00486', 'chal-00489', 'chal-00490', 'chal-00491', 'chal-00492', 'chal-00493', 'chal-00494', 'chal-00495']
[host-hist] 2026-08-11T15:48:14Z iter=192 still pending=['chal-00486', 'chal-00489', 'chal-00490', 'chal-00491', 'chal-00492', 'chal-00493', 'chal-00494', 'chal-00495']
[host-hist] 2026-08-11T15:51:15Z iter=204 still pending=['chal-00486', 'chal-00489', 'chal-00490', 'chal-00491', 'chal-00492', 'chal-00493', 'chal-00494', 'chal-00495']
[host-hist] 2026-08-11T15:54:17Z iter=216 still pending=['chal-00486', 'chal-00489', 'chal-00490', 'chal-00491', 'chal-00492', 'chal-00493', 'chal-00494', 'chal-00495']
[host-hist] 2026-08-11T15:57:17Z iter=228 still pending=['chal-00486', 'chal-00489', 'chal-00490', 'chal-00491', 'chal-00492', 'chal-00493', 'chal-00494', 'chal-00495']
[host-hist] 2026-08-11T16:00:18Z iter=240 still pending=['chal-00486', 'chal-00489', 'chal-00490', 'chal-00491', 'chal-00492', 'chal-00493', 'chal-00494', 'chal-00495']
[host-hist] 2026-08-11T16:03:19Z iter=252 still pending=['chal-00486', 'chal-00489', 'chal-00490', 'chal-00491', 'chal-00492', 'chal-00493', 'chal-00494', 'chal-00495']
[host-hist] 2026-08-11T16:06:20Z iter=264 still pending=['chal-00486', 'chal-00489', 'chal-00490', 'chal-00491', 'chal-00492', 'chal-00493', 'chal-00494', 'chal-00495']
[host-hist] 2026-08-11T16:09:20Z iter=276 still pending=['chal-00486', 'chal-00489', 'chal-00490', 'chal-00491', 'chal-00492', 'chal-00493', 'chal-00494', 'chal-00495']
[host-hist] 2026-08-11T16:12:21Z iter=288 still pending=['chal-00486', 'chal-00489', 'chal-00490', 'chal-00491', 'chal-00492', 'chal-00493', 'chal-00494', 'chal-00495']
[host-hist] 2026-08-11T16:15:21Z iter=300 still pending=['chal-00486', 'chal-00489', 'chal-00490', 'chal-00491', 'chal-00492', 'chal-00493', 'chal-00494', 'chal-00495']
[host-hist] 2026-08-11T16:16:39Z skip chal-00486: pod already stamped
[host-hist] 2026-08-11T16:18:24Z iter=312 still pending=['chal-00489', 'chal-00490', 'chal-00491', 'chal-00492', 'chal-00493', 'chal-00494', 'chal-00495']
[host-hist] 2026-08-11T16:21:25Z iter=324 still pending=['chal-00489', 'chal-00490', 'chal-00491', 'chal-00492', 'chal-00493', 'chal-00494', 'chal-00495']
[host-hist] 2026-08-11T16:24:25Z iter=336 still pending=['chal-00489', 'chal-00490', 'chal-00491', 'chal-00492', 'chal-00493', 'chal-00494', 'chal-00495']
[host-hist] 2026-08-11T16:27:26Z iter=348 still pending=['chal-00489', 'chal-00490', 'chal-00491', 'chal-00492', 'chal-00493', 'chal-00494', 'chal-00495']
[host-hist] 2026-08-11T16:30:28Z iter=360 still pending=['chal-00489', 'chal-00490', 'chal-00491', 'chal-00492', 'chal-00493', 'chal-00494', 'chal-00495']
[host-hist] 2026-08-11T16:33:29Z iter=372 still pending=['chal-00489', 'chal-00490', 'chal-00491', 'chal-00492', 'chal-00493', 'chal-00494', 'chal-00495']
[host-hist] 2026-08-11T16:36:30Z iter=384 still pending=['chal-00489', 'chal-00490', 'chal-00491', 'chal-00492', 'chal-00493', 'chal-00494', 'chal-00495']
[host-hist] 2026-08-11T16:39:30Z iter=396 still pending=['chal-00489', 'chal-00490', 'chal-00491', 'chal-00492', 'chal-00493', 'chal-00494', 'chal-00495']
[host-hist] 2026-08-11T16:42:31Z iter=408 still pending=['chal-00489', 'chal-00490', 'chal-00491', 'chal-00492', 'chal-00493', 'chal-00494', 'chal-00495']
[host-hist] 2026-08-11T16:45:32Z iter=420 still pending=['chal-00489', 'chal-00490', 'chal-00491', 'chal-00492', 'chal-00493', 'chal-00494', 'chal-00495']
[host-hist] 2026-08-11T16:48:32Z iter=432 still pending=['chal-00489', 'chal-00490', 'chal-00491', 'chal-00492', 'chal-00493', 'chal-00494', 'chal-00495']
[host-hist] 2026-08-11T16:51:33Z iter=444 still pending=['chal-00489', 'chal-00490', 'chal-00491', 'chal-00492', 'chal-00493', 'chal-00494', 'chal-00495']
[host-hist] 2026-08-11T16:54:33Z iter=456 still pending=['chal-00489', 'chal-00490', 'chal-00491', 'chal-00492', 'chal-00493', 'chal-00494', 'chal-00495']
[host-hist] 2026-08-11T16:57:34Z iter=468 still pending=['chal-00489', 'chal-00490', 'chal-00491', 'chal-00492', 'chal-00493', 'chal-00494', 'chal-00495']
[host-hist] 2026-08-11T17:00:35Z iter=480 still pending=['chal-00489', 'chal-00490', 'chal-00491', 'chal-00492', 'chal-00493', 'chal-00494', 'chal-00495']
[host-hist] 2026-08-11T17:03:36Z iter=492 still pending=['chal-00489', 'chal-00490', 'chal-00491', 'chal-00492', 'chal-00493', 'chal-00494', 'chal-00495']
[host-hist] 2026-08-11T17:06:36Z iter=504 still pending=['chal-00489', 'chal-00490', 'chal-00491', 'chal-00492', 'chal-00493', 'chal-00494', 'chal-00495']
[host-hist] 2026-08-11T17:09:37Z iter=516 still pending=['chal-00489', 'chal-00490', 'chal-00491', 'chal-00492', 'chal-00493', 'chal-00494', 'chal-00495']
[host-hist] 2026-08-11T17:12:38Z iter=528 still pending=['chal-00489', 'chal-00490', 'chal-00491', 'chal-00492', 'chal-00493', 'chal-00494', 'chal-00495']
[host-hist] 2026-08-11T17:15:39Z iter=540 still pending=['chal-00489', 'chal-00490', 'chal-00491', 'chal-00492', 'chal-00493', 'chal-00494', 'chal-00495']
[host-hist] 2026-08-11T17:18:12Z skip chal-00489: pod already stamped
[host-hist] 2026-08-11T17:18:42Z iter=552 still pending=['chal-00490', 'chal-00491', 'chal-00492', 'chal-00493', 'chal-00494', 'chal-00495']
[host-hist] 2026-08-11T17:21:42Z iter=564 still pending=['chal-00490', 'chal-00491', 'chal-00492', 'chal-00493', 'chal-00494', 'chal-00495']
[host-hist] 2026-08-11T17:24:43Z iter=576 still pending=['chal-00490', 'chal-00491', 'chal-00492', 'chal-00493', 'chal-00494', 'chal-00495']
[host-hist] 2026-08-11T17:27:44Z iter=588 still pending=['chal-00490', 'chal-00491', 'chal-00492', 'chal-00493', 'chal-00494', 'chal-00495']
[host-hist] 2026-08-11T17:30:44Z iter=600 still pending=['chal-00490', 'chal-00491', 'chal-00492', 'chal-00493', 'chal-00494', 'chal-00495']
[host-hist] 2026-08-11T17:33:45Z iter=612 still pending=['chal-00490', 'chal-00491', 'chal-00492', 'chal-00493', 'chal-00494', 'chal-00495']
[host-hist] 2026-08-11T17:36:47Z iter=624 still pending=['chal-00490', 'chal-00491', 'chal-00492', 'chal-00493', 'chal-00494', 'chal-00495']
[host-hist] 2026-08-11T17:39:48Z iter=636 still pending=['chal-00490', 'chal-00491', 'chal-00492', 'chal-00493', 'chal-00494', 'chal-00495']
[host-hist] 2026-08-11T17:42:50Z iter=648 still pending=['chal-00490', 'chal-00491', 'chal-00492', 'chal-00493', 'chal-00494', 'chal-00495']
[host-hist] 2026-08-11T17:45:51Z iter=660 still pending=['chal-00490', 'chal-00491', 'chal-00492', 'chal-00493', 'chal-00494', 'chal-00495']
[host-hist] 2026-08-11T17:48:52Z iter=672 still pending=['chal-00490', 'chal-00491', 'chal-00492', 'chal-00493', 'chal-00494', 'chal-00495']
[host-hist] 2026-08-11T17:51:53Z iter=684 still pending=['chal-00490', 'chal-00491', 'chal-00492', 'chal-00493', 'chal-00494', 'chal-00495']
[host-hist] 2026-08-11T17:54:54Z iter=696 still pending=['chal-00490', 'chal-00491', 'chal-00492', 'chal-00493', 'chal-00494', 'chal-00495']
[host-hist] 2026-08-11T17:57:54Z iter=708 still pending=['chal-00490', 'chal-00491', 'chal-00492', 'chal-00493', 'chal-00494', 'chal-00495']
[host-hist] 2026-08-11T18:00:55Z iter=720 still pending=['chal-00490', 'chal-00491', 'chal-00492', 'chal-00493', 'chal-00494', 'chal-00495']
[host-hist] 2026-08-11T18:03:56Z iter=732 still pending=['chal-00490', 'chal-00491', 'chal-00492', 'chal-00493', 'chal-00494', 'chal-00495']
[host-hist] 2026-08-11T18:06:57Z iter=744 still pending=['chal-00490', 'chal-00491', 'chal-00492', 'chal-00493', 'chal-00494', 'chal-00495']
[host-hist] 2026-08-11T18:08:27Z init skip chal-00467: already on pod
[host-hist] 2026-08-11T18:08:29Z init skip chal-00468: already on pod
[host-hist] 2026-08-11T18:08:30Z init skip chal-00469: already on pod
[host-hist] 2026-08-11T18:08:32Z init skip chal-00470: already on pod
[host-hist] 2026-08-11T18:08:34Z init skip chal-00471: already on pod
[host-hist] 2026-08-11T18:08:36Z init skip chal-00480: already on pod
[host-hist] 2026-08-11T18:08:38Z init skip chal-00481: already on pod
[host-hist] 2026-08-11T18:08:40Z init skip chal-00485: already on pod
[host-hist] 2026-08-11T18:08:42Z init skip chal-00486: already on pod
[host-hist] 2026-08-11T18:08:44Z init skip chal-00489: already on pod
[host-hist] 2026-08-11T18:09:11Z start pending=['chal-00490', 'chal-00491', 'chal-00492', 'chal-00493', 'chal-00494', 'chal-00495', 'chal-00497', 'chal-00498', 'chal-00499', 'chal-00501', 'chal-00502', 'chal-00504']
[host-hist] 2026-08-11T18:11:57Z iter=12 still pending=['chal-00490', 'chal-00491', 'chal-00492', 'chal-00493', 'chal-00494', 'chal-00495', 'chal-00497', 'chal-00498', 'chal-00499', 'chal-00501', 'chal-00502', 'chal-00504']
[host-hist] 2026-08-11T18:14:58Z iter=24 still pending=['chal-00490', 'chal-00491', 'chal-00492', 'chal-00493', 'chal-00494', 'chal-00495', 'chal-00497', 'chal-00498', 'chal-00499', 'chal-00501', 'chal-00502', 'chal-00504']
[host-hist] 2026-08-11T18:16:30Z skip chal-00490: pod already stamped
[host-hist] 2026-08-11T18:18:00Z iter=36 still pending=['chal-00491', 'chal-00492', 'chal-00493', 'chal-00494', 'chal-00495', 'chal-00497', 'chal-00498', 'chal-00499', 'chal-00501', 'chal-00502', 'chal-00504']
[host-hist] 2026-08-11T18:21:01Z iter=48 still pending=['chal-00491', 'chal-00492', 'chal-00493', 'chal-00494', 'chal-00495', 'chal-00497', 'chal-00498', 'chal-00499', 'chal-00501', 'chal-00502', 'chal-00504']
[host-hist] 2026-08-11T18:24:03Z iter=60 still pending=['chal-00491', 'chal-00492', 'chal-00493', 'chal-00494', 'chal-00495', 'chal-00497', 'chal-00498', 'chal-00499', 'chal-00501', 'chal-00502', 'chal-00504']
[host-hist] 2026-08-11T18:27:03Z iter=72 still pending=['chal-00491', 'chal-00492', 'chal-00493', 'chal-00494', 'chal-00495', 'chal-00497', 'chal-00498', 'chal-00499', 'chal-00501', 'chal-00502', 'chal-00504']
[host-hist] 2026-08-11T18:30:04Z iter=84 still pending=['chal-00491', 'chal-00492', 'chal-00493', 'chal-00494', 'chal-00495', 'chal-00497', 'chal-00498', 'chal-00499', 'chal-00501', 'chal-00502', 'chal-00504']
[host-hist] 2026-08-11T18:33:04Z iter=96 still pending=['chal-00491', 'chal-00492', 'chal-00493', 'chal-00494', 'chal-00495', 'chal-00497', 'chal-00498', 'chal-00499', 'chal-00501', 'chal-00502', 'chal-00504']
[host-hist] 2026-08-11T18:36:05Z iter=108 still pending=['chal-00491', 'chal-00492', 'chal-00493', 'chal-00494', 'chal-00495', 'chal-00497', 'chal-00498', 'chal-00499', 'chal-00501', 'chal-00502', 'chal-00504']
[host-hist] 2026-08-11T18:39:06Z iter=120 still pending=['chal-00491', 'chal-00492', 'chal-00493', 'chal-00494', 'chal-00495', 'chal-00497', 'chal-00498', 'chal-00499', 'chal-00501', 'chal-00502', 'chal-00504']
[host-hist] 2026-08-11T18:42:06Z iter=132 still pending=['chal-00491', 'chal-00492', 'chal-00493', 'chal-00494', 'chal-00495', 'chal-00497', 'chal-00498', 'chal-00499', 'chal-00501', 'chal-00502', 'chal-00504']
[host-hist] 2026-08-11T18:45:07Z iter=144 still pending=['chal-00491', 'chal-00492', 'chal-00493', 'chal-00494', 'chal-00495', 'chal-00497', 'chal-00498', 'chal-00499', 'chal-00501', 'chal-00502', 'chal-00504']
[host-hist] 2026-08-11T18:48:08Z iter=156 still pending=['chal-00491', 'chal-00492', 'chal-00493', 'chal-00494', 'chal-00495', 'chal-00497', 'chal-00498', 'chal-00499', 'chal-00501', 'chal-00502', 'chal-00504']
[host-hist] 2026-08-11T18:51:08Z iter=168 still pending=['chal-00491', 'chal-00492', 'chal-00493', 'chal-00494', 'chal-00495', 'chal-00497', 'chal-00498', 'chal-00499', 'chal-00501', 'chal-00502', 'chal-00504']
[host-hist] 2026-08-11T18:54:09Z iter=180 still pending=['chal-00491', 'chal-00492', 'chal-00493', 'chal-00494', 'chal-00495', 'chal-00497', 'chal-00498', 'chal-00499', 'chal-00501', 'chal-00502', 'chal-00504']
[host-hist] 2026-08-11T18:57:09Z iter=192 still pending=['chal-00491', 'chal-00492', 'chal-00493', 'chal-00494', 'chal-00495', 'chal-00497', 'chal-00498', 'chal-00499', 'chal-00501', 'chal-00502', 'chal-00504']
[host-hist] 2026-08-11T19:00:10Z iter=204 still pending=['chal-00491', 'chal-00492', 'chal-00493', 'chal-00494', 'chal-00495', 'chal-00497', 'chal-00498', 'chal-00499', 'chal-00501', 'chal-00502', 'chal-00504']
[host-hist] 2026-08-11T19:03:10Z iter=216 still pending=['chal-00491', 'chal-00492', 'chal-00493', 'chal-00494', 'chal-00495', 'chal-00497', 'chal-00498', 'chal-00499', 'chal-00501', 'chal-00502', 'chal-00504']
[host-hist] 2026-08-11T19:06:11Z iter=228 still pending=['chal-00491', 'chal-00492', 'chal-00493', 'chal-00494', 'chal-00495', 'chal-00497', 'chal-00498', 'chal-00499', 'chal-00501', 'chal-00502', 'chal-00504']
[host-hist] 2026-08-11T19:09:12Z iter=240 still pending=['chal-00491', 'chal-00492', 'chal-00493', 'chal-00494', 'chal-00495', 'chal-00497', 'chal-00498', 'chal-00499', 'chal-00501', 'chal-00502', 'chal-00504']
[host-hist] 2026-08-11T19:12:12Z iter=252 still pending=['chal-00491', 'chal-00492', 'chal-00493', 'chal-00494', 'chal-00495', 'chal-00497', 'chal-00498', 'chal-00499', 'chal-00501', 'chal-00502', 'chal-00504']
[host-hist] 2026-08-11T19:15:15Z skip chal-00491: pod already stamped
[host-hist] 2026-08-11T19:15:15Z iter=264 still pending=['chal-00492', 'chal-00493', 'chal-00494', 'chal-00495', 'chal-00497', 'chal-00498', 'chal-00499', 'chal-00501', 'chal-00502', 'chal-00504']
[host-hist] 2026-08-11T19:17:47Z skip chal-00492: pod already stamped
[host-hist] 2026-08-11T19:18:18Z iter=276 still pending=['chal-00493', 'chal-00494', 'chal-00495', 'chal-00497', 'chal-00498', 'chal-00499', 'chal-00501', 'chal-00502', 'chal-00504']
[host-hist] 2026-08-11T19:21:18Z iter=288 still pending=['chal-00493', 'chal-00494', 'chal-00495', 'chal-00497', 'chal-00498', 'chal-00499', 'chal-00501', 'chal-00502', 'chal-00504']
[host-hist] 2026-08-11T19:24:19Z iter=300 still pending=['chal-00493', 'chal-00494', 'chal-00495', 'chal-00497', 'chal-00498', 'chal-00499', 'chal-00501', 'chal-00502', 'chal-00504']
[host-hist] 2026-08-11T19:27:20Z iter=312 still pending=['chal-00493', 'chal-00494', 'chal-00495', 'chal-00497', 'chal-00498', 'chal-00499', 'chal-00501', 'chal-00502', 'chal-00504']
[host-hist] 2026-08-11T19:30:20Z iter=324 still pending=['chal-00493', 'chal-00494', 'chal-00495', 'chal-00497', 'chal-00498', 'chal-00499', 'chal-00501', 'chal-00502', 'chal-00504']
[host-hist] 2026-08-11T19:33:21Z iter=336 still pending=['chal-00493', 'chal-00494', 'chal-00495', 'chal-00497', 'chal-00498', 'chal-00499', 'chal-00501', 'chal-00502', 'chal-00504']
[host-hist] 2026-08-11T19:36:21Z iter=348 still pending=['chal-00493', 'chal-00494', 'chal-00495', 'chal-00497', 'chal-00498', 'chal-00499', 'chal-00501', 'chal-00502', 'chal-00504']
[host-hist] 2026-08-11T19:39:22Z iter=360 still pending=['chal-00493', 'chal-00494', 'chal-00495', 'chal-00497', 'chal-00498', 'chal-00499', 'chal-00501', 'chal-00502', 'chal-00504']
[host-hist] 2026-08-11T19:42:23Z iter=372 still pending=['chal-00493', 'chal-00494', 'chal-00495', 'chal-00497', 'chal-00498', 'chal-00499', 'chal-00501', 'chal-00502', 'chal-00504']
[host-hist] 2026-08-11T19:45:23Z iter=384 still pending=['chal-00493', 'chal-00494', 'chal-00495', 'chal-00497', 'chal-00498', 'chal-00499', 'chal-00501', 'chal-00502', 'chal-00504']
[host-hist] 2026-08-11T19:48:24Z iter=396 still pending=['chal-00493', 'chal-00494', 'chal-00495', 'chal-00497', 'chal-00498', 'chal-00499', 'chal-00501', 'chal-00502', 'chal-00504']
[host-hist] 2026-08-11T19:51:25Z iter=408 still pending=['chal-00493', 'chal-00494', 'chal-00495', 'chal-00497', 'chal-00498', 'chal-00499', 'chal-00501', 'chal-00502', 'chal-00504']
[host-hist] 2026-08-11T19:54:25Z iter=420 still pending=['chal-00493', 'chal-00494', 'chal-00495', 'chal-00497', 'chal-00498', 'chal-00499', 'chal-00501', 'chal-00502', 'chal-00504']
[host-hist] 2026-08-11T19:57:27Z iter=432 still pending=['chal-00493', 'chal-00494', 'chal-00495', 'chal-00497', 'chal-00498', 'chal-00499', 'chal-00501', 'chal-00502', 'chal-00504']
[host-hist] 2026-08-11T20:00:28Z iter=444 still pending=['chal-00493', 'chal-00494', 'chal-00495', 'chal-00497', 'chal-00498', 'chal-00499', 'chal-00501', 'chal-00502', 'chal-00504']
[host-hist] 2026-08-11T20:03:29Z iter=456 still pending=['chal-00493', 'chal-00494', 'chal-00495', 'chal-00497', 'chal-00498', 'chal-00499', 'chal-00501', 'chal-00502', 'chal-00504']
[host-hist] 2026-08-11T20:06:30Z iter=468 still pending=['chal-00493', 'chal-00494', 'chal-00495', 'chal-00497', 'chal-00498', 'chal-00499', 'chal-00501', 'chal-00502', 'chal-00504']
[host-hist] 2026-08-11T20:09:30Z iter=480 still pending=['chal-00493', 'chal-00494', 'chal-00495', 'chal-00497', 'chal-00498', 'chal-00499', 'chal-00501', 'chal-00502', 'chal-00504']
[host-hist] 2026-08-11T20:12:31Z iter=492 still pending=['chal-00493', 'chal-00494', 'chal-00495', 'chal-00497', 'chal-00498', 'chal-00499', 'chal-00501', 'chal-00502', 'chal-00504']
[host-hist] 2026-08-11T20:15:31Z iter=504 still pending=['chal-00493', 'chal-00494', 'chal-00495', 'chal-00497', 'chal-00498', 'chal-00499', 'chal-00501', 'chal-00502', 'chal-00504']
[host-hist] 2026-08-11T20:17:40Z PUSHED chal00493 hr=-0.09080311440441967 repo=Bittoby1040/Affine-5cxncav2du-v2
[host-hist] 2026-08-11T20:18:40Z iter=516 still pending=['chal-00494', 'chal-00495', 'chal-00497', 'chal-00498', 'chal-00499', 'chal-00501', 'chal-00502', 'chal-00504']
[host-hist] 2026-08-11T20:21:41Z iter=528 still pending=['chal-00494', 'chal-00495', 'chal-00497', 'chal-00498', 'chal-00499', 'chal-00501', 'chal-00502', 'chal-00504']
[host-hist] 2026-08-11T20:22:03Z PUSHED chal00494 hr=None repo=peakperformer1/affine-5HHGU2KmLY-mt1
[host-hist] 2026-08-11T20:24:49Z iter=540 still pending=['chal-00495', 'chal-00497', 'chal-00498', 'chal-00499', 'chal-00501', 'chal-00502', 'chal-00504']
[host-hist] 2026-08-11T20:27:50Z iter=552 still pending=['chal-00495', 'chal-00497', 'chal-00498', 'chal-00499', 'chal-00501', 'chal-00502', 'chal-00504']
[host-hist] 2026-08-11T20:30:50Z iter=564 still pending=['chal-00495', 'chal-00497', 'chal-00498', 'chal-00499', 'chal-00501', 'chal-00502', 'chal-00504']
[host-hist] 2026-08-11T20:33:51Z iter=576 still pending=['chal-00495', 'chal-00497', 'chal-00498', 'chal-00499', 'chal-00501', 'chal-00502', 'chal-00504']
[host-hist] 2026-08-11T20:36:51Z iter=588 still pending=['chal-00495', 'chal-00497', 'chal-00498', 'chal-00499', 'chal-00501', 'chal-00502', 'chal-00504']
[host-hist] 2026-08-11T20:39:52Z iter=600 still pending=['chal-00495', 'chal-00497', 'chal-00498', 'chal-00499', 'chal-00501', 'chal-00502', 'chal-00504']
[host-hist] 2026-08-11T20:42:53Z iter=612 still pending=['chal-00495', 'chal-00497', 'chal-00498', 'chal-00499', 'chal-00501', 'chal-00502', 'chal-00504']
[host-hist] 2026-08-11T20:45:53Z iter=624 still pending=['chal-00495', 'chal-00497', 'chal-00498', 'chal-00499', 'chal-00501', 'chal-00502', 'chal-00504']
[host-hist] 2026-08-11T20:48:54Z iter=636 still pending=['chal-00495', 'chal-00497', 'chal-00498', 'chal-00499', 'chal-00501', 'chal-00502', 'chal-00504']
[host-hist] 2026-08-11T20:51:54Z iter=648 still pending=['chal-00495', 'chal-00497', 'chal-00498', 'chal-00499', 'chal-00501', 'chal-00502', 'chal-00504']
[host-hist] 2026-08-11T20:54:55Z iter=660 still pending=['chal-00495', 'chal-00497', 'chal-00498', 'chal-00499', 'chal-00501', 'chal-00502', 'chal-00504']
[host-hist] 2026-08-11T20:57:55Z iter=672 still pending=['chal-00495', 'chal-00497', 'chal-00498', 'chal-00499', 'chal-00501', 'chal-00502', 'chal-00504']
[host-hist] 2026-08-11T21:00:56Z iter=684 still pending=['chal-00495', 'chal-00497', 'chal-00498', 'chal-00499', 'chal-00501', 'chal-00502', 'chal-00504']
[host-hist] 2026-08-11T21:03:57Z iter=696 still pending=['chal-00495', 'chal-00497', 'chal-00498', 'chal-00499', 'chal-00501', 'chal-00502', 'chal-00504']
[host-hist] 2026-08-11T21:06:57Z iter=708 still pending=['chal-00495', 'chal-00497', 'chal-00498', 'chal-00499', 'chal-00501', 'chal-00502', 'chal-00504']
[host-hist] 2026-08-11T21:09:58Z iter=720 still pending=['chal-00495', 'chal-00497', 'chal-00498', 'chal-00499', 'chal-00501', 'chal-00502', 'chal-00504']
[host-hist] 2026-08-11T21:12:59Z iter=732 still pending=['chal-00495', 'chal-00497', 'chal-00498', 'chal-00499', 'chal-00501', 'chal-00502', 'chal-00504']
[host-hist] 2026-08-11T21:15:59Z iter=744 still pending=['chal-00495', 'chal-00497', 'chal-00498', 'chal-00499', 'chal-00501', 'chal-00502', 'chal-00504']
[host-hist] 2026-08-11T21:19:00Z iter=756 still pending=['chal-00495', 'chal-00497', 'chal-00498', 'chal-00499', 'chal-00501', 'chal-00502', 'chal-00504']
[host-hist] 2026-08-11T21:22:00Z iter=768 still pending=['chal-00495', 'chal-00497', 'chal-00498', 'chal-00499', 'chal-00501', 'chal-00502', 'chal-00504']
[host-hist] 2026-08-11T21:22:39Z PUSHED chal00495 hr=-2.349285531777943 repo=syntaxsorcerer1/Affine-5gbhwtw4zo-sft4
[host-hist] 2026-08-11T21:25:09Z iter=780 still pending=['chal-00497', 'chal-00498', 'chal-00499', 'chal-00501', 'chal-00502', 'chal-00504']
[host-hist] 2026-08-11T21:28:10Z iter=792 still pending=['chal-00497', 'chal-00498', 'chal-00499', 'chal-00501', 'chal-00502', 'chal-00504']
[host-hist] 2026-08-11T21:31:10Z iter=804 still pending=['chal-00497', 'chal-00498', 'chal-00499', 'chal-00501', 'chal-00502', 'chal-00504']
[host-hist] 2026-08-11T21:34:11Z iter=816 still pending=['chal-00497', 'chal-00498', 'chal-00499', 'chal-00501', 'chal-00502', 'chal-00504']
[host-hist] 2026-08-11T21:37:11Z iter=828 still pending=['chal-00497', 'chal-00498', 'chal-00499', 'chal-00501', 'chal-00502', 'chal-00504']
[host-hist] 2026-08-11T21:40:12Z iter=840 still pending=['chal-00497', 'chal-00498', 'chal-00499', 'chal-00501', 'chal-00502', 'chal-00504']
[host-hist] 2026-08-11T21:43:13Z iter=852 still pending=['chal-00497', 'chal-00498', 'chal-00499', 'chal-00501', 'chal-00502', 'chal-00504']
[host-hist] 2026-08-11T21:46:13Z iter=864 still pending=['chal-00497', 'chal-00498', 'chal-00499', 'chal-00501', 'chal-00502', 'chal-00504']
[host-hist] 2026-08-11T21:49:14Z iter=876 still pending=['chal-00497', 'chal-00498', 'chal-00499', 'chal-00501', 'chal-00502', 'chal-00504']
[host-hist] 2026-08-11T21:52:14Z iter=888 still pending=['chal-00497', 'chal-00498', 'chal-00499', 'chal-00501', 'chal-00502', 'chal-00504']
[host-hist] 2026-08-11T21:55:15Z iter=900 still pending=['chal-00497', 'chal-00498', 'chal-00499', 'chal-00501', 'chal-00502', 'chal-00504']
[host-hist] 2026-08-11T21:55:37Z init skip chal-00467: already on pod
[host-hist] 2026-08-11T21:55:39Z init skip chal-00468: already on pod
[host-hist] 2026-08-11T21:55:41Z init skip chal-00469: already on pod
[host-hist] 2026-08-11T21:55:43Z init skip chal-00470: already on pod
[host-hist] 2026-08-11T21:55:44Z init skip chal-00471: already on pod
[host-hist] 2026-08-11T21:55:46Z init skip chal-00480: already on pod
[host-hist] 2026-08-11T21:55:48Z init skip chal-00481: already on pod
[host-hist] 2026-08-11T21:55:51Z init skip chal-00485: already on pod
[host-hist] 2026-08-11T21:55:52Z init skip chal-00486: already on pod
[host-hist] 2026-08-11T21:55:54Z init skip chal-00489: already on pod
[host-hist] 2026-08-11T21:55:56Z init skip chal-00490: already on pod
[host-hist] 2026-08-11T21:55:58Z init skip chal-00491: already on pod
[host-hist] 2026-08-11T21:56:00Z init skip chal-00492: already on pod
[host-hist] 2026-08-11T21:56:02Z init skip chal-00493: already on pod
[host-hist] 2026-08-11T21:56:04Z init skip chal-00494: already on pod
[host-hist] 2026-08-11T21:56:06Z init skip chal-00495: already on pod
[host-hist] 2026-08-11T21:56:22Z start pending=['chal-00497', 'chal-00498', 'chal-00499', 'chal-00501', 'chal-00502', 'chal-00504', 'chal-00508', 'chal-00511']
[host-hist] 2026-08-11T21:59:08Z iter=12 still pending=['chal-00497', 'chal-00498', 'chal-00499', 'chal-00501', 'chal-00502', 'chal-00504', 'chal-00508', 'chal-00511']
[host-hist] 2026-08-11T22:02:09Z iter=24 still pending=['chal-00497', 'chal-00498', 'chal-00499', 'chal-00501', 'chal-00502', 'chal-00504', 'chal-00508', 'chal-00511']
[host-hist] 2026-08-11T22:05:09Z iter=36 still pending=['chal-00497', 'chal-00498', 'chal-00499', 'chal-00501', 'chal-00502', 'chal-00504', 'chal-00508', 'chal-00511']
[host-hist] 2026-08-11T22:08:10Z iter=48 still pending=['chal-00497', 'chal-00498', 'chal-00499', 'chal-00501', 'chal-00502', 'chal-00504', 'chal-00508', 'chal-00511']
[host-hist] 2026-08-11T22:11:10Z iter=60 still pending=['chal-00497', 'chal-00498', 'chal-00499', 'chal-00501', 'chal-00502', 'chal-00504', 'chal-00508', 'chal-00511']
[host-hist] 2026-08-11T22:14:11Z iter=72 still pending=['chal-00497', 'chal-00498', 'chal-00499', 'chal-00501', 'chal-00502', 'chal-00504', 'chal-00508', 'chal-00511']
[host-hist] 2026-08-11T22:17:12Z iter=84 still pending=['chal-00497', 'chal-00498', 'chal-00499', 'chal-00501', 'chal-00502', 'chal-00504', 'chal-00508', 'chal-00511']
[host-hist] 2026-08-11T22:20:12Z iter=96 still pending=['chal-00497', 'chal-00498', 'chal-00499', 'chal-00501', 'chal-00502', 'chal-00504', 'chal-00508', 'chal-00511']
[host-hist] 2026-08-11T22:22:06Z PUSHED chal00497 hr=0.33524254848127594 repo=vera6/affine-5g4yy75zuz-vvv
[host-hist] 2026-08-11T22:23:21Z iter=108 still pending=['chal-00498', 'chal-00499', 'chal-00501', 'chal-00502', 'chal-00504', 'chal-00508', 'chal-00511']
[host-hist] 2026-08-11T22:26:22Z iter=120 still pending=['chal-00498', 'chal-00499', 'chal-00501', 'chal-00502', 'chal-00504', 'chal-00508', 'chal-00511']
[host-hist] 2026-08-11T22:29:22Z iter=132 still pending=['chal-00498', 'chal-00499', 'chal-00501', 'chal-00502', 'chal-00504', 'chal-00508', 'chal-00511']
[host-hist] 2026-08-11T22:32:23Z iter=144 still pending=['chal-00498', 'chal-00499', 'chal-00501', 'chal-00502', 'chal-00504', 'chal-00508', 'chal-00511']
[host-hist] 2026-08-11T22:35:23Z iter=156 still pending=['chal-00498', 'chal-00499', 'chal-00501', 'chal-00502', 'chal-00504', 'chal-00508', 'chal-00511']
[host-hist] 2026-08-11T22:38:24Z iter=168 still pending=['chal-00498', 'chal-00499', 'chal-00501', 'chal-00502', 'chal-00504', 'chal-00508', 'chal-00511']
[host-hist] 2026-08-11T22:41:24Z iter=180 still pending=['chal-00498', 'chal-00499', 'chal-00501', 'chal-00502', 'chal-00504', 'chal-00508', 'chal-00511']
[host-hist] 2026-08-11T22:44:25Z iter=192 still pending=['chal-00498', 'chal-00499', 'chal-00501', 'chal-00502', 'chal-00504', 'chal-00508', 'chal-00511']
[host-hist] 2026-08-11T22:47:26Z iter=204 still pending=['chal-00498', 'chal-00499', 'chal-00501', 'chal-00502', 'chal-00504', 'chal-00508', 'chal-00511']
[host-hist] 2026-08-11T22:50:26Z iter=216 still pending=['chal-00498', 'chal-00499', 'chal-00501', 'chal-00502', 'chal-00504', 'chal-00508', 'chal-00511']
[host-hist] 2026-08-11T22:53:27Z iter=228 still pending=['chal-00498', 'chal-00499', 'chal-00501', 'chal-00502', 'chal-00504', 'chal-00508', 'chal-00511']
[host-hist] 2026-08-11T22:56:27Z iter=240 still pending=['chal-00498', 'chal-00499', 'chal-00501', 'chal-00502', 'chal-00504', 'chal-00508', 'chal-00511']
[host-hist] 2026-08-11T22:59:28Z iter=252 still pending=['chal-00498', 'chal-00499', 'chal-00501', 'chal-00502', 'chal-00504', 'chal-00508', 'chal-00511']
[host-hist] 2026-08-11T23:02:29Z iter=264 still pending=['chal-00498', 'chal-00499', 'chal-00501', 'chal-00502', 'chal-00504', 'chal-00508', 'chal-00511']
[host-hist] 2026-08-11T23:05:29Z iter=276 still pending=['chal-00498', 'chal-00499', 'chal-00501', 'chal-00502', 'chal-00504', 'chal-00508', 'chal-00511']
[host-hist] 2026-08-11T23:08:30Z iter=288 still pending=['chal-00498', 'chal-00499', 'chal-00501', 'chal-00502', 'chal-00504', 'chal-00508', 'chal-00511']
[host-hist] 2026-08-11T23:11:30Z iter=300 still pending=['chal-00498', 'chal-00499', 'chal-00501', 'chal-00502', 'chal-00504', 'chal-00508', 'chal-00511']
[host-hist] 2026-08-11T23:14:31Z iter=312 still pending=['chal-00498', 'chal-00499', 'chal-00501', 'chal-00502', 'chal-00504', 'chal-00508', 'chal-00511']
[host-hist] 2026-08-11T23:17:31Z iter=324 still pending=['chal-00498', 'chal-00499', 'chal-00501', 'chal-00502', 'chal-00504', 'chal-00508', 'chal-00511']
[host-hist] 2026-08-11T23:20:10Z PUSHED chal00498 hr=0.48226898632398263 repo=0pentensor/Affine-5dflhtkufw-awesome-v10
[host-hist] 2026-08-11T23:20:40Z iter=336 still pending=['chal-00499', 'chal-00501', 'chal-00502', 'chal-00504', 'chal-00508', 'chal-00511']
[host-hist] 2026-08-11T23:23:40Z iter=348 still pending=['chal-00499', 'chal-00501', 'chal-00502', 'chal-00504', 'chal-00508', 'chal-00511']
[host-hist] 2026-08-11T23:26:41Z iter=360 still pending=['chal-00499', 'chal-00501', 'chal-00502', 'chal-00504', 'chal-00508', 'chal-00511']
[host-hist] 2026-08-11T23:28:41Z init skip chal-00467: already on pod
[host-hist] 2026-08-11T23:28:43Z init skip chal-00468: already on pod
[host-hist] 2026-08-11T23:28:45Z init skip chal-00469: already on pod
[host-hist] 2026-08-11T23:28:48Z init skip chal-00470: already on pod
[host-hist] 2026-08-11T23:28:50Z init skip chal-00471: already on pod
[host-hist] 2026-08-11T23:28:52Z init skip chal-00480: already on pod
[host-hist] 2026-08-11T23:28:54Z init skip chal-00481: already on pod
[host-hist] 2026-08-11T23:28:56Z init skip chal-00485: already on pod
[host-hist] 2026-08-11T23:28:58Z init skip chal-00486: already on pod
[host-hist] 2026-08-11T23:29:00Z init skip chal-00489: already on pod
[host-hist] 2026-08-11T23:29:02Z init skip chal-00490: already on pod
[host-hist] 2026-08-11T23:29:04Z init skip chal-00491: already on pod
[host-hist] 2026-08-11T23:29:06Z init skip chal-00492: already on pod
[host-hist] 2026-08-11T23:29:08Z init skip chal-00493: already on pod
[host-hist] 2026-08-11T23:29:10Z init skip chal-00494: already on pod
[host-hist] 2026-08-11T23:29:12Z init skip chal-00495: already on pod
[host-hist] 2026-08-11T23:29:14Z init skip chal-00497: already on pod
[host-hist] 2026-08-11T23:29:16Z init skip chal-00498: already on pod
[host-hist] 2026-08-11T23:29:31Z start pending=['chal-00499', 'chal-00501', 'chal-00502', 'chal-00504', 'chal-00508', 'chal-00511', 'chal-00514']
[host-hist] 2026-08-11T23:32:17Z iter=12 still pending=['chal-00499', 'chal-00501', 'chal-00502', 'chal-00504', 'chal-00508', 'chal-00511', 'chal-00514']
[host-hist] 2026-08-11T23:35:17Z iter=24 still pending=['chal-00499', 'chal-00501', 'chal-00502', 'chal-00504', 'chal-00508', 'chal-00511', 'chal-00514']
[host-hist] 2026-08-11T23:38:18Z iter=36 still pending=['chal-00499', 'chal-00501', 'chal-00502', 'chal-00504', 'chal-00508', 'chal-00511', 'chal-00514']
[host-hist] 2026-08-11T23:41:18Z iter=48 still pending=['chal-00499', 'chal-00501', 'chal-00502', 'chal-00504', 'chal-00508', 'chal-00511', 'chal-00514']
[host-hist] 2026-08-11T23:44:19Z iter=60 still pending=['chal-00499', 'chal-00501', 'chal-00502', 'chal-00504', 'chal-00508', 'chal-00511', 'chal-00514']
[host-hist] 2026-08-11T23:47:20Z iter=72 still pending=['chal-00499', 'chal-00501', 'chal-00502', 'chal-00504', 'chal-00508', 'chal-00511', 'chal-00514']
[host-hist] 2026-08-11T23:50:21Z iter=84 still pending=['chal-00499', 'chal-00501', 'chal-00502', 'chal-00504', 'chal-00508', 'chal-00511', 'chal-00514']
[host-hist] 2026-08-11T23:53:21Z iter=96 still pending=['chal-00499', 'chal-00501', 'chal-00502', 'chal-00504', 'chal-00508', 'chal-00511', 'chal-00514']
[host-hist] 2026-08-11T23:53:36Z init skip chal-00467: already on pod
[host-hist] 2026-08-11T23:53:38Z init skip chal-00468: already on pod
[host-hist] 2026-08-11T23:53:40Z init skip chal-00469: already on pod
[host-hist] 2026-08-11T23:53:42Z init skip chal-00470: already on pod
[host-hist] 2026-08-11T23:53:44Z init skip chal-00471: already on pod
[host-hist] 2026-08-11T23:53:46Z init skip chal-00480: already on pod
[host-hist] 2026-08-11T23:53:48Z init skip chal-00481: already on pod
[host-hist] 2026-08-11T23:53:50Z init skip chal-00485: already on pod
[host-hist] 2026-08-11T23:53:51Z init skip chal-00486: already on pod
[host-hist] 2026-08-11T23:53:53Z init skip chal-00489: already on pod
[host-hist] 2026-08-11T23:53:56Z init skip chal-00490: already on pod
[host-hist] 2026-08-11T23:53:57Z init skip chal-00491: already on pod
[host-hist] 2026-08-11T23:54:00Z init skip chal-00492: already on pod
[host-hist] 2026-08-11T23:54:02Z init skip chal-00493: already on pod
[host-hist] 2026-08-11T23:54:04Z init skip chal-00494: already on pod
[host-hist] 2026-08-11T23:54:06Z init skip chal-00495: already on pod
[host-hist] 2026-08-11T23:54:09Z init skip chal-00497: already on pod
[host-hist] 2026-08-11T23:54:11Z init skip chal-00498: already on pod
[host-hist] 2026-08-11T23:54:27Z start pending=['chal-00499', 'chal-00501', 'chal-00502', 'chal-00504', 'chal-00508', 'chal-00511', 'chal-00514', 'chal-00516']
[host-hist] 2026-08-11T23:57:13Z iter=12 still pending=['chal-00499', 'chal-00501', 'chal-00502', 'chal-00504', 'chal-00508', 'chal-00511', 'chal-00514', 'chal-00516']
[host-hist] 2026-08-12T00:00:14Z iter=24 still pending=['chal-00499', 'chal-00501', 'chal-00502', 'chal-00504', 'chal-00508', 'chal-00511', 'chal-00514', 'chal-00516']
[host-hist] 2026-08-12T00:03:15Z iter=36 still pending=['chal-00499', 'chal-00501', 'chal-00502', 'chal-00504', 'chal-00508', 'chal-00511', 'chal-00514', 'chal-00516']
[host-hist] 2026-08-12T00:06:16Z iter=48 still pending=['chal-00499', 'chal-00501', 'chal-00502', 'chal-00504', 'chal-00508', 'chal-00511', 'chal-00514', 'chal-00516']
[host-hist] 2026-08-12T00:09:16Z iter=60 still pending=['chal-00499', 'chal-00501', 'chal-00502', 'chal-00504', 'chal-00508', 'chal-00511', 'chal-00514', 'chal-00516']
[host-hist] 2026-08-12T00:12:17Z iter=72 still pending=['chal-00499', 'chal-00501', 'chal-00502', 'chal-00504', 'chal-00508', 'chal-00511', 'chal-00514', 'chal-00516']
[host-hist] 2026-08-12T00:15:17Z iter=84 still pending=['chal-00499', 'chal-00501', 'chal-00502', 'chal-00504', 'chal-00508', 'chal-00511', 'chal-00514', 'chal-00516']
[host-hist] 2026-08-12T00:18:18Z iter=96 still pending=['chal-00499', 'chal-00501', 'chal-00502', 'chal-00504', 'chal-00508', 'chal-00511', 'chal-00514', 'chal-00516']
[host-hist] 2026-08-12T00:19:12Z PUSHED chal00499 hr=0.3269265339012198 repo=ammazon/Affine-5dvqtektxx-sbs-v2
[host-hist] 2026-08-12T00:21:27Z iter=108 still pending=['chal-00501', 'chal-00502', 'chal-00504', 'chal-00508', 'chal-00511', 'chal-00514', 'chal-00516']
[host-hist] 2026-08-12T00:24:28Z iter=120 still pending=['chal-00501', 'chal-00502', 'chal-00504', 'chal-00508', 'chal-00511', 'chal-00514', 'chal-00516']
[host-hist] 2026-08-12T00:27:28Z iter=132 still pending=['chal-00501', 'chal-00502', 'chal-00504', 'chal-00508', 'chal-00511', 'chal-00514', 'chal-00516']
[host-hist] 2026-08-12T00:30:29Z iter=144 still pending=['chal-00501', 'chal-00502', 'chal-00504', 'chal-00508', 'chal-00511', 'chal-00514', 'chal-00516']
[host-hist] 2026-08-12T00:33:29Z iter=156 still pending=['chal-00501', 'chal-00502', 'chal-00504', 'chal-00508', 'chal-00511', 'chal-00514', 'chal-00516']
[host-hist] 2026-08-12T00:36:30Z iter=168 still pending=['chal-00501', 'chal-00502', 'chal-00504', 'chal-00508', 'chal-00511', 'chal-00514', 'chal-00516']
[host-hist] 2026-08-12T00:39:30Z iter=180 still pending=['chal-00501', 'chal-00502', 'chal-00504', 'chal-00508', 'chal-00511', 'chal-00514', 'chal-00516']
[host-hist] 2026-08-12T00:42:31Z iter=192 still pending=['chal-00501', 'chal-00502', 'chal-00504', 'chal-00508', 'chal-00511', 'chal-00514', 'chal-00516']
[host-hist] 2026-08-12T00:45:32Z iter=204 still pending=['chal-00501', 'chal-00502', 'chal-00504', 'chal-00508', 'chal-00511', 'chal-00514', 'chal-00516']
[host-hist] 2026-08-12T00:48:32Z iter=216 still pending=['chal-00501', 'chal-00502', 'chal-00504', 'chal-00508', 'chal-00511', 'chal-00514', 'chal-00516']
[host-hist] 2026-08-12T00:51:33Z iter=228 still pending=['chal-00501', 'chal-00502', 'chal-00504', 'chal-00508', 'chal-00511', 'chal-00514', 'chal-00516']
[host-hist] 2026-08-12T00:51:53Z init skip chal-00467: already on pod
[host-hist] 2026-08-12T00:51:53Z init skip chal-00467: already on pod
[host-hist] 2026-08-12T00:51:55Z init skip chal-00468: already on pod
[host-hist] 2026-08-12T00:51:55Z init skip chal-00468: already on pod
[host-hist] 2026-08-12T00:51:57Z init skip chal-00469: already on pod
[host-hist] 2026-08-12T00:51:57Z init skip chal-00469: already on pod
[host-hist] 2026-08-12T00:51:59Z init skip chal-00470: already on pod
[host-hist] 2026-08-12T00:51:59Z init skip chal-00470: already on pod
[host-hist] 2026-08-12T00:52:01Z init skip chal-00471: already on pod
[host-hist] 2026-08-12T00:52:01Z init skip chal-00471: already on pod
[host-hist] 2026-08-12T00:52:03Z init skip chal-00480: already on pod
[host-hist] 2026-08-12T00:52:03Z init skip chal-00480: already on pod
[host-hist] 2026-08-12T00:52:05Z init skip chal-00481: already on pod
[host-hist] 2026-08-12T00:52:05Z init skip chal-00481: already on pod
[host-hist] 2026-08-12T00:52:07Z init skip chal-00485: already on pod
[host-hist] 2026-08-12T00:52:07Z init skip chal-00485: already on pod
[host-hist] 2026-08-12T00:52:09Z init skip chal-00486: already on pod
[host-hist] 2026-08-12T00:52:09Z init skip chal-00486: already on pod
[host-hist] 2026-08-12T00:52:11Z init skip chal-00489: already on pod
[host-hist] 2026-08-12T00:52:11Z init skip chal-00489: already on pod
[host-hist] 2026-08-12T00:52:13Z init skip chal-00490: already on pod
[host-hist] 2026-08-12T00:52:13Z init skip chal-00490: already on pod
[host-hist] 2026-08-12T00:52:14Z init skip chal-00491: already on pod
[host-hist] 2026-08-12T00:52:14Z init skip chal-00491: already on pod
[host-hist] 2026-08-12T00:52:16Z init skip chal-00492: already on pod
[host-hist] 2026-08-12T00:52:16Z init skip chal-00492: already on pod
[host-hist] 2026-08-12T00:52:18Z init skip chal-00493: already on pod
[host-hist] 2026-08-12T00:52:18Z init skip chal-00493: already on pod
[host-hist] 2026-08-12T00:52:20Z init skip chal-00494: already on pod
[host-hist] 2026-08-12T00:52:20Z init skip chal-00494: already on pod
[host-hist] 2026-08-12T00:52:22Z init skip chal-00495: already on pod
[host-hist] 2026-08-12T00:52:22Z init skip chal-00495: already on pod
[host-hist] 2026-08-12T00:52:24Z init skip chal-00497: already on pod
[host-hist] 2026-08-12T00:52:24Z init skip chal-00497: already on pod
[host-hist] 2026-08-12T00:52:26Z init skip chal-00498: already on pod
[host-hist] 2026-08-12T00:52:26Z init skip chal-00498: already on pod
[host-hist] 2026-08-12T00:52:28Z init skip chal-00499: already on pod
[host-hist] 2026-08-12T00:52:28Z init skip chal-00499: already on pod
[host-hist] 2026-08-12T00:52:44Z start pending=['chal-00501', 'chal-00502', 'chal-00504', 'chal-00508', 'chal-00511', 'chal-00514', 'chal-00516', 'chal-00517']
[host-hist] 2026-08-12T00:52:44Z start pending=['chal-00501', 'chal-00502', 'chal-00504', 'chal-00508', 'chal-00511', 'chal-00514', 'chal-00516', 'chal-00517']
[host-hist] 2026-08-12T00:55:29Z iter=12 still pending=['chal-00501', 'chal-00502', 'chal-00504', 'chal-00508', 'chal-00511', 'chal-00514', 'chal-00516', 'chal-00517']
[host-hist] 2026-08-12T00:55:29Z iter=12 still pending=['chal-00501', 'chal-00502', 'chal-00504', 'chal-00508', 'chal-00511', 'chal-00514', 'chal-00516', 'chal-00517']
[host-hist] 2026-08-12T00:58:30Z iter=24 still pending=['chal-00501', 'chal-00502', 'chal-00504', 'chal-00508', 'chal-00511', 'chal-00514', 'chal-00516', 'chal-00517']
[host-hist] 2026-08-12T00:58:30Z iter=24 still pending=['chal-00501', 'chal-00502', 'chal-00504', 'chal-00508', 'chal-00511', 'chal-00514', 'chal-00516', 'chal-00517']
[host-hist] 2026-08-12T01:01:30Z iter=36 still pending=['chal-00501', 'chal-00502', 'chal-00504', 'chal-00508', 'chal-00511', 'chal-00514', 'chal-00516', 'chal-00517']
[host-hist] 2026-08-12T01:01:30Z iter=36 still pending=['chal-00501', 'chal-00502', 'chal-00504', 'chal-00508', 'chal-00511', 'chal-00514', 'chal-00516', 'chal-00517']
[host-hist] 2026-08-12T01:04:31Z iter=48 still pending=['chal-00501', 'chal-00502', 'chal-00504', 'chal-00508', 'chal-00511', 'chal-00514', 'chal-00516', 'chal-00517']
[host-hist] 2026-08-12T01:04:31Z iter=48 still pending=['chal-00501', 'chal-00502', 'chal-00504', 'chal-00508', 'chal-00511', 'chal-00514', 'chal-00516', 'chal-00517']
[host-hist] 2026-08-12T01:07:32Z iter=60 still pending=['chal-00501', 'chal-00502', 'chal-00504', 'chal-00508', 'chal-00511', 'chal-00514', 'chal-00516', 'chal-00517']
[host-hist] 2026-08-12T01:07:32Z iter=60 still pending=['chal-00501', 'chal-00502', 'chal-00504', 'chal-00508', 'chal-00511', 'chal-00514', 'chal-00516', 'chal-00517']
[host-hist] 2026-08-12T01:10:32Z iter=72 still pending=['chal-00501', 'chal-00502', 'chal-00504', 'chal-00508', 'chal-00511', 'chal-00514', 'chal-00516', 'chal-00517']
[host-hist] 2026-08-12T01:10:32Z iter=72 still pending=['chal-00501', 'chal-00502', 'chal-00504', 'chal-00508', 'chal-00511', 'chal-00514', 'chal-00516', 'chal-00517']
[host-hist] 2026-08-12T01:13:33Z iter=84 still pending=['chal-00501', 'chal-00502', 'chal-00504', 'chal-00508', 'chal-00511', 'chal-00514', 'chal-00516', 'chal-00517']
[host-hist] 2026-08-12T01:13:33Z iter=84 still pending=['chal-00501', 'chal-00502', 'chal-00504', 'chal-00508', 'chal-00511', 'chal-00514', 'chal-00516', 'chal-00517']
[host-hist] 2026-08-12T01:16:33Z iter=96 still pending=['chal-00501', 'chal-00502', 'chal-00504', 'chal-00508', 'chal-00511', 'chal-00514', 'chal-00516', 'chal-00517']
[host-hist] 2026-08-12T01:16:33Z iter=96 still pending=['chal-00501', 'chal-00502', 'chal-00504', 'chal-00508', 'chal-00511', 'chal-00514', 'chal-00516', 'chal-00517']
[host-hist] 2026-08-12T01:19:34Z iter=108 still pending=['chal-00501', 'chal-00502', 'chal-00504', 'chal-00508', 'chal-00511', 'chal-00514', 'chal-00516', 'chal-00517']
[host-hist] 2026-08-12T01:19:34Z iter=108 still pending=['chal-00501', 'chal-00502', 'chal-00504', 'chal-00508', 'chal-00511', 'chal-00514', 'chal-00516', 'chal-00517']
[host-hist] 2026-08-12T01:22:34Z iter=120 still pending=['chal-00501', 'chal-00502', 'chal-00504', 'chal-00508', 'chal-00511', 'chal-00514', 'chal-00516', 'chal-00517']
[host-hist] 2026-08-12T01:22:34Z iter=120 still pending=['chal-00501', 'chal-00502', 'chal-00504', 'chal-00508', 'chal-00511', 'chal-00514', 'chal-00516', 'chal-00517']
[host-hist] 2026-08-12T01:25:22Z init skip chal-00467: already on pod
[host-hist] 2026-08-12T01:25:25Z init skip chal-00468: already on pod
[host-hist] 2026-08-12T01:25:27Z init skip chal-00469: already on pod
[host-hist] 2026-08-12T01:25:29Z init skip chal-00470: already on pod
[host-hist] 2026-08-12T01:25:32Z init skip chal-00471: already on pod
[host-hist] 2026-08-12T01:25:33Z init skip chal-00480: already on pod
[host-hist] 2026-08-12T01:25:36Z init skip chal-00481: already on pod
[host-hist] 2026-08-12T01:25:38Z init skip chal-00485: already on pod
[host-hist] 2026-08-12T01:25:40Z init skip chal-00486: already on pod
[host-hist] 2026-08-12T01:25:43Z init skip chal-00489: already on pod
[host-hist] 2026-08-12T01:25:44Z init skip chal-00490: already on pod
[host-hist] 2026-08-12T01:25:46Z init skip chal-00491: already on pod
[host-hist] 2026-08-12T01:25:48Z init skip chal-00492: already on pod
[host-hist] 2026-08-12T01:25:50Z init skip chal-00493: already on pod
[host-hist] 2026-08-12T01:25:53Z init skip chal-00494: already on pod
[host-hist] 2026-08-12T01:25:54Z init skip chal-00495: already on pod
[host-hist] 2026-08-12T01:25:56Z init skip chal-00497: already on pod
[host-hist] 2026-08-12T01:25:58Z init skip chal-00498: already on pod
[host-hist] 2026-08-12T01:26:00Z init skip chal-00499: already on pod
[host-hist] 2026-08-12T01:26:16Z start pending=['chal-00501', 'chal-00502', 'chal-00504', 'chal-00508', 'chal-00511', 'chal-00514', 'chal-00516', 'chal-00517']
[host-hist] 2026-08-12T01:26:25Z PUSHED chal00501 hr=0.7117685254819887 repo=tolegend/Affine-5fqbxvz29b-ckp333
[host-hist] 2026-08-12T01:29:10Z iter=12 still pending=['chal-00502', 'chal-00504', 'chal-00508', 'chal-00511', 'chal-00514', 'chal-00516', 'chal-00517']
[host-hist] 2026-08-12T01:32:11Z iter=24 still pending=['chal-00502', 'chal-00504', 'chal-00508', 'chal-00511', 'chal-00514', 'chal-00516', 'chal-00517']
[host-hist] 2026-08-12T01:35:12Z iter=36 still pending=['chal-00502', 'chal-00504', 'chal-00508', 'chal-00511', 'chal-00514', 'chal-00516', 'chal-00517']
[host-hist] 2026-08-12T01:38:12Z iter=48 still pending=['chal-00502', 'chal-00504', 'chal-00508', 'chal-00511', 'chal-00514', 'chal-00516', 'chal-00517']
[host-hist] 2026-08-12T01:41:13Z iter=60 still pending=['chal-00502', 'chal-00504', 'chal-00508', 'chal-00511', 'chal-00514', 'chal-00516', 'chal-00517']
[host-hist] 2026-08-12T01:44:13Z iter=72 still pending=['chal-00502', 'chal-00504', 'chal-00508', 'chal-00511', 'chal-00514', 'chal-00516', 'chal-00517']
[host-hist] 2026-08-12T01:47:14Z iter=84 still pending=['chal-00502', 'chal-00504', 'chal-00508', 'chal-00511', 'chal-00514', 'chal-00516', 'chal-00517']
[host-hist] 2026-08-12T01:47:58Z init skip chal-00467: already on pod
[host-hist] 2026-08-12T01:47:59Z init skip chal-00468: already on pod
[host-hist] 2026-08-12T01:48:02Z init skip chal-00469: already on pod
[host-hist] 2026-08-12T01:48:03Z init skip chal-00470: already on pod
[host-hist] 2026-08-12T01:48:05Z init skip chal-00471: already on pod
[host-hist] 2026-08-12T01:48:08Z init skip chal-00480: already on pod
[host-hist] 2026-08-12T01:48:10Z init skip chal-00481: already on pod
[host-hist] 2026-08-12T01:48:12Z init skip chal-00485: already on pod
[host-hist] 2026-08-12T01:48:13Z init skip chal-00486: already on pod
[host-hist] 2026-08-12T01:48:15Z init skip chal-00489: already on pod
[host-hist] 2026-08-12T01:48:18Z init skip chal-00490: already on pod
[host-hist] 2026-08-12T01:48:20Z init skip chal-00491: already on pod
[host-hist] 2026-08-12T01:48:21Z init skip chal-00492: already on pod
[host-hist] 2026-08-12T01:48:23Z init skip chal-00493: already on pod
[host-hist] 2026-08-12T01:48:25Z init skip chal-00494: already on pod
[host-hist] 2026-08-12T01:48:27Z init skip chal-00495: already on pod
[host-hist] 2026-08-12T01:48:29Z init skip chal-00497: already on pod
[host-hist] 2026-08-12T01:48:31Z init skip chal-00498: already on pod
[host-hist] 2026-08-12T01:48:33Z init skip chal-00499: already on pod
[host-hist] 2026-08-12T01:48:35Z init skip chal-00501: already on pod
[host-hist] 2026-08-12T01:48:52Z start pending=['chal-00502', 'chal-00504', 'chal-00508', 'chal-00511', 'chal-00514', 'chal-00516', 'chal-00517', 'chal-00520']
[host-hist] 2026-08-12T01:51:37Z iter=12 still pending=['chal-00502', 'chal-00504', 'chal-00508', 'chal-00511', 'chal-00514', 'chal-00516', 'chal-00517', 'chal-00520']
[host-hist] 2026-08-12T01:54:38Z iter=24 still pending=['chal-00502', 'chal-00504', 'chal-00508', 'chal-00511', 'chal-00514', 'chal-00516', 'chal-00517', 'chal-00520']
[host-hist] 2026-08-12T01:57:38Z iter=36 still pending=['chal-00502', 'chal-00504', 'chal-00508', 'chal-00511', 'chal-00514', 'chal-00516', 'chal-00517', 'chal-00520']
[host-hist] 2026-08-12T02:00:40Z iter=48 still pending=['chal-00502', 'chal-00504', 'chal-00508', 'chal-00511', 'chal-00514', 'chal-00516', 'chal-00517', 'chal-00520']
[host-hist] 2026-08-12T02:03:40Z iter=60 still pending=['chal-00502', 'chal-00504', 'chal-00508', 'chal-00511', 'chal-00514', 'chal-00516', 'chal-00517', 'chal-00520']
[host-hist] 2026-08-12T02:06:41Z iter=72 still pending=['chal-00502', 'chal-00504', 'chal-00508', 'chal-00511', 'chal-00514', 'chal-00516', 'chal-00517', 'chal-00520']
[host-hist] 2026-08-12T02:09:41Z iter=84 still pending=['chal-00502', 'chal-00504', 'chal-00508', 'chal-00511', 'chal-00514', 'chal-00516', 'chal-00517', 'chal-00520']
[host-hist] 2026-08-12T02:12:42Z iter=96 still pending=['chal-00502', 'chal-00504', 'chal-00508', 'chal-00511', 'chal-00514', 'chal-00516', 'chal-00517', 'chal-00520']
[host-hist] 2026-08-12T02:15:42Z iter=108 still pending=['chal-00502', 'chal-00504', 'chal-00508', 'chal-00511', 'chal-00514', 'chal-00516', 'chal-00517', 'chal-00520']
[host-hist] 2026-08-12T02:18:43Z iter=120 still pending=['chal-00502', 'chal-00504', 'chal-00508', 'chal-00511', 'chal-00514', 'chal-00516', 'chal-00517', 'chal-00520']
[host-hist] 2026-08-12T02:21:06Z PUSHED chal00502 hr=-1.5828163331784044 repo=arbosfan/Affine-5eqdtdzqle-ec08cldg
[host-hist] 2026-08-12T02:21:51Z iter=132 still pending=['chal-00504', 'chal-00508', 'chal-00511', 'chal-00514', 'chal-00516', 'chal-00517', 'chal-00520']
[host-hist] 2026-08-12T02:23:30Z PUSHED chal00504 hr=None repo=nerojimmy/Affine-5fqbxvz29b-ckp55
[host-hist] 2026-08-12T02:25:00Z iter=144 still pending=['chal-00508', 'chal-00511', 'chal-00514', 'chal-00516', 'chal-00517', 'chal-00520']
[host-hist] 2026-08-12T02:28:01Z iter=156 still pending=['chal-00508', 'chal-00511', 'chal-00514', 'chal-00516', 'chal-00517', 'chal-00520']
[host-hist] 2026-08-12T02:31:01Z iter=168 still pending=['chal-00508', 'chal-00511', 'chal-00514', 'chal-00516', 'chal-00517', 'chal-00520']
[host-hist] 2026-08-12T02:34:02Z iter=180 still pending=['chal-00508', 'chal-00511', 'chal-00514', 'chal-00516', 'chal-00517', 'chal-00520']
[host-hist] 2026-08-12T02:37:02Z iter=192 still pending=['chal-00508', 'chal-00511', 'chal-00514', 'chal-00516', 'chal-00517', 'chal-00520']
[host-hist] 2026-08-12T02:40:03Z iter=204 still pending=['chal-00508', 'chal-00511', 'chal-00514', 'chal-00516', 'chal-00517', 'chal-00520']
[host-hist] 2026-08-12T02:43:04Z iter=216 still pending=['chal-00508', 'chal-00511', 'chal-00514', 'chal-00516', 'chal-00517', 'chal-00520']
[host-hist] 2026-08-12T02:46:04Z iter=228 still pending=['chal-00508', 'chal-00511', 'chal-00514', 'chal-00516', 'chal-00517', 'chal-00520']
[host-hist] 2026-08-12T02:49:05Z iter=240 still pending=['chal-00508', 'chal-00511', 'chal-00514', 'chal-00516', 'chal-00517', 'chal-00520']
[host-hist] 2026-08-12T02:52:05Z iter=252 still pending=['chal-00508', 'chal-00511', 'chal-00514', 'chal-00516', 'chal-00517', 'chal-00520']
[host-hist] 2026-08-12T02:55:06Z iter=264 still pending=['chal-00508', 'chal-00511', 'chal-00514', 'chal-00516', 'chal-00517', 'chal-00520']
[host-hist] 2026-08-12T02:55:34Z init skip chal-00467: already on pod
[host-hist] 2026-08-12T02:55:37Z init skip chal-00468: already on pod
[host-hist] 2026-08-12T02:55:39Z init skip chal-00469: already on pod
[host-hist] 2026-08-12T02:55:41Z init skip chal-00470: already on pod
[host-hist] 2026-08-12T02:55:43Z init skip chal-00471: already on pod
[host-hist] 2026-08-12T02:55:45Z init skip chal-00480: already on pod
[host-hist] 2026-08-12T02:55:48Z init skip chal-00481: already on pod
[host-hist] 2026-08-12T02:55:50Z init skip chal-00485: already on pod
[host-hist] 2026-08-12T02:55:52Z init skip chal-00486: already on pod
[host-hist] 2026-08-12T02:55:55Z init skip chal-00489: already on pod
[host-hist] 2026-08-12T02:55:57Z init skip chal-00490: already on pod
[host-hist] 2026-08-12T02:56:00Z init skip chal-00491: already on pod
[host-hist] 2026-08-12T02:56:02Z init skip chal-00492: already on pod
[host-hist] 2026-08-12T02:56:04Z init skip chal-00493: already on pod
[host-hist] 2026-08-12T02:56:06Z init skip chal-00494: already on pod
[host-hist] 2026-08-12T02:56:09Z init skip chal-00495: already on pod
[host-hist] 2026-08-12T02:56:12Z init skip chal-00497: already on pod
[host-hist] 2026-08-12T02:56:14Z init skip chal-00498: already on pod
[host-hist] 2026-08-12T02:56:16Z init skip chal-00499: already on pod
[host-hist] 2026-08-12T02:56:18Z init skip chal-00501: already on pod
[host-hist] 2026-08-12T02:56:20Z init skip chal-00502: already on pod
[host-hist] 2026-08-12T02:56:22Z init skip chal-00504: already on pod
[host-hist] 2026-08-12T02:56:39Z start pending=['chal-00508', 'chal-00511', 'chal-00514', 'chal-00516', 'chal-00517', 'chal-00520', 'chal-00521']
[host-hist] 2026-08-12T02:59:24Z iter=12 still pending=['chal-00508', 'chal-00511', 'chal-00514', 'chal-00516', 'chal-00517', 'chal-00520', 'chal-00521']
[host-hist] 2026-08-12T03:02:25Z iter=24 still pending=['chal-00508', 'chal-00511', 'chal-00514', 'chal-00516', 'chal-00517', 'chal-00520', 'chal-00521']
[host-hist] 2026-08-12T03:05:25Z iter=36 still pending=['chal-00508', 'chal-00511', 'chal-00514', 'chal-00516', 'chal-00517', 'chal-00520', 'chal-00521']
[host-hist] 2026-08-12T03:08:26Z iter=48 still pending=['chal-00508', 'chal-00511', 'chal-00514', 'chal-00516', 'chal-00517', 'chal-00520', 'chal-00521']
[host-hist] 2026-08-12T03:11:26Z iter=60 still pending=['chal-00508', 'chal-00511', 'chal-00514', 'chal-00516', 'chal-00517', 'chal-00520', 'chal-00521']
[host-hist] 2026-08-12T03:14:27Z iter=72 still pending=['chal-00508', 'chal-00511', 'chal-00514', 'chal-00516', 'chal-00517', 'chal-00520', 'chal-00521']
[host-hist] 2026-08-12T03:17:28Z iter=84 still pending=['chal-00508', 'chal-00511', 'chal-00514', 'chal-00516', 'chal-00517', 'chal-00520', 'chal-00521']
[host-hist] 2026-08-12T03:20:28Z iter=96 still pending=['chal-00508', 'chal-00511', 'chal-00514', 'chal-00516', 'chal-00517', 'chal-00520', 'chal-00521']
[host-hist] 2026-08-12T03:23:06Z PUSHED chal00508 hr=-0.06604771628821023 repo=Shatoria/Affine-5ghntktyzq-hope12
[host-hist] 2026-08-12T03:23:36Z iter=108 still pending=['chal-00511', 'chal-00514', 'chal-00516', 'chal-00517', 'chal-00520', 'chal-00521']
[host-hist] 2026-08-12T03:26:37Z iter=120 still pending=['chal-00511', 'chal-00514', 'chal-00516', 'chal-00517', 'chal-00520', 'chal-00521']
[host-hist] 2026-08-12T03:29:38Z iter=132 still pending=['chal-00511', 'chal-00514', 'chal-00516', 'chal-00517', 'chal-00520', 'chal-00521']
[host-hist] 2026-08-12T03:32:38Z iter=144 still pending=['chal-00511', 'chal-00514', 'chal-00516', 'chal-00517', 'chal-00520', 'chal-00521']
[host-hist] 2026-08-12T03:35:39Z iter=156 still pending=['chal-00511', 'chal-00514', 'chal-00516', 'chal-00517', 'chal-00520', 'chal-00521']
