-rw-rw-r-- 1 const const 370K Aug  8 13:30 /tmp/mine-h82-stack.tar.gz
HF_OK unconst/Affine-5czsc2fc98-h82-lora
HF_OK unconst/Affine-5czsc2fc98-h82-merged
STACK_UPLOAD_OK
PREEMPT_PID=926
PIPELINE_PID=923
[bootstrap-h82] 2026-08-08T13:30:16Z start host=3643dc331d76
GPU 0: NVIDIA H200 (UUID: GPU-a8c0dc91-7eaa-e089-8900-1512cbf513a7)
GPU 1: NVIDIA H200 (UUID: GPU-f4a5c56f-0e5f-574d-df87-2acced6c86ac)
GPU 2: NVIDIA H200 (UUID: GPU-9a8adc8b-1a3c-4279-4f8c-d2214e7bfe52)
GPU 3: NVIDIA H200 (UUID: GPU-1e30dc4d-e04c-797e-20bc-57757f4fec90)
GPU 4: NVIDIA H200 (UUID: GPU-78ed4de1-d635-cd2d-bc26-791901fed786)
GPU 5: NVIDIA H200 (UUID: GPU-283cb389-7cff-84fd-ea09-afc1415b0593)
GPU 6: NVIDIA H200 (UUID: GPU-91272d85-4ced-010b-a415-7222d2d64269)
GPU 7: NVIDIA H200 (UUID: GPU-3d444d65-cc97-1358-7869-9a15ebd34fd2)
[bootstrap-h82] GPU_COUNT=8
downloading uv 0.12.3 x86_64-unknown-linux-gnu
installing to /root/.local/bin
  uv
  uvx
everything's installed!
Using CPython 3.12.3 interpreter at: /usr/bin/python3.12
Creating virtual environment at: venv
Activate with: source venv/bin/activate
    PID     ELAPSED CMD
    923 441077188-02:54:56 bash /root/mining_src/s4-h82-tok-winner-za-r23/bootstrap_h82.sh
UPLOAD_AND_LAUNCH_OK 2026-08-08T13:30:19Z
