-rw-rw-r-- 1 const const 370K Aug  8 15:32 /tmp/mine-h88-stack.tar.gz
HF_OK unconst/Affine-5czsc2fc98-h88-lora
HF_OK unconst/Affine-5czsc2fc98-h88-merged
STACK_UPLOAD_OK
PREEMPT_PID=921
PIPELINE_PID=918
[bootstrap-h88] 2026-08-08T15:32:32Z start host=d95178d5e182
GPU 0: NVIDIA H200 (UUID: GPU-64c95688-9a44-762e-3f68-1e725e7cb1ac)
GPU 1: NVIDIA H200 (UUID: GPU-63917811-34dd-c5d9-2363-f6985001070d)
GPU 2: NVIDIA H200 (UUID: GPU-93335794-f0e9-65df-e999-2cfe4a5b8fc2)
GPU 3: NVIDIA H200 (UUID: GPU-91d31d9e-fcb3-b9b7-7506-72d8a9235c53)
GPU 4: NVIDIA H200 (UUID: GPU-0605ff7e-76ea-393e-2e62-10e40459f48a)
GPU 5: NVIDIA H200 (UUID: GPU-5e0214d2-9168-f0cc-4409-8b0843470798)
GPU 6: NVIDIA H200 (UUID: GPU-0ec338f1-951b-7cc9-aa36-123f8580d862)
GPU 7: NVIDIA H200 (UUID: GPU-fc091e2c-7280-a5ca-3e96-4b1464ed4ed4)
[bootstrap-h88] GPU_COUNT=8
downloading uv 0.12.3 x86_64-unknown-linux-gnu
installing to /root/.local/bin
  uv
  uvx
everything's installed!
Using CPython 3.12.3 interpreter at: /usr/bin/python3.12
Creating virtual environment at: venv
Activate with: source venv/bin/activate
    PID     ELAPSED CMD
    918 441077187-00:21:20 bash /root/mining_src/s4-h88-tok-winner-za-r30/bootstrap_h88.sh
UPLOAD_AND_LAUNCH_OK 2026-08-08T15:32:35Z
