[r3-wedge] 2026-08-11T18:51:25Z start poll=60s stale=600s max_iters=720 pass=2071 host=204.9.206.245:40051
[r3-wedge] 2026-08-11T18:51:26Z iter=1 {"alive": true, "pid": 26401, "age_s": 78, "estab": 0, "close_wait": 1, "train_done": false, "last": "[r3-log] {\"step\": 15, \"mean_r\": -0.06384888640654221, \"rewards\": [-0.15530680576720265, -0.1388057593391052, 0.15765571205891396, -0.11893869257877496], \"loss\": 0.0947265625, \"z0\": \"The search didn't show the BinaryInsta"}
[r3-wedge] 2026-08-11T18:52:27Z iter=2 {"alive": true, "pid": 26401, "age_s": 139, "estab": 0, "close_wait": 1, "train_done": false, "last": "[r3-log] {\"step\": 15, \"mean_r\": -0.06384888640654221, \"rewards\": [-0.15530680576720265, -0.1388057593391052, 0.15765571205891396, -0.11893869257877496], \"loss\": 0.0947265625, \"z0\": \"The search didn't show the BinaryInsta"}
[r3-wedge] 2026-08-11T18:53:28Z iter=3 {"alive": true, "pid": 26401, "age_s": 200, "estab": 1, "close_wait": 1, "train_done": false, "last": "[r3-log] {\"step\": 15, \"mean_r\": -0.06384888640654221, \"rewards\": [-0.15530680576720265, -0.1388057593391052, 0.15765571205891396, -0.11893869257877496], \"loss\": 0.0947265625, \"z0\": \"The search didn't show the BinaryInsta"}
[r3-wedge] 2026-08-11T18:54:29Z iter=4 {"alive": true, "pid": 26401, "age_s": 33, "estab": 0, "close_wait": 1, "train_done": false, "last": "[r3-log] {\"step\": 20, \"mean_r\": 0.04352445877501419, \"rewards\": [0.044927617454871976, 0.042713672859821195, 0.042972120969350415, 0.04348442381601317], \"loss\": -0.00043582916259765625, \"z0\": \"Great! I found the PHP lexe"}
[r3-wedge] 2026-08-11T18:55:30Z iter=5 {"alive": true, "pid": 26401, "age_s": 94, "estab": 0, "close_wait": 1, "train_done": false, "last": "[r3-log] {\"step\": 20, \"mean_r\": 0.04352445877501419, \"rewards\": [0.044927617454871976, 0.042713672859821195, 0.042972120969350415, 0.04348442381601317], \"loss\": -0.00043582916259765625, \"z0\": \"Great! I found the PHP lexe"}
[r3-wedge] 2026-08-11T18:56:31Z iter=6 {"alive": true, "pid": 28660, "age_s": 49, "estab": 0, "close_wait": 0, "train_done": false, "last": ""}
[r3-wedge] 2026-08-11T18:57:32Z iter=7 {"alive": true, "pid": 28660, "age_s": 1, "estab": 0, "close_wait": 0, "train_done": false, "last": ""}
[r3-wedge] 2026-08-11T18:58:33Z iter=8 {"alive": true, "pid": 28660, "age_s": 2, "estab": 0, "close_wait": 0, "train_done": false, "last": ""}
[r3-wedge] 2026-08-11T18:59:34Z iter=9 {"alive": true, "pid": 28660, "age_s": 2, "estab": 0, "close_wait": 0, "train_done": false, "last": "[r3-hb] {\"utc\": \"2026-08-11T18:59:32Z\", \"step\": 0, \"phase\": \"sample\", \"g\": 3}"}
[r3-wedge] 2026-08-11T19:00:36Z iter=10 {"alive": true, "pid": 28660, "age_s": 13, "estab": 0, "close_wait": 0, "train_done": false, "last": "[r3-hb] {\"utc\": \"2026-08-11T19:00:22Z\", \"step\": 1, \"phase\": \"sample\", \"g\": 2}"}
[r3-wedge] 2026-08-11T19:01:37Z iter=11 {"alive": true, "pid": 28660, "age_s": 6, "estab": 0, "close_wait": 0, "train_done": false, "last": "[r3-hb] {\"utc\": \"2026-08-11T19:01:31Z\", \"step\": 2, \"phase\": \"sample\", \"g\": 2}"}
[r3-wedge] 2026-08-11T19:02:38Z iter=12 {"alive": true, "pid": 28660, "age_s": 6, "estab": 0, "close_wait": 0, "train_done": false, "last": "[r3-hb] {\"utc\": \"2026-08-11T19:02:31Z\", \"step\": 3, \"phase\": \"sample\", \"g\": 3}"}
[r3-wedge] 2026-08-11T19:03:39Z iter=13 {"alive": true, "pid": 28660, "age_s": 10, "estab": 0, "close_wait": 0, "train_done": false, "last": "[r3-hb] {\"utc\": \"2026-08-11T19:03:28Z\", \"step\": 4, \"phase\": \"sample\", \"g\": 3}"}
[r3-wedge] 2026-08-11T19:04:40Z iter=14 {"alive": true, "pid": 28660, "age_s": 2, "estab": 0, "close_wait": 0, "train_done": false, "last": "[r3-hb] {\"utc\": \"2026-08-11T19:04:37Z\", \"step\": 5, \"phase\": \"score\", \"g\": 3}"}
[r3-wedge] 2026-08-11T19:05:41Z iter=15 {"alive": true, "pid": 28660, "age_s": 24, "estab": 0, "close_wait": 0, "train_done": false, "last": "[r3-hb] {\"utc\": \"2026-08-11T19:05:17Z\", \"step\": 6, \"phase\": \"sample\", \"g\": 2}"}
[r3-wedge] 2026-08-11T19:06:42Z iter=16 {"alive": true, "pid": 28660, "age_s": 5, "estab": 0, "close_wait": 0, "train_done": false, "last": "[r3-hb] {\"utc\": \"2026-08-11T19:06:36Z\", \"step\": 6, \"phase\": \"score\", \"g\": 3}"}
[r3-wedge] 2026-08-11T19:07:43Z iter=17 {"alive": true, "pid": 28660, "age_s": 10, "estab": 0, "close_wait": 0, "train_done": false, "last": "[r3-hb] {\"utc\": \"2026-08-11T19:07:33Z\", \"step\": 7, \"phase\": \"sample\", \"g\": 3}"}
[r3-wedge] 2026-08-11T19:08:44Z iter=18 {"alive": true, "pid": 28660, "age_s": 17, "estab": 0, "close_wait": 0, "train_done": false, "last": "[r3-hb] {\"utc\": \"2026-08-11T19:08:26Z\", \"step\": 8, \"phase\": \"sample\", \"g\": 2}"}
[r3-wedge] 2026-08-11T19:09:45Z iter=19 {"alive": true, "pid": 28660, "age_s": 10, "estab": 0, "close_wait": 0, "train_done": false, "last": "[r3-hb] {\"utc\": \"2026-08-11T19:09:35Z\", \"step\": 9, \"phase\": \"sample\", \"g\": 2}"}
[r3-wedge] 2026-08-11T19:10:46Z iter=20 {"alive": true, "pid": 28660, "age_s": 0, "estab": 0, "close_wait": 0, "train_done": false, "last": "[r3-hb] {\"utc\": \"2026-08-11T19:10:46Z\", \"step\": 10, \"phase\": \"sample\", \"g\": 3}"}
[r3-wedge] 2026-08-11T19:11:47Z iter=21 {"alive": true, "pid": 28660, "age_s": 2, "estab": 0, "close_wait": 0, "train_done": false, "last": "[r3-hb] {\"utc\": \"2026-08-11T19:11:45Z\", \"step\": 11, \"phase\": \"sample\", \"g\": 2}"}
[r3-wedge] 2026-08-11T19:12:48Z iter=22 {"alive": true, "pid": 28660, "age_s": 10, "estab": 0, "close_wait": 0, "train_done": false, "last": "[r3-hb] {\"utc\": \"2026-08-11T19:12:38Z\", \"step\": 12, \"phase\": \"sample\", \"g\": 1}"}
[r3-wedge] 2026-08-11T19:13:49Z iter=23 {"alive": true, "pid": 28660, "age_s": 1, "estab": 0, "close_wait": 0, "train_done": false, "last": "[r3-hb] {\"utc\": \"2026-08-11T19:13:48Z\", \"step\": 12, \"phase\": \"sample\", \"g\": 3}"}
[r3-wedge] 2026-08-11T19:14:50Z iter=24 {"alive": true, "pid": 28660, "age_s": 4, "estab": 0, "close_wait": 0, "train_done": false, "last": "[r3-hb] {\"utc\": \"2026-08-11T19:14:46Z\", \"step\": 13, \"phase\": \"sample\", \"g\": 2}"}
[r3-wedge] 2026-08-11T19:15:51Z iter=25 {"alive": true, "pid": 28660, "age_s": 11, "estab": 0, "close_wait": 0, "train_done": false, "last": "[r3-hb] {\"utc\": \"2026-08-11T19:15:40Z\", \"step\": 14, \"phase\": \"sample\", \"g\": 1}"}
[r3-wedge] 2026-08-11T19:16:52Z iter=26 {"alive": true, "pid": 28660, "age_s": 1, "estab": 0, "close_wait": 0, "train_done": false, "last": "[r3-hb] {\"utc\": \"2026-08-11T19:16:51Z\", \"step\": 15, \"phase\": \"sample\", \"g\": 3}"}
[r3-wedge] 2026-08-11T19:17:53Z iter=27 {"alive": true, "pid": 28660, "age_s": 3, "estab": 0, "close_wait": 0, "train_done": false, "last": "[r3-hb] {\"utc\": \"2026-08-11T19:17:50Z\", \"step\": 16, \"phase\": \"sample\", \"g\": 3}"}
[r3-wedge] 2026-08-11T19:18:54Z iter=28 {"alive": true, "pid": 28660, "age_s": 6, "estab": 0, "close_wait": 0, "train_done": false, "last": "[r3-hb] {\"utc\": \"2026-08-11T19:18:48Z\", \"step\": 17, \"phase\": \"sample\", \"g\": 3}"}
[r3-wedge] 2026-08-11T19:19:55Z iter=29 {"alive": true, "pid": 28660, "age_s": 16, "estab": 0, "close_wait": 0, "train_done": false, "last": "[r3-hb] {\"utc\": \"2026-08-11T19:19:39Z\", \"step\": 18, \"phase\": \"sample\", \"g\": 2}"}
[r3-wedge] 2026-08-11T19:20:56Z iter=30 {"alive": true, "pid": 28660, "age_s": 9, "estab": 0, "close_wait": 0, "train_done": false, "last": "[r3-hb] {\"utc\": \"2026-08-11T19:20:47Z\", \"step\": 19, \"phase\": \"sample\", \"g\": 2}"}
[r3-wedge] 2026-08-11T19:21:57Z iter=31 {"alive": true, "pid": 28660, "age_s": 5, "estab": 0, "close_wait": 0, "train_done": false, "last": "[r3-hb] {\"utc\": \"2026-08-11T19:21:52Z\", \"step\": 20, \"phase\": \"sample\", \"g\": 2}"}
[r3-wedge] 2026-08-11T19:22:58Z iter=32 {"alive": true, "pid": 28660, "age_s": 1, "estab": 0, "close_wait": 0, "train_done": false, "last": "[r3-hb] {\"utc\": \"2026-08-11T19:22:57Z\", \"step\": 21, \"phase\": \"sample\", \"g\": 2}"}
[r3-wedge] 2026-08-11T19:23:59Z iter=33 {"alive": true, "pid": 28660, "age_s": 0, "estab": 0, "close_wait": 0, "train_done": false, "last": "[r3-hb] {\"utc\": \"2026-08-11T19:23:59Z\", \"step\": 22, \"phase\": \"sample\", \"g\": 1}"}
[r3-wedge] 2026-08-11T19:25:00Z iter=34 {"alive": true, "pid": 28660, "age_s": 1, "estab": 0, "close_wait": 0, "train_done": false, "last": "[r3-hb] {\"utc\": \"2026-08-11T19:24:59Z\", \"step\": 23, \"phase\": \"sample\", \"g\": 1}"}
[r3-wedge] 2026-08-11T19:26:01Z iter=35 {"alive": true, "pid": 28660, "age_s": 2, "estab": 0, "close_wait": 0, "train_done": false, "last": "[r3-hb] {\"utc\": \"2026-08-11T19:25:59Z\", \"step\": 24, \"phase\": \"sample\", \"g\": 1}"}
[r3-wedge] 2026-08-11T19:27:02Z iter=36 {"alive": true, "pid": 28660, "age_s": 3, "estab": 0, "close_wait": 0, "train_done": false, "last": "[r3-hb] {\"utc\": \"2026-08-11T19:27:00Z\", \"step\": 25, \"phase\": \"sample\", \"g\": 2}"}
[r3-wedge] 2026-08-11T19:28:03Z iter=37 {"alive": true, "pid": 28660, "age_s": 1, "estab": 0, "close_wait": 0, "train_done": false, "last": "[r3-hb] {\"utc\": \"2026-08-11T19:28:02Z\", \"step\": 26, \"phase\": \"sample\", \"g\": 2}"}
[r3-wedge] 2026-08-11T19:29:04Z iter=38 {"alive": true, "pid": 28660, "age_s": 10, "estab": 0, "close_wait": 0, "train_done": false, "last": "[r3-hb] {\"utc\": \"2026-08-11T19:28:54Z\", \"step\": 27, \"phase\": \"sample\", \"g\": 1}"}
[r3-wedge] 2026-08-11T19:30:05Z iter=39 {"alive": true, "pid": 28660, "age_s": 14, "estab": 0, "close_wait": 0, "train_done": false, "last": "[r3-hb] {\"utc\": \"2026-08-11T19:29:51Z\", \"step\": 28, \"phase\": \"sample\", \"g\": 0}"}
[r3-wedge] 2026-08-11T19:31:06Z iter=40 {"alive": true, "pid": 28660, "age_s": 6, "estab": 0, "close_wait": 0, "train_done": false, "last": "[r3-hb] {\"utc\": \"2026-08-11T19:31:00Z\", \"step\": 29, \"phase\": \"sample\", \"g\": 0}"}
[r3-wedge] 2026-08-11T19:32:07Z iter=41 {"alive": true, "pid": 28660, "age_s": 1, "estab": 0, "close_wait": 0, "train_done": false, "last": "[r3-hb] {\"utc\": \"2026-08-11T19:32:06Z\", \"step\": 30, \"phase\": \"sample\", \"g\": 1}"}
[r3-wedge] 2026-08-11T19:33:08Z iter=42 {"alive": true, "pid": 28660, "age_s": 11, "estab": 0, "close_wait": 0, "train_done": false, "last": "[r3-hb] {\"utc\": \"2026-08-11T19:32:57Z\", \"step\": 31, \"phase\": \"sample\", \"g\": 0}"}
[r3-wedge] 2026-08-11T19:34:10Z iter=43 {"alive": true, "pid": 28660, "age_s": 2, "estab": 0, "close_wait": 0, "train_done": false, "last": "[r3-hb] {\"utc\": \"2026-08-11T19:34:08Z\", \"step\": 32, \"phase\": \"sample\", \"g\": 1}"}
[r3-wedge] 2026-08-11T19:35:11Z iter=44 {"alive": true, "pid": 28660, "age_s": 12, "estab": 0, "close_wait": 0, "train_done": false, "last": "[r3-hb] {\"utc\": \"2026-08-11T19:34:59Z\", \"step\": 33, \"phase\": \"sample\", \"g\": 1}"}
[r3-wedge] 2026-08-11T19:36:12Z iter=45 {"alive": true, "pid": 28660, "age_s": 7, "estab": 0, "close_wait": 0, "train_done": false, "last": "[r3-hb] {\"utc\": \"2026-08-11T19:36:04Z\", \"step\": 34, \"phase\": \"sample\", \"g\": 1}"}
[r3-wedge] 2026-08-11T19:37:13Z iter=46 {"alive": true, "pid": 28660, "age_s": 5, "estab": 0, "close_wait": 0, "train_done": false, "last": "[r3-hb] {\"utc\": \"2026-08-11T19:37:07Z\", \"step\": 35, \"phase\": \"sample\", \"g\": 0}"}
[r3-wedge] 2026-08-11T19:38:14Z iter=47 {"alive": true, "pid": 28660, "age_s": 2, "estab": 0, "close_wait": 0, "train_done": false, "last": "[r3-hb] {\"utc\": \"2026-08-11T19:38:12Z\", \"step\": 36, \"phase\": \"sample\", \"g\": 1}"}
[r3-wedge] 2026-08-11T19:39:15Z iter=48 {"alive": true, "pid": 28660, "age_s": 18, "estab": 0, "close_wait": 0, "train_done": false, "last": "[r3-hb] {\"utc\": \"2026-08-11T19:38:57Z\", \"step\": 37, \"phase\": \"sample\", \"g\": 0}"}
[r3-wedge] 2026-08-11T19:40:16Z iter=49 {"alive": true, "pid": 28660, "age_s": 6, "estab": 0, "close_wait": 0, "train_done": false, "last": "[r3-hb] {\"utc\": \"2026-08-11T19:40:09Z\", \"step\": 38, \"phase\": \"sample\", \"g\": 0}"}
[r3-wedge] 2026-08-11T19:41:17Z iter=50 {"alive": true, "pid": 28660, "age_s": 4, "estab": 0, "close_wait": 0, "train_done": false, "last": "[r3-hb] {\"utc\": \"2026-08-11T19:41:13Z\", \"step\": 38, \"phase\": \"score\", \"g\": 3}"}
[r3-wedge] 2026-08-11T19:42:18Z iter=51 {"alive": true, "pid": 28660, "age_s": 0, "estab": 0, "close_wait": 0, "train_done": false, "last": "[r3-hb] {\"utc\": \"2026-08-11T19:42:18Z\", \"step\": 40, \"phase\": \"sample\", \"g\": 0}"}
[r3-wedge] 2026-08-11T19:43:19Z iter=52 {"alive": true, "pid": 28660, "age_s": 2, "estab": 0, "close_wait": 0, "train_done": false, "last": "[r3-hb] {\"utc\": \"2026-08-11T19:43:16Z\", \"step\": 41, \"phase\": \"sample\", \"g\": 2}"}
[r3-wedge] 2026-08-11T19:44:20Z iter=53 {"alive": true, "pid": 28660, "age_s": 3, "estab": 0, "close_wait": 0, "train_done": false, "last": "[r3-hb] {\"utc\": \"2026-08-11T19:44:16Z\", \"step\": 42, \"phase\": \"sample\", \"g\": 3}"}
[r3-wedge] 2026-08-11T19:45:21Z iter=54 {"alive": true, "pid": 28660, "age_s": 5, "estab": 0, "close_wait": 0, "train_done": false, "last": "[r3-hb] {\"utc\": \"2026-08-11T19:45:16Z\", \"step\": 44, \"phase\": \"sample\", \"g\": 1}"}
[r3-wedge] 2026-08-11T19:46:22Z iter=55 {"alive": true, "pid": 28660, "age_s": 8, "estab": 0, "close_wait": 0, "train_done": false, "last": "[r3-hb] {\"utc\": \"2026-08-11T19:46:14Z\", \"step\": 45, \"phase\": \"sample\", \"g\": 3}"}
[r3-wedge] 2026-08-11T19:47:23Z iter=56 {"alive": true, "pid": 28660, "age_s": 2, "estab": 0, "close_wait": 0, "train_done": false, "last": "[r3-hb] {\"utc\": \"2026-08-11T19:47:21Z\", \"step\": 47, \"phase\": \"sample\", \"g\": 1}"}
[r3-wedge] 2026-08-11T19:48:24Z iter=57 {"alive": true, "pid": 28660, "age_s": 9, "estab": 0, "close_wait": 0, "train_done": false, "last": "[r3-hb] {\"utc\": \"2026-08-11T19:48:15Z\", \"step\": 48, \"phase\": \"sample\", \"g\": 0}"}
[r3-wedge] 2026-08-11T19:49:25Z iter=58 {"alive": true, "pid": 28660, "age_s": 6, "estab": 0, "close_wait": 0, "train_done": false, "last": "[r3-hb] {\"utc\": \"2026-08-11T19:49:19Z\", \"step\": 48, \"phase\": \"sample\", \"g\": 2}"}
[r3-wedge] 2026-08-11T19:50:26Z iter=59 {"alive": true, "pid": 28660, "age_s": 5, "estab": 0, "close_wait": 0, "train_done": false, "last": "[r3-hb] {\"utc\": \"2026-08-11T19:50:21Z\", \"step\": 49, \"phase\": \"sample\", \"g\": 2}"}
[r3-wedge] 2026-08-11T19:51:27Z iter=60 {"alive": true, "pid": 28660, "age_s": 2, "estab": 0, "close_wait": 0, "train_done": false, "last": "[r3-hb] {\"utc\": \"2026-08-11T19:51:25Z\", \"step\": 50, \"phase\": \"sample\", \"g\": 3}"}
[r3-wedge] 2026-08-11T19:52:28Z iter=61 {"alive": true, "pid": 28660, "age_s": 11, "estab": 0, "close_wait": 0, "train_done": false, "last": "[r3-hb] {\"utc\": \"2026-08-11T19:52:17Z\", \"step\": 52, \"phase\": \"sample\", \"g\": 0}"}
[r3-wedge] 2026-08-11T19:53:29Z iter=62 {"alive": true, "pid": 28660, "age_s": 2, "estab": 0, "close_wait": 0, "train_done": false, "last": "[r3-hb] {\"utc\": \"2026-08-11T19:53:28Z\", \"step\": 53, \"phase\": \"sample\", \"g\": 3}"}
[r3-wedge] 2026-08-11T19:54:30Z iter=63 {"alive": true, "pid": 28660, "age_s": 8, "estab": 0, "close_wait": 0, "train_done": false, "last": "[r3-hb] {\"utc\": \"2026-08-11T19:54:22Z\", \"step\": 55, \"phase\": \"sample\", \"g\": 0}"}
[r3-wedge] 2026-08-11T19:55:31Z iter=64 {"alive": true, "pid": 28660, "age_s": 7, "estab": 0, "close_wait": 0, "train_done": false, "last": "[r3-hb] {\"utc\": \"2026-08-11T19:55:25Z\", \"step\": 56, \"phase\": \"sample\", \"g\": 2}"}
[r3-wedge] 2026-08-11T19:56:32Z iter=65 {"alive": true, "pid": 28660, "age_s": 9, "estab": 2, "close_wait": 0, "train_done": false, "last": "[r3-hb] {\"utc\": \"2026-08-11T19:56:32Z\", \"step\": 58, \"phase\": \"score\", \"g\": 0}"}
[r3-wedge] 2026-08-11T19:57:34Z iter=66 {"alive": true, "pid": 28660, "age_s": 4, "estab": 0, "close_wait": 0, "train_done": false, "last": "[r3-hb] {\"utc\": \"2026-08-11T19:57:29Z\", \"step\": 59, \"phase\": \"sample\", \"g\": 3}"}
[r3-wedge] 2026-08-11T19:58:35Z iter=67 {"alive": true, "pid": 28660, "age_s": 6, "estab": 0, "close_wait": 0, "train_done": false, "last": "[r3-hb] {\"utc\": \"2026-08-11T19:58:28Z\", \"step\": 60, \"phase\": \"score\", \"g\": 3}"}
[r3-wedge] 2026-08-11T19:59:36Z iter=68 {"alive": true, "pid": 28660, "age_s": 15, "estab": 0, "close_wait": 0, "train_done": false, "last": "[r3-hb] {\"utc\": \"2026-08-11T19:59:21Z\", \"step\": 62, \"phase\": \"sample\", \"g\": 1}"}
[r3-wedge] 2026-08-11T20:00:37Z iter=69 {"alive": true, "pid": 28660, "age_s": 7, "estab": 0, "close_wait": 0, "train_done": false, "last": "[r3-hb] {\"utc\": \"2026-08-11T20:00:30Z\", \"step\": 63, \"phase\": \"sample\", \"g\": 2}"}
[r3-wedge] 2026-08-11T20:01:38Z iter=70 {"alive": true, "pid": 28660, "age_s": 11, "estab": 0, "close_wait": 0, "train_done": false, "last": "[r3-hb] {\"utc\": \"2026-08-11T20:01:27Z\", \"step\": 64, \"phase\": \"sample\", \"g\": 2}"}
[r3-wedge] 2026-08-11T20:02:39Z iter=71 {"alive": true, "pid": 28660, "age_s": 5, "estab": 0, "close_wait": 0, "train_done": false, "last": "[r3-hb] {\"utc\": \"2026-08-11T20:02:34Z\", \"step\": 65, \"phase\": \"sample\", \"g\": 3}"}
[r3-wedge] 2026-08-11T20:03:40Z iter=72 {"alive": true, "pid": 28660, "age_s": 2, "estab": 0, "close_wait": 0, "train_done": false, "last": "[r3-hb] {\"utc\": \"2026-08-11T20:03:38Z\", \"step\": 66, \"phase\": \"sample\", \"g\": 2}"}
[r3-wedge] 2026-08-11T20:04:41Z iter=73 {"alive": true, "pid": 28660, "age_s": 20, "estab": 0, "close_wait": 0, "train_done": false, "last": "[r3-hb] {\"utc\": \"2026-08-11T20:04:21Z\", \"step\": 67, \"phase\": \"sample\", \"g\": 1}"}
[r3-wedge] 2026-08-11T20:05:42Z iter=74 {"alive": true, "pid": 28660, "age_s": 1, "estab": 0, "close_wait": 0, "train_done": false, "last": "[r3-hb] {\"utc\": \"2026-08-11T20:05:41Z\", \"step\": 68, \"phase\": \"sample\", \"g\": 0}"}
[r3-wedge] 2026-08-11T20:06:43Z iter=75 {"alive": true, "pid": 28660, "age_s": 2, "estab": 0, "close_wait": 0, "train_done": false, "last": "[r3-hb] {\"utc\": \"2026-08-11T20:06:41Z\", \"step\": 69, \"phase\": \"sample\", \"g\": 0}"}
[r3-wedge] 2026-08-11T20:07:44Z iter=76 {"alive": true, "pid": 28660, "age_s": 3, "estab": 0, "close_wait": 0, "train_done": false, "last": "[r3-hb] {\"utc\": \"2026-08-11T20:07:41Z\", \"step\": 69, \"phase\": \"score\", \"g\": 3}"}
[r3-wedge] 2026-08-11T20:08:45Z iter=77 {"alive": true, "pid": 28660, "age_s": 4, "estab": 0, "close_wait": 0, "train_done": false, "last": "[r3-hb] {\"utc\": \"2026-08-11T20:08:41Z\", \"step\": 70, \"phase\": \"score\", \"g\": 3}"}
[r3-wedge] 2026-08-11T20:09:46Z iter=78 {"alive": true, "pid": 28660, "age_s": 3, "estab": 0, "close_wait": 0, "train_done": false, "last": "[r3-hb] {\"utc\": \"2026-08-11T20:09:43Z\", \"step\": 71, \"phase\": \"sample\", \"g\": 3}"}
[r3-wedge] 2026-08-11T20:10:47Z iter=79 {"alive": true, "pid": 28660, "age_s": 1, "estab": 0, "close_wait": 0, "train_done": false, "last": "[r3-hb] {\"utc\": \"2026-08-11T20:10:46Z\", \"step\": 72, \"phase\": \"sample\", \"g\": 3}"}
[r3-wedge] 2026-08-11T20:11:48Z iter=80 {"alive": true, "pid": 28660, "age_s": 6, "estab": 0, "close_wait": 0, "train_done": false, "last": "[r3-hb] {\"utc\": \"2026-08-11T20:11:42Z\", \"step\": 73, \"phase\": \"sample\", \"g\": 3}"}
[r3-wedge] 2026-08-11T20:12:49Z iter=81 {"alive": true, "pid": 28660, "age_s": 8, "estab": 0, "close_wait": 0, "train_done": false, "last": "[r3-hb] {\"utc\": \"2026-08-11T20:12:41Z\", \"step\": 74, \"phase\": \"sample\", \"g\": 3}"}
[r3-wedge] 2026-08-11T20:13:50Z iter=82 {"alive": true, "pid": 28660, "age_s": 3, "estab": 0, "close_wait": 0, "train_done": false, "last": "[r3-hb] {\"utc\": \"2026-08-11T20:13:48Z\", \"step\": 75, \"phase\": \"score\", \"g\": 3}"}
[r3-wedge] 2026-08-11T20:14:51Z iter=83 {"alive": true, "pid": 28660, "age_s": 1, "estab": 0, "close_wait": 0, "train_done": false, "last": "[r3-hb] {\"utc\": \"2026-08-11T20:14:50Z\", \"step\": 76, \"phase\": \"sample\", \"g\": 3}"}
[r3-wedge] 2026-08-11T20:15:52Z iter=84 {"alive": true, "pid": 28660, "age_s": 23, "estab": 0, "close_wait": 0, "train_done": false, "last": "[r3-hb] {\"utc\": \"2026-08-11T20:15:29Z\", \"step\": 77, \"phase\": \"sample\", \"g\": 1}"}
[r3-wedge] 2026-08-11T20:16:53Z iter=85 {"alive": true, "pid": 28660, "age_s": 9, "estab": 0, "close_wait": 0, "train_done": false, "last": "[r3-hb] {\"utc\": \"2026-08-11T20:16:44Z\", \"step\": 78, \"phase\": \"sample\", \"g\": 0}"}
[r3-wedge] 2026-08-11T20:17:54Z iter=86 {"alive": true, "pid": 28660, "age_s": 1, "estab": 0, "close_wait": 0, "train_done": false, "last": "[r3-hb] {\"utc\": \"2026-08-11T20:17:54Z\", \"step\": 79, \"phase\": \"sample\", \"g\": 0}"}
[r3-wedge] 2026-08-11T20:18:55Z iter=87 {"alive": true, "pid": 28660, "age_s": 1, "estab": 0, "close_wait": 0, "train_done": false, "last": "[r3-hb] {\"utc\": \"2026-08-11T20:18:54Z\", \"step\": 80, \"phase\": \"sample\", \"g\": 0}"}
[r3-wedge] 2026-08-11T20:19:56Z iter=88 {"alive": true, "pid": 28660, "age_s": 4, "estab": 0, "close_wait": 0, "train_done": false, "last": "[r3-hb] {\"utc\": \"2026-08-11T20:19:52Z\", \"step\": 81, \"phase\": \"sample\", \"g\": 0}"}
[r3-wedge] 2026-08-11T20:20:57Z iter=89 {"alive": true, "pid": 28660, "age_s": 4, "estab": 0, "close_wait": 0, "train_done": false, "last": "[r3-hb] {\"utc\": \"2026-08-11T20:20:53Z\", \"step\": 82, \"phase\": \"sample\", \"g\": 0}"}
[r3-wedge] 2026-08-11T20:21:58Z iter=90 {"alive": true, "pid": 28660, "age_s": 9, "estab": 0, "close_wait": 0, "train_done": false, "last": "[r3-hb] {\"utc\": \"2026-08-11T20:21:50Z\", \"step\": 83, \"phase\": \"sample\", \"g\": 0}"}
[r3-wedge] 2026-08-11T20:22:59Z iter=91 {"alive": true, "pid": 28660, "age_s": 2, "estab": 0, "close_wait": 0, "train_done": false, "last": "[r3-hb] {\"utc\": \"2026-08-11T20:22:58Z\", \"step\": 84, \"phase\": \"sample\", \"g\": 0}"}
[r3-wedge] 2026-08-11T20:24:00Z iter=92 {"alive": true, "pid": 28660, "age_s": 2, "estab": 0, "close_wait": 0, "train_done": false, "last": "[r3-hb] {\"utc\": \"2026-08-11T20:23:58Z\", \"step\": 84, \"phase\": \"score\", \"g\": 3}"}
[r3-wedge] 2026-08-11T20:25:02Z iter=93 {"alive": true, "pid": 28660, "age_s": 14, "estab": 0, "close_wait": 0, "train_done": false, "last": "[r3-hb] {\"utc\": \"2026-08-11T20:24:48Z\", \"step\": 85, \"phase\": \"sample\", \"g\": 3}"}
[r3-wedge] 2026-08-11T20:26:03Z iter=94 {"alive": true, "pid": 28660, "age_s": 6, "estab": 0, "close_wait": 0, "train_done": false, "last": "[r3-hb] {\"utc\": \"2026-08-11T20:25:57Z\", \"step\": 86, \"phase\": \"sample\", \"g\": 3}"}
[r3-wedge] 2026-08-11T20:27:04Z iter=95 {"alive": true, "pid": 28660, "age_s": 7, "estab": 0, "close_wait": 0, "train_done": false, "last": "[r3-hb] {\"utc\": \"2026-08-11T20:26:57Z\", \"step\": 87, \"phase\": \"sample\", \"g\": 3}"}
[r3-wedge] 2026-08-11T20:28:05Z iter=96 {"alive": true, "pid": 28660, "age_s": 11, "estab": 0, "close_wait": 0, "train_done": false, "last": "[r3-hb] {\"utc\": \"2026-08-11T20:27:54Z\", \"step\": 88, \"phase\": \"sample\", \"g\": 3}"}
[r3-wedge] 2026-08-11T20:29:06Z iter=97 {"alive": true, "pid": 28660, "age_s": 13, "estab": 0, "close_wait": 0, "train_done": false, "last": "[r3-hb] {\"utc\": \"2026-08-11T20:28:53Z\", \"step\": 89, \"phase\": \"sample\", \"g\": 2}"}
[r3-wedge] 2026-08-11T20:30:07Z iter=98 {"alive": true, "pid": 28660, "age_s": 12, "estab": 0, "close_wait": 0, "train_done": false, "last": "[r3-hb] {\"utc\": \"2026-08-11T20:29:55Z\", \"step\": 90, \"phase\": \"sample\", \"g\": 1}"}
[r3-wedge] 2026-08-11T20:31:08Z iter=99 {"alive": true, "pid": 28660, "age_s": 17, "estab": 0, "close_wait": 0, "train_done": false, "last": "[r3-hb] {\"utc\": \"2026-08-11T20:30:51Z\", \"step\": 91, \"phase\": \"sample\", \"g\": 0}"}
[r3-wedge] 2026-08-11T20:32:09Z iter=100 {"alive": true, "pid": 28660, "age_s": 12, "estab": 0, "close_wait": 0, "train_done": false, "last": "[r3-hb] {\"utc\": \"2026-08-11T20:31:57Z\", \"step\": 91, \"phase\": \"sample\", \"g\": 3}"}
[r3-wedge] 2026-08-11T20:33:10Z iter=101 {"alive": true, "pid": 28660, "age_s": 3, "estab": 0, "close_wait": 0, "train_done": false, "last": "[r3-hb] {\"utc\": \"2026-08-11T20:33:07Z\", \"step\": 92, \"phase\": \"sample\", \"g\": 3}"}
[r3-wedge] 2026-08-11T20:34:11Z iter=102 {"alive": true, "pid": 28660, "age_s": 7, "estab": 0, "close_wait": 0, "train_done": false, "last": "[r3-hb] {\"utc\": \"2026-08-11T20:34:04Z\", \"step\": 93, \"phase\": \"sample\", \"g\": 2}"}
[r3-wedge] 2026-08-11T20:35:12Z iter=103 {"alive": true, "pid": 28660, "age_s": 6, "estab": 0, "close_wait": 0, "train_done": false, "last": "[r3-hb] {\"utc\": \"2026-08-11T20:35:06Z\", \"step\": 94, \"phase\": \"sample\", \"g\": 2}"}
[r3-wedge] 2026-08-11T20:36:13Z iter=104 {"alive": true, "pid": 28660, "age_s": 3, "estab": 0, "close_wait": 0, "train_done": false, "last": "[r3-hb] {\"utc\": \"2026-08-11T20:36:10Z\", \"step\": 95, \"phase\": \"sample\", \"g\": 2}"}
[r3-wedge] 2026-08-11T20:37:14Z iter=105 {"alive": true, "pid": 28660, "age_s": 2, "estab": 0, "close_wait": 0, "train_done": false, "last": "[r3-hb] {\"utc\": \"2026-08-11T20:37:12Z\", \"step\": 96, \"phase\": \"sample\", \"g\": 2}"}
[r3-wedge] 2026-08-11T20:38:15Z iter=106 {"alive": true, "pid": 28660, "age_s": 2, "estab": 0, "close_wait": 0, "train_done": false, "last": "[r3-hb] {\"utc\": \"2026-08-11T20:38:13Z\", \"step\": 97, \"phase\": \"sample\", \"g\": 2}"}
[r3-wedge] 2026-08-11T20:39:16Z iter=107 {"alive": true, "pid": 28660, "age_s": 7, "estab": 0, "close_wait": 0, "train_done": false, "last": "[r3-hb] {\"utc\": \"2026-08-11T20:39:09Z\", \"step\": 98, \"phase\": \"sample\", \"g\": 1}"}
[r3-wedge] 2026-08-11T20:40:17Z iter=108 {"alive": true, "pid": 28660, "age_s": 6, "estab": 0, "close_wait": 0, "train_done": false, "last": "[r3-hb] {\"utc\": \"2026-08-11T20:40:11Z\", \"step\": 98, \"phase\": \"score\", \"g\": 3}"}
[r3-wedge] 2026-08-11T20:41:18Z iter=109 {"alive": true, "pid": 28660, "age_s": 1, "estab": 0, "close_wait": 0, "train_done": false, "last": "[r3-hb] {\"utc\": \"2026-08-11T20:41:18Z\", \"step\": 100, \"phase\": \"sample\", \"g\": 0}"}
[r3-wedge] 2026-08-11T20:42:19Z iter=110 {"alive": true, "pid": 28660, "age_s": 13, "estab": 0, "close_wait": 0, "train_done": false, "last": "[r3-hb] {\"utc\": \"2026-08-11T20:42:19Z\", \"step\": 100, \"phase\": \"score\", \"g\": 2}"}
[r3-wedge] 2026-08-11T20:43:20Z iter=111 {"alive": true, "pid": 28660, "age_s": 2, "estab": 0, "close_wait": 0, "train_done": false, "last": "[r3-hb] {\"utc\": \"2026-08-11T20:43:18Z\", \"step\": 101, \"phase\": \"sample\", \"g\": 2}"}
[r3-wedge] 2026-08-11T20:44:21Z iter=112 {"alive": true, "pid": 28660, "age_s": 15, "estab": 0, "close_wait": 0, "train_done": false, "last": "[r3-hb] {\"utc\": \"2026-08-11T20:44:06Z\", \"step\": 102, \"phase\": \"sample\", \"g\": 1}"}
[r3-wedge] 2026-08-11T20:45:22Z iter=113 {"alive": true, "pid": 28660, "age_s": 5, "estab": 0, "close_wait": 0, "train_done": false, "last": "[r3-hb] {\"utc\": \"2026-08-11T20:45:18Z\", \"step\": 103, \"phase\": \"sample\", \"g\": 1}"}
[r3-wedge] 2026-08-11T20:46:23Z iter=114 {"alive": true, "pid": 28660, "age_s": 8, "estab": 0, "close_wait": 0, "train_done": false, "last": "[r3-hb] {\"utc\": \"2026-08-11T20:46:16Z\", \"step\": 104, \"phase\": \"sample\", \"g\": 0}"}
[r3-wedge] 2026-08-11T20:47:24Z iter=115 {"alive": true, "pid": 28660, "age_s": 12, "estab": 0, "close_wait": 0, "train_done": false, "last": "[r3-hb] {\"utc\": \"2026-08-11T20:47:13Z\", \"step\": 105, \"phase\": \"sample\", \"g\": 0}"}
[r3-wedge] 2026-08-11T20:48:26Z iter=116 {"alive": true, "pid": 28660, "age_s": 10, "estab": 0, "close_wait": 0, "train_done": false, "last": "[r3-hb] {\"utc\": \"2026-08-11T20:48:16Z\", \"step\": 106, \"phase\": \"sample\", \"g\": 0}"}
[r3-wedge] 2026-08-11T20:49:27Z iter=117 {"alive": true, "pid": 28660, "age_s": 3, "estab": 0, "close_wait": 0, "train_done": false, "last": "[r3-hb] {\"utc\": \"2026-08-11T20:49:24Z\", \"step\": 107, \"phase\": \"sample\", \"g\": 0}"}
[r3-wedge] 2026-08-11T20:50:28Z iter=118 {"alive": true, "pid": 28660, "age_s": 7, "estab": 0, "close_wait": 0, "train_done": false, "last": "[r3-hb] {\"utc\": \"2026-08-11T20:50:21Z\", \"step\": 107, \"phase\": \"sample\", \"g\": 3}"}
[r3-wedge] 2026-08-11T20:51:29Z iter=119 {"alive": true, "pid": 28660, "age_s": 4, "estab": 0, "close_wait": 0, "train_done": false, "last": "[r3-hb] {\"utc\": \"2026-08-11T20:51:24Z\", \"step\": 108, \"phase\": \"sample\", \"g\": 3}"}
[r3-wedge] 2026-08-11T20:52:30Z iter=120 {"alive": true, "pid": 28660, "age_s": 17, "estab": 0, "close_wait": 0, "train_done": false, "last": "[r3-hb] {\"utc\": \"2026-08-11T20:52:13Z\", \"step\": 109, \"phase\": \"sample\", \"g\": 1}"}
[r3-wedge] 2026-08-11T20:53:31Z iter=121 {"alive": true, "pid": 28660, "age_s": 4, "estab": 0, "close_wait": 0, "train_done": false, "last": "[r3-hb] {\"utc\": \"2026-08-11T20:53:26Z\", \"step\": 110, \"phase\": \"sample\", \"g\": 1}"}
[r3-wedge] 2026-08-11T20:54:32Z iter=122 {"alive": true, "pid": 28660, "age_s": 1, "estab": 0, "close_wait": 0, "train_done": false, "last": "[r3-hb] {\"utc\": \"2026-08-11T20:54:30Z\", \"step\": 111, \"phase\": \"sample\", \"g\": 0}"}
[r3-wedge] 2026-08-11T20:55:33Z iter=123 {"alive": true, "pid": 28660, "age_s": 6, "estab": 0, "close_wait": 0, "train_done": false, "last": "[r3-hb] {\"utc\": \"2026-08-11T20:55:27Z\", \"step\": 111, \"phase\": \"score\", \"g\": 3}"}
[r3-wedge] 2026-08-11T20:56:34Z iter=124 {"alive": true, "pid": 28660, "age_s": 19, "estab": 0, "close_wait": 0, "train_done": false, "last": "[r3-hb] {\"utc\": \"2026-08-11T20:56:15Z\", \"step\": 112, \"phase\": \"sample\", \"g\": 3}"}
[r3-wedge] 2026-08-11T20:57:35Z iter=125 {"alive": true, "pid": 28660, "age_s": 1, "estab": 0, "close_wait": 0, "train_done": false, "last": "[r3-hb] {\"utc\": \"2026-08-11T20:57:34Z\", \"step\": 113, \"phase\": \"score\", \"g\": 3}"}
[r3-wedge] 2026-08-11T20:58:36Z iter=126 {"alive": true, "pid": 28660, "age_s": 18, "estab": 0, "close_wait": 0, "train_done": false, "last": "[r3-hb] {\"utc\": \"2026-08-11T20:58:17Z\", \"step\": 114, \"phase\": \"sample\", \"g\": 2}"}
[r3-wedge] 2026-08-11T20:59:37Z iter=127 {"alive": true, "pid": 28660, "age_s": 17, "estab": 0, "close_wait": 0, "train_done": false, "last": "[r3-hb] {\"utc\": \"2026-08-11T20:59:20Z\", \"step\": 115, \"phase\": \"sample\", \"g\": 1}"}
[r3-wedge] 2026-08-11T21:00:38Z iter=128 {"alive": true, "pid": 28660, "age_s": 12, "estab": 0, "close_wait": 0, "train_done": false, "last": "[r3-hb] {\"utc\": \"2026-08-11T21:00:26Z\", \"step\": 116, \"phase\": \"sample\", \"g\": 0}"}
[r3-wedge] 2026-08-11T21:01:39Z iter=129 {"alive": true, "pid": 28660, "age_s": 12, "estab": 0, "close_wait": 0, "train_done": false, "last": "[r3-hb] {\"utc\": \"2026-08-11T21:01:27Z\", \"step\": 117, \"phase\": \"sample\", \"g\": 0}"}
[r3-wedge] 2026-08-11T21:02:40Z iter=130 {"alive": true, "pid": 28660, "age_s": 13, "estab": 0, "close_wait": 0, "train_done": false, "last": "[r3-hb] {\"utc\": \"2026-08-11T21:02:28Z\", \"step\": 118, \"phase\": \"sample\", \"g\": 0}"}
[r3-wedge] 2026-08-11T21:03:41Z iter=131 {"alive": true, "pid": 28660, "age_s": 3, "estab": 0, "close_wait": 0, "train_done": false, "last": "[r3-hb] {\"utc\": \"2026-08-11T21:03:39Z\", \"step\": 119, \"phase\": \"sample\", \"g\": 0}"}
[r3-wedge] 2026-08-11T21:04:42Z iter=132 {"alive": true, "pid": 28660, "age_s": 3, "estab": 0, "close_wait": 0, "train_done": false, "last": "[r3-hb] {\"utc\": \"2026-08-11T21:04:40Z\", \"step\": 120, \"phase\": \"sample\", \"g\": 0}"}
[r3-wedge] 2026-08-11T21:05:43Z iter=133 {"alive": true, "pid": 28660, "age_s": 1, "estab": 0, "close_wait": 0, "train_done": false, "last": "[r3-hb] {\"utc\": \"2026-08-11T21:05:42Z\", \"step\": 121, \"phase\": \"sample\", \"g\": 0}"}
[r3-wedge] 2026-08-11T21:06:44Z iter=134 {"alive": true, "pid": 28660, "age_s": 2, "estab": 0, "close_wait": 0, "train_done": false, "last": "[r3-hb] {\"utc\": \"2026-08-11T21:06:42Z\", \"step\": 121, \"phase\": \"score\", \"g\": 3}"}
[r3-wedge] 2026-08-11T21:07:45Z iter=135 {"alive": true, "pid": 28660, "age_s": 6, "estab": 0, "close_wait": 0, "train_done": false, "last": "[r3-hb] {\"utc\": \"2026-08-11T21:07:40Z\", \"step\": 123, \"phase\": \"sample\", \"g\": 0}"}
[r3-wedge] 2026-08-11T21:08:47Z iter=136 {"alive": true, "pid": 28660, "age_s": 1, "estab": 0, "close_wait": 0, "train_done": false, "last": "[r3-hb] {\"utc\": \"2026-08-11T21:08:46Z\", \"step\": 123, \"phase\": \"score\", \"g\": 3}"}
[r3-wedge] 2026-08-11T21:09:48Z iter=137 {"alive": true, "pid": 28660, "age_s": 0, "estab": 2, "close_wait": 0, "train_done": false, "last": "[r3-hb] {\"utc\": \"2026-08-11T21:09:47Z\", \"step\": 124, \"phase\": \"score\", \"g\": 3}"}
[r3-wedge] 2026-08-11T21:10:49Z iter=138 {"alive": true, "pid": 28660, "age_s": 4, "estab": 0, "close_wait": 0, "train_done": false, "last": "[r3-hb] {\"utc\": \"2026-08-11T21:10:45Z\", \"step\": 126, \"phase\": \"sample\", \"g\": 0}"}
[r3-wedge] 2026-08-11T21:11:50Z iter=139 {"alive": true, "pid": 28660, "age_s": 6, "estab": 0, "close_wait": 0, "train_done": false, "last": "[r3-hb] {\"utc\": \"2026-08-11T21:11:44Z\", \"step\": 126, \"phase\": \"score\", \"g\": 3}"}
[r3-wedge] 2026-08-11T21:12:51Z iter=140 {"alive": true, "pid": 28660, "age_s": 7, "estab": 0, "close_wait": 0, "train_done": false, "last": "[r3-hb] {\"utc\": \"2026-08-11T21:12:43Z\", \"step\": 127, \"phase\": \"sample\", \"g\": 3}"}
[r3-wedge] 2026-08-11T21:13:52Z iter=141 {"alive": true, "pid": 28660, "age_s": 9, "estab": 0, "close_wait": 0, "train_done": false, "last": "[r3-hb] {\"utc\": \"2026-08-11T21:13:43Z\", \"step\": 128, \"phase\": \"sample\", \"g\": 3}"}
[r3-wedge] 2026-08-11T21:14:53Z iter=142 {"alive": true, "pid": 28660, "age_s": 22, "estab": 0, "close_wait": 0, "train_done": false, "last": "[r3-hb] {\"utc\": \"2026-08-11T21:14:31Z\", \"step\": 129, \"phase\": \"sample\", \"g\": 2}"}
[r3-wedge] 2026-08-11T21:15:54Z iter=143 {"alive": true, "pid": 28660, "age_s": 22, "estab": 0, "close_wait": 0, "train_done": false, "last": "[r3-hb] {\"utc\": \"2026-08-11T21:15:31Z\", \"step\": 130, \"phase\": \"sample\", \"g\": 1}"}
[r3-wedge] 2026-08-11T21:16:55Z iter=144 {"alive": true, "pid": 28660, "age_s": 2, "estab": 0, "close_wait": 0, "train_done": false, "last": "[r3-hb] {\"utc\": \"2026-08-11T21:16:52Z\", \"step\": 130, \"phase\": \"score\", \"g\": 3}"}
[r3-wedge] 2026-08-11T21:17:56Z iter=145 {"alive": true, "pid": 28660, "age_s": 11, "estab": 0, "close_wait": 0, "train_done": false, "last": "[r3-hb] {\"utc\": \"2026-08-11T21:17:45Z\", \"step\": 131, \"phase\": \"sample\", \"g\": 3}"}
[r3-wedge] 2026-08-11T21:18:57Z iter=146 {"alive": true, "pid": 28660, "age_s": 21, "estab": 0, "close_wait": 0, "train_done": false, "last": "[r3-hb] {\"utc\": \"2026-08-11T21:18:36Z\", \"step\": 132, \"phase\": \"sample\", \"g\": 2}"}
[r3-wedge] 2026-08-11T21:19:58Z iter=147 {"alive": true, "pid": 28660, "age_s": 4, "estab": 0, "close_wait": 0, "train_done": false, "last": "[r3-hb] {\"utc\": \"2026-08-11T21:19:54Z\", \"step\": 133, \"phase\": \"sample\", \"g\": 3}"}
[r3-wedge] 2026-08-11T21:20:59Z iter=148 {"alive": true, "pid": 28660, "age_s": 12, "estab": 0, "close_wait": 0, "train_done": false, "last": "[r3-hb] {\"utc\": \"2026-08-11T21:20:47Z\", \"step\": 134, \"phase\": \"sample\", \"g\": 2}"}
[r3-wedge] 2026-08-11T21:22:00Z iter=149 {"alive": true, "pid": 28660, "age_s": 4, "estab": 0, "close_wait": 0, "train_done": false, "last": "[r3-hb] {\"utc\": \"2026-08-11T21:21:56Z\", \"step\": 135, \"phase\": \"sample\", \"g\": 2}"}
[r3-wedge] 2026-08-11T21:23:01Z iter=150 {"alive": true, "pid": 28660, "age_s": 5, "estab": 0, "close_wait": 0, "train_done": false, "last": "[r3-hb] {\"utc\": \"2026-08-11T21:22:56Z\", \"step\": 136, \"phase\": \"sample\", \"g\": 3}"}
[r3-wedge] 2026-08-11T21:24:02Z iter=151 {"alive": true, "pid": 28660, "age_s": 13, "estab": 0, "close_wait": 0, "train_done": false, "last": "[r3-hb] {\"utc\": \"2026-08-11T21:23:48Z\", \"step\": 137, \"phase\": \"sample\", \"g\": 2}"}
[r3-wedge] 2026-08-11T21:25:03Z iter=152 {"alive": true, "pid": 28660, "age_s": 0, "estab": 2, "close_wait": 0, "train_done": false, "last": "[r3-hb] {\"utc\": \"2026-08-11T21:25:03Z\", \"step\": 138, \"phase\": \"score\", \"g\": 3}"}
[r3-wedge] 2026-08-11T21:26:04Z iter=153 {"alive": true, "pid": 28660, "age_s": 9, "estab": 0, "close_wait": 0, "train_done": false, "last": "[r3-hb] {\"utc\": \"2026-08-11T21:25:56Z\", \"step\": 140, \"phase\": \"sample\", \"g\": 1}"}
[r3-wedge] 2026-08-11T21:27:05Z iter=154 {"alive": true, "pid": 28660, "age_s": 1, "estab": 0, "close_wait": 0, "train_done": false, "last": "[r3-hb] {\"utc\": \"2026-08-11T21:27:04Z\", \"step\": 142, \"phase\": \"sample\", \"g\": 0}"}
[r3-wedge] 2026-08-11T21:28:06Z iter=155 {"alive": true, "pid": 28660, "age_s": 5, "estab": 0, "close_wait": 0, "train_done": false, "last": "[r3-hb] {\"utc\": \"2026-08-11T21:28:01Z\", \"step\": 143, \"phase\": \"sample\", \"g\": 0}"}
[r3-wedge] 2026-08-11T21:29:07Z iter=156 {"alive": true, "pid": 28660, "age_s": 3, "estab": 0, "close_wait": 0, "train_done": false, "last": "[r3-hb] {\"utc\": \"2026-08-11T21:29:04Z\", \"step\": 144, \"phase\": \"sample\", \"g\": 1}"}
[r3-wedge] 2026-08-11T21:30:08Z iter=157 {"alive": true, "pid": 28660, "age_s": 6, "estab": 0, "close_wait": 0, "train_done": false, "last": "[r3-hb] {\"utc\": \"2026-08-11T21:30:02Z\", \"step\": 145, \"phase\": \"sample\", \"g\": 3}"}
[r3-wedge] 2026-08-11T21:31:09Z iter=158 {"alive": true, "pid": 28660, "age_s": 10, "estab": 0, "close_wait": 0, "train_done": false, "last": "[r3-hb] {\"utc\": \"2026-08-11T21:30:59Z\", \"step\": 146, \"phase\": \"sample\", \"g\": 3}"}
[r3-wedge] 2026-08-11T21:32:10Z iter=159 {"alive": true, "pid": 28660, "age_s": 7, "estab": 0, "close_wait": 0, "train_done": false, "last": "[r3-hb] {\"utc\": \"2026-08-11T21:32:03Z\", \"step\": 148, \"phase\": \"sample\", \"g\": 0}"}
[r3-wedge] 2026-08-11T21:33:11Z iter=160 {"alive": true, "pid": 28660, "age_s": 20, "estab": 0, "close_wait": 0, "train_done": false, "last": "[r3-hb] {\"utc\": \"2026-08-11T21:32:51Z\", \"step\": 149, \"phase\": \"sample\", \"g\": 0}"}
[r3-wedge] 2026-08-11T21:34:12Z iter=161 {"alive": true, "pid": 28660, "age_s": 2, "estab": 0, "close_wait": 0, "train_done": false, "last": "[r3-hb] {\"utc\": \"2026-08-11T21:34:10Z\", \"step\": 149, \"phase\": \"score\", \"g\": 3}"}
[r3-wedge] 2026-08-11T21:35:13Z iter=162 {"alive": true, "pid": 28660, "age_s": 6, "estab": 0, "close_wait": 0, "train_done": false, "last": "[r3-hb] {\"utc\": \"2026-08-11T21:35:07Z\", \"step\": 150, \"phase\": \"sample\", \"g\": 3}"}
[r3-wedge] 2026-08-11T21:36:14Z iter=163 {"alive": true, "pid": 28660, "age_s": 11, "estab": 0, "close_wait": 0, "train_done": false, "last": "[r3-hb] {\"utc\": \"2026-08-11T21:36:03Z\", \"step\": 151, \"phase\": \"sample\", \"g\": 2}"}
[r3-wedge] 2026-08-11T21:37:15Z iter=164 {"alive": true, "pid": 28660, "age_s": 2, "estab": 0, "close_wait": 0, "train_done": false, "last": "[r3-hb] {\"utc\": \"2026-08-11T21:37:14Z\", \"step\": 152, \"phase\": \"sample\", \"g\": 2}"}
[r3-wedge] 2026-08-11T21:38:17Z iter=165 {"alive": true, "pid": 28660, "age_s": 13, "estab": 0, "close_wait": 0, "train_done": false, "last": "[r3-hb] {\"utc\": \"2026-08-11T21:38:03Z\", \"step\": 153, \"phase\": \"sample\", \"g\": 1}"}
[r3-wedge] 2026-08-11T21:39:18Z iter=166 {"alive": true, "pid": 28660, "age_s": 8, "estab": 0, "close_wait": 0, "train_done": false, "last": "[r3-hb] {\"utc\": \"2026-08-11T21:39:09Z\", \"step\": 154, \"phase\": \"sample\", \"g\": 1}"}
[r3-wedge] 2026-08-11T21:40:19Z iter=167 {"alive": true, "pid": 28660, "age_s": 11, "estab": 0, "close_wait": 0, "train_done": false, "last": "[r3-hb] {\"utc\": \"2026-08-11T21:40:08Z\", \"step\": 155, \"phase\": \"sample\", \"g\": 1}"}
[r3-wedge] 2026-08-11T21:41:20Z iter=168 {"alive": true, "pid": 28660, "age_s": 13, "estab": 0, "close_wait": 0, "train_done": false, "last": "[r3-hb] {\"utc\": \"2026-08-11T21:41:07Z\", \"step\": 156, \"phase\": \"sample\", \"g\": 0}"}
[r3-wedge] 2026-08-11T21:42:21Z iter=169 {"alive": true, "pid": 28660, "age_s": 10, "estab": 0, "close_wait": 0, "train_done": false, "last": "[r3-hb] {\"utc\": \"2026-08-11T21:42:11Z\", \"step\": 156, \"phase\": \"sample\", \"g\": 3}"}
[r3-wedge] 2026-08-11T21:43:22Z iter=170 {"alive": true, "pid": 28660, "age_s": 7, "estab": 0, "close_wait": 0, "train_done": false, "last": "[r3-hb] {\"utc\": \"2026-08-11T21:43:15Z\", \"step\": 157, \"phase\": \"sample\", \"g\": 2}"}
[r3-wedge] 2026-08-11T21:44:23Z iter=171 {"alive": true, "pid": 28660, "age_s": 54, "estab": 0, "close_wait": 0, "train_done": false, "last": "[r3-hb] {\"utc\": \"2026-08-11T21:43:29Z\", \"step\": 157, \"phase\": \"sample\", \"g\": 3}"}
[r3-wedge] 2026-08-11T21:45:24Z iter=172 {"alive": true, "pid": 28660, "age_s": 14, "estab": 0, "close_wait": 0, "train_done": false, "last": "[r3-hb] {\"utc\": \"2026-08-11T21:45:10Z\", \"step\": 158, \"phase\": \"sample\", \"g\": 3}"}
[r3-wedge] 2026-08-11T21:46:25Z iter=173 {"alive": true, "pid": 28660, "age_s": 9, "estab": 0, "close_wait": 0, "train_done": false, "last": "[r3-hb] {\"utc\": \"2026-08-11T21:46:16Z\", \"step\": 159, \"phase\": \"sample\", \"g\": 3}"}
[r3-wedge] 2026-08-11T21:47:26Z iter=174 {"alive": true, "pid": 28660, "age_s": 17, "estab": 0, "close_wait": 0, "train_done": false, "last": "[r3-hb] {\"utc\": \"2026-08-11T21:47:09Z\", \"step\": 160, \"phase\": \"sample\", \"g\": 2}"}
[r3-wedge] 2026-08-11T21:48:27Z iter=175 {"alive": true, "pid": 28660, "age_s": 9, "estab": 0, "close_wait": 0, "train_done": false, "last": "[r3-hb] {\"utc\": \"2026-08-11T21:48:17Z\", \"step\": 161, \"phase\": \"sample\", \"g\": 2}"}
[r3-wedge] 2026-08-11T21:49:28Z iter=176 {"alive": true, "pid": 28660, "age_s": 14, "estab": 0, "close_wait": 0, "train_done": false, "last": "[r3-hb] {\"utc\": \"2026-08-11T21:49:14Z\", \"step\": 162, \"phase\": \"sample\", \"g\": 2}"}
[r3-wedge] 2026-08-11T21:50:29Z iter=177 {"alive": true, "pid": 28660, "age_s": 10, "estab": 0, "close_wait": 0, "train_done": false, "last": "[r3-hb] {\"utc\": \"2026-08-11T21:50:19Z\", \"step\": 163, \"phase\": \"sample\", \"g\": 2}"}
[r3-wedge] 2026-08-11T21:51:30Z iter=178 {"alive": true, "pid": 28660, "age_s": 6, "estab": 0, "close_wait": 0, "train_done": false, "last": "[r3-hb] {\"utc\": \"2026-08-11T21:51:24Z\", \"step\": 164, \"phase\": \"sample\", \"g\": 2}"}
[r3-wedge] 2026-08-11T21:52:31Z iter=179 {"alive": true, "pid": 28660, "age_s": 15, "estab": 0, "close_wait": 0, "train_done": false, "last": "[r3-hb] {\"utc\": \"2026-08-11T21:52:16Z\", \"step\": 165, \"phase\": \"sample\", \"g\": 1}"}
[r3-wedge] 2026-08-11T21:53:32Z iter=180 {"alive": true, "pid": 28660, "age_s": 9, "estab": 0, "close_wait": 0, "train_done": false, "last": "[r3-hb] {\"utc\": \"2026-08-11T21:53:23Z\", \"step\": 166, \"phase\": \"sample\", \"g\": 1}"}
[r3-wedge] 2026-08-11T21:54:33Z iter=181 {"alive": true, "pid": 28660, "age_s": 1, "estab": 0, "close_wait": 0, "train_done": false, "last": "[r3-hb] {\"utc\": \"2026-08-11T21:54:32Z\", \"step\": 167, \"phase\": \"sample\", \"g\": 1}"}
[r3-wedge] 2026-08-11T21:55:34Z iter=182 {"alive": true, "pid": 28660, "age_s": 1, "estab": 0, "close_wait": 0, "train_done": false, "last": "[r3-hb] {\"utc\": \"2026-08-11T21:55:33Z\", \"step\": 168, \"phase\": \"sample\", \"g\": 0}"}
[r3-wedge] 2026-08-11T21:56:35Z iter=183 {"alive": true, "pid": 28660, "age_s": 6, "estab": 0, "close_wait": 0, "train_done": false, "last": "[r3-hb] {\"utc\": \"2026-08-11T21:56:29Z\", \"step\": 168, \"phase\": \"sample\", \"g\": 3}"}
