-rw-rw-r-- 1 const const 378K Aug  9 07:52 /tmp/mine-h133-stack.tar.gz
HF_OK unconst/Affine-5czsc2fc98-h133-lora
HF_OK unconst/Affine-5czsc2fc98-h133-merged
STACK_UPLOAD_OK
PREEMPT_PID=886
PIPELINE_PID=883
[bootstrap-h133] 2026-08-09T07:52:50Z start host=2f73ee316afb
GPU 0: NVIDIA H200 (UUID: GPU-c5d7cbd2-c3ff-99a1-12b0-a2d8c4baf9dd)
GPU 1: NVIDIA H200 (UUID: GPU-0f285a17-7a29-d304-8a60-6c5a80761421)
GPU 2: NVIDIA H200 (UUID: GPU-6e5dec9c-da73-2fae-e798-ae8d2517dcfc)
GPU 3: NVIDIA H200 (UUID: GPU-b9844c4d-c241-3c76-bee3-f6380f27cb39)
GPU 4: NVIDIA H200 (UUID: GPU-16ad66cd-54f1-6e14-8afe-cccf899030f3)
GPU 5: NVIDIA H200 (UUID: GPU-30e9a855-273c-9075-3b1d-0488e292c5b3)
GPU 6: NVIDIA H200 (UUID: GPU-f222a09d-60d5-fc4c-8507-fab83213912c)
GPU 7: NVIDIA H200 (UUID: GPU-f8143aa6-5ef2-5f77-4873-a9044f41c8a5)
[bootstrap-h133] GPU_COUNT=8
downloading uv 0.12.3 x86_64-unknown-linux-gnu
installing to /root/.local/bin
  uv
  uvx
everything's installed!
Using CPython 3.12.3 interpreter at: /usr/bin/python3.12
Creating virtual environment at: venv
Activate with: source venv/bin/activate
    PID     ELAPSED CMD
    883 441077216-13:24:16 bash /root/mining_src/s4-h133-f38-genesis-rl-l2/bootstrap_h133.sh
UPLOAD_AND_LAUNCH_OK 2026-08-09T07:52:53Z
