[p2247-r24w] 2026-08-12T12:40:25Z wait for /root/r25_from_hf complete
[p2247-r24w] 2026-08-12T12:40:26Z poll=1 DOWNLOADING 52G
[p2247-r24w] 2026-08-12T12:40:57Z poll=2 READY 57G
[p2247-r24w] 2026-08-12T12:40:58Z launch R25-on-R24 serve+n80
SERVE_ARMED pid=114237
[p2247-r24w] 2026-08-12T12:41:02Z DONE
[p2247-r24w] 2026-08-12T12:42:04Z wait for /root/r25_from_hf complete (all 16 shards + config)
[p2247-r24w] 2026-08-12T12:42:05Z poll=1 DOWNLOADING have=11 missing=5 61G
[p2247-r24w] 2026-08-12T12:42:36Z poll=2 DOWNLOADING have=12 missing=4 63G
[p2247-r24w] 2026-08-12T12:43:07Z poll=3 DOWNLOADING have=12 missing=4 64G
[p2247-r24w] 2026-08-12T12:43:38Z poll=4 DOWNLOADING have=13 missing=3 65G
[p2247-r24w] 2026-08-12T12:44:09Z poll=5 DOWNLOADING have=14 missing=2 65G
[p2247-r24w] 2026-08-12T12:44:40Z poll=6 DOWNLOADING have=14 missing=2 66G
[p2247-r24w] 2026-08-12T12:45:10Z poll=7 DOWNLOADING have=14 missing=2 66G
[p2247-r24w] 2026-08-12T12:45:41Z poll=8 DOWNLOADING have=14 missing=2 66G
[p2247-r24w] 2026-08-12T12:46:12Z poll=9 DOWNLOADING have=15 missing=1 66G
[p2247-r24w] 2026-08-12T12:46:43Z poll=10 READY have=16 66G
[p2247-r24w] 2026-08-12T12:46:45Z launch R25-on-R24 serve+n80
SERVE_ARMED pid=116038
[p2247-r24w] 2026-08-12T12:46:48Z DONE
