[fleet-rent] SKIP_PID_LOCK=1 pass-burst (pidfile left for long waiter)
[fleet-rent] 2026-08-12T05:44:21Z start target=25 cap=25 empty_sleep=0.5s parallel=22 max_iters=900 pass=2191 mode=api-unfiltered-8x-POST-rent template=da582e38
[fleet-rent] 2026-08-12T05:44:21Z live_mines=mine-crown-1 mine-r3-grpo-1 mine-r4-fullft-1|count=3
[fleet-rent] 2026-08-12T05:44:22Z iter=1 api-empty B300/B200×8; mine=3/25 (cap 25) next=mine-r24-longctx-1 mine-r25-hitemp-1 mine-r26-lotemp-1 mine-r27-bigg-1 mine-r28-hilr-1 mine-r29-hirank-1… bal=Current balance: 118546.45456810965 USD
[fleet-rent] 2026-08-12T05:44:54Z iter=41 api-empty B300/B200×8; mine=3/25 (cap 25) next=mine-r24-longctx-1 mine-r25-hitemp-1 mine-r26-lotemp-1 mine-r27-bigg-1 mine-r28-hilr-1 mine-r29-hirank-1… bal=Current balance: 118546.45456810965 USD
[fleet-rent] 2026-08-12T05:45:34Z iter=81 api-empty B300/B200×8; mine=3/25 (cap 25) next=mine-r24-longctx-1 mine-r25-hitemp-1 mine-r26-lotemp-1 mine-r27-bigg-1 mine-r28-hilr-1 mine-r29-hirank-1… bal=Current balance: 118525.37763622489 USD
[fleet-rent] 2026-08-12T05:46:06Z iter=121 api-empty B300/B200×8; mine=3/25 (cap 25) next=mine-r24-longctx-1 mine-r25-hitemp-1 mine-r26-lotemp-1 mine-r27-bigg-1 mine-r28-hilr-1 mine-r29-hirank-1… bal=Current balance: 118525.37763622489 USD
[fleet-rent] 2026-08-12T05:46:37Z iter=161 api-empty B300/B200×8; mine=3/25 (cap 25) next=mine-r24-longctx-1 mine-r25-hitemp-1 mine-r26-lotemp-1 mine-r27-bigg-1 mine-r28-hilr-1 mine-r29-hirank-1… bal=Current balance: 118525.37763622489 USD
[fleet-rent] 2026-08-12T05:47:08Z iter=201 api-empty B300/B200×8; mine=3/25 (cap 25) next=mine-r24-longctx-1 mine-r25-hitemp-1 mine-r26-lotemp-1 mine-r27-bigg-1 mine-r28-hilr-1 mine-r29-hirank-1… bal=Current balance: 118525.37763622489 USD
[fleet-rent] 2026-08-12T05:47:40Z iter=241 api-empty B300/B200×8; mine=3/25 (cap 25) next=mine-r24-longctx-1 mine-r25-hitemp-1 mine-r26-lotemp-1 mine-r27-bigg-1 mine-r28-hilr-1 mine-r29-hirank-1… bal=Current balance: 118525.37763622489 USD
[fleet-rent] 2026-08-12T05:48:12Z iter=281 api-empty B300/B200×8; mine=3/25 (cap 25) next=mine-r24-longctx-1 mine-r25-hitemp-1 mine-r26-lotemp-1 mine-r27-bigg-1 mine-r28-hilr-1 mine-r29-hirank-1… bal=Current balance: 118525.37763622489 USD
[fleet-rent] 2026-08-12T05:48:43Z iter=321 api-empty B300/B200×8; mine=3/25 (cap 25) next=mine-r24-longctx-1 mine-r25-hitemp-1 mine-r26-lotemp-1 mine-r27-bigg-1 mine-r28-hilr-1 mine-r29-hirank-1… bal=Current balance: 118525.37763622489 USD
[fleet-rent] 2026-08-12T05:49:16Z iter=361 api-empty B300/B200×8; mine=3/25 (cap 25) next=mine-r24-longctx-1 mine-r25-hitemp-1 mine-r26-lotemp-1 mine-r27-bigg-1 mine-r28-hilr-1 mine-r29-hirank-1… bal=Current balance: 118525.37763622489 USD
[fleet-rent] 2026-08-12T05:49:49Z iter=401 api-empty B300/B200×8; mine=3/25 (cap 25) next=mine-r24-longctx-1 mine-r25-hitemp-1 mine-r26-lotemp-1 mine-r27-bigg-1 mine-r28-hilr-1 mine-r29-hirank-1… bal=Current balance: 118525.37763622489 USD
[fleet-rent] 2026-08-12T05:50:23Z iter=441 api-empty B300/B200×8; mine=3/25 (cap 25) next=mine-r24-longctx-1 mine-r25-hitemp-1 mine-r26-lotemp-1 mine-r27-bigg-1 mine-r28-hilr-1 mine-r29-hirank-1… bal=Current balance: 118504.69650299595 USD
[fleet-rent] 2026-08-12T05:50:54Z iter=481 api-empty B300/B200×8; mine=3/25 (cap 25) next=mine-r24-longctx-1 mine-r25-hitemp-1 mine-r26-lotemp-1 mine-r27-bigg-1 mine-r28-hilr-1 mine-r29-hirank-1… bal=Current balance: 118504.69650299595 USD
[fleet-rent] 2026-08-12T05:51:24Z iter=521 api-empty B300/B200×8; mine=3/25 (cap 25) next=mine-r24-longctx-1 mine-r25-hitemp-1 mine-r26-lotemp-1 mine-r27-bigg-1 mine-r28-hilr-1 mine-r29-hirank-1… bal=Current balance: 118504.69650299595 USD
[fleet-rent] 2026-08-12T05:51:53Z iter=561 api-empty B300/B200×8; mine=3/25 (cap 25) next=mine-r24-longctx-1 mine-r25-hitemp-1 mine-r26-lotemp-1 mine-r27-bigg-1 mine-r28-hilr-1 mine-r29-hirank-1… bal=Current balance: 118504.69650299595 USD
[fleet-rent] 2026-08-12T05:52:22Z iter=601 api-empty B300/B200×8; mine=3/25 (cap 25) next=mine-r24-longctx-1 mine-r25-hitemp-1 mine-r26-lotemp-1 mine-r27-bigg-1 mine-r28-hilr-1 mine-r29-hirank-1… bal=Current balance: 118504.69650299595 USD
[fleet-rent] 2026-08-12T05:52:54Z iter=641 api-empty B300/B200×8; mine=3/25 (cap 25) next=mine-r24-longctx-1 mine-r25-hitemp-1 mine-r26-lotemp-1 mine-r27-bigg-1 mine-r28-hilr-1 mine-r29-hirank-1… bal=Current balance: 118504.69650299595 USD
[fleet-rent] 2026-08-12T05:53:25Z iter=681 api-empty B300/B200×8; mine=3/25 (cap 25) next=mine-r24-longctx-1 mine-r25-hitemp-1 mine-r26-lotemp-1 mine-r27-bigg-1 mine-r28-hilr-1 mine-r29-hirank-1… bal=Current balance: 118504.69650299595 USD
[fleet-rent] 2026-08-12T05:53:59Z iter=721 api-empty B300/B200×8; mine=3/25 (cap 25) next=mine-r24-longctx-1 mine-r25-hitemp-1 mine-r26-lotemp-1 mine-r27-bigg-1 mine-r28-hilr-1 mine-r29-hirank-1… bal=Current balance: 118504.69650299595 USD
[fleet-rent] 2026-08-12T05:54:31Z iter=761 api-empty B300/B200×8; mine=3/25 (cap 25) next=mine-r24-longctx-1 mine-r25-hitemp-1 mine-r26-lotemp-1 mine-r27-bigg-1 mine-r28-hilr-1 mine-r29-hirank-1… bal=Current balance: 118504.69650299595 USD
[fleet-rent] 2026-08-12T05:55:11Z iter=801 api-empty B300/B200×8; mine=3/25 (cap 25) next=mine-r24-longctx-1 mine-r25-hitemp-1 mine-r26-lotemp-1 mine-r27-bigg-1 mine-r28-hilr-1 mine-r29-hirank-1… bal=Current balance: 118483.91400259914 USD
[fleet-rent] 2026-08-12T05:55:46Z iter=841 api-empty B300/B200×8; mine=3/25 (cap 25) next=mine-r24-longctx-1 mine-r25-hitemp-1 mine-r26-lotemp-1 mine-r27-bigg-1 mine-r28-hilr-1 mine-r29-hirank-1… bal=Current balance: 118483.91400259914 USD
[fleet-rent] 2026-08-12T05:56:19Z iter=881 api-empty B300/B200×8; mine=3/25 (cap 25) next=mine-r24-longctx-1 mine-r25-hitemp-1 mine-r26-lotemp-1 mine-r27-bigg-1 mine-r28-hilr-1 mine-r29-hirank-1… bal=Current balance: 118483.91400259914 USD
[fleet-rent] 2026-08-12T05:56:34Z TIMEOUT after 900 iters — mine_count=3
