[fleet-rent] SKIP_PID_LOCK=1 pass-burst (pidfile left for long waiter)
[fleet-rent] 2026-08-12T05:30:32Z start target=25 cap=25 empty_sleep=0.5s parallel=22 max_iters=800 pass=2190 mode=api-unfiltered-8x-POST-rent template=da582e38
[fleet-rent] 2026-08-12T05:30:33Z live_mines=mine-crown-1 mine-r3-grpo-1 mine-r4-fullft-1|count=3
[fleet-rent] 2026-08-12T05:30:34Z iter=1 api-empty B300/B200×8; mine=3/25 (cap 25) next=mine-r24-longctx-1 mine-r25-hitemp-1 mine-r26-lotemp-1 mine-r27-bigg-1 mine-r28-hilr-1 mine-r29-hirank-1… bal=Current balance: 118587.8462142724 USD
[fleet-rent] 2026-08-12T05:31:07Z iter=41 api-empty B300/B200×8; mine=3/25 (cap 25) next=mine-r24-longctx-1 mine-r25-hitemp-1 mine-r26-lotemp-1 mine-r27-bigg-1 mine-r28-hilr-1 mine-r29-hirank-1… bal=Current balance: 118587.8462142724 USD
[fleet-rent] 2026-08-12T05:31:43Z iter=81 api-empty B300/B200×8; mine=3/25 (cap 25) next=mine-r24-longctx-1 mine-r25-hitemp-1 mine-r26-lotemp-1 mine-r27-bigg-1 mine-r28-hilr-1 mine-r29-hirank-1… bal=Current balance: 118587.8462142724 USD
[fleet-rent] 2026-08-12T05:32:16Z iter=121 api-empty B300/B200×8; mine=3/25 (cap 25) next=mine-r24-longctx-1 mine-r25-hitemp-1 mine-r26-lotemp-1 mine-r27-bigg-1 mine-r28-hilr-1 mine-r29-hirank-1… bal=Current balance: 118587.8462142724 USD
[fleet-rent] 2026-08-12T05:32:46Z iter=161 api-empty B300/B200×8; mine=3/25 (cap 25) next=mine-r24-longctx-1 mine-r25-hitemp-1 mine-r26-lotemp-1 mine-r27-bigg-1 mine-r28-hilr-1 mine-r29-hirank-1… bal=Current balance: 118587.8462142724 USD
[fleet-rent] 2026-08-12T05:33:17Z iter=201 api-empty B300/B200×8; mine=3/25 (cap 25) next=mine-r24-longctx-1 mine-r25-hitemp-1 mine-r26-lotemp-1 mine-r27-bigg-1 mine-r28-hilr-1 mine-r29-hirank-1… bal=Current balance: 118587.8462142724 USD
[fleet-rent] 2026-08-12T05:33:49Z iter=241 api-empty B300/B200×8; mine=3/25 (cap 25) next=mine-r24-longctx-1 mine-r25-hitemp-1 mine-r26-lotemp-1 mine-r27-bigg-1 mine-r28-hilr-1 mine-r29-hirank-1… bal=Current balance: 118587.8462142724 USD
[fleet-rent] 2026-08-12T05:34:19Z iter=281 api-empty B300/B200×8; mine=3/25 (cap 25) next=mine-r24-longctx-1 mine-r25-hitemp-1 mine-r26-lotemp-1 mine-r27-bigg-1 mine-r28-hilr-1 mine-r29-hirank-1… bal=Current balance: 118587.8462142724 USD
[fleet-rent] 2026-08-12T05:34:50Z iter=321 api-empty B300/B200×8; mine=3/25 (cap 25) next=mine-r24-longctx-1 mine-r25-hitemp-1 mine-r26-lotemp-1 mine-r27-bigg-1 mine-r28-hilr-1 mine-r29-hirank-1… bal=Current balance: 118587.8462142724 USD
[fleet-rent] 2026-08-12T05:35:24Z iter=361 api-empty B300/B200×8; mine=3/25 (cap 25) next=mine-r24-longctx-1 mine-r25-hitemp-1 mine-r26-lotemp-1 mine-r27-bigg-1 mine-r28-hilr-1 mine-r29-hirank-1… bal=Current balance: 118567.36936920456 USD
[fleet-rent] 2026-08-12T05:35:57Z iter=401 api-empty B300/B200×8; mine=3/25 (cap 25) next=mine-r24-longctx-1 mine-r25-hitemp-1 mine-r26-lotemp-1 mine-r27-bigg-1 mine-r28-hilr-1 mine-r29-hirank-1… bal=Current balance: 118567.36936920456 USD
[fleet-rent] 2026-08-12T05:36:27Z iter=441 api-empty B300/B200×8; mine=3/25 (cap 25) next=mine-r24-longctx-1 mine-r25-hitemp-1 mine-r26-lotemp-1 mine-r27-bigg-1 mine-r28-hilr-1 mine-r29-hirank-1… bal=Current balance: 118567.36936920456 USD
[fleet-rent] 2026-08-12T05:36:58Z iter=481 api-empty B300/B200×8; mine=3/25 (cap 25) next=mine-r24-longctx-1 mine-r25-hitemp-1 mine-r26-lotemp-1 mine-r27-bigg-1 mine-r28-hilr-1 mine-r29-hirank-1… bal=Current balance: 118567.36936920456 USD
[fleet-rent] 2026-08-12T05:37:34Z iter=521 api-empty B300/B200×8; mine=3/25 (cap 25) next=mine-r24-longctx-1 mine-r25-hitemp-1 mine-r26-lotemp-1 mine-r27-bigg-1 mine-r28-hilr-1 mine-r29-hirank-1… bal=Current balance: 118567.36936920456 USD
[fleet-rent] 2026-08-12T05:38:06Z iter=561 api-empty B300/B200×8; mine=3/25 (cap 25) next=mine-r24-longctx-1 mine-r25-hitemp-1 mine-r26-lotemp-1 mine-r27-bigg-1 mine-r28-hilr-1 mine-r29-hirank-1… bal=Current balance: 118567.36936920456 USD
[fleet-rent] 2026-08-12T05:38:40Z iter=601 api-empty B300/B200×8; mine=3/25 (cap 25) next=mine-r24-longctx-1 mine-r25-hitemp-1 mine-r26-lotemp-1 mine-r27-bigg-1 mine-r28-hilr-1 mine-r29-hirank-1… bal=Current balance: 118567.36936920456 USD
[fleet-rent] 2026-08-12T05:39:11Z iter=641 api-empty B300/B200×8; mine=3/25 (cap 25) next=mine-r24-longctx-1 mine-r25-hitemp-1 mine-r26-lotemp-1 mine-r27-bigg-1 mine-r28-hilr-1 mine-r29-hirank-1… bal=Current balance: 118567.36936920456 USD
[fleet-rent] 2026-08-12T05:39:44Z iter=681 api-empty B300/B200×8; mine=3/25 (cap 25) next=mine-r24-longctx-1 mine-r25-hitemp-1 mine-r26-lotemp-1 mine-r27-bigg-1 mine-r28-hilr-1 mine-r29-hirank-1… bal=Current balance: 118567.36936920456 USD
[fleet-rent] 2026-08-12T05:40:21Z iter=721 api-empty B300/B200×8; mine=3/25 (cap 25) next=mine-r24-longctx-1 mine-r25-hitemp-1 mine-r26-lotemp-1 mine-r27-bigg-1 mine-r28-hilr-1 mine-r29-hirank-1… bal=Current balance: 118546.45456810965 USD
[fleet-rent] 2026-08-12T05:40:56Z iter=761 api-empty B300/B200×8; mine=3/25 (cap 25) next=mine-r24-longctx-1 mine-r25-hitemp-1 mine-r26-lotemp-1 mine-r27-bigg-1 mine-r28-hilr-1 mine-r29-hirank-1… bal=Current balance: 118546.45456810965 USD
[fleet-rent] 2026-08-12T05:41:27Z TIMEOUT after 800 iters — mine_count=3
