[fleet-rent] SKIP_PID_LOCK=1 pass-burst (pidfile left for long waiter)
[fleet-rent] 2026-08-12T04:59:50Z start target=25 cap=25 empty_sleep=0.5s parallel=22 max_iters=700 pass=2189 mode=api-unfiltered-8x-POST-rent template=da582e38
[fleet-rent] 2026-08-12T04:59:50Z live_mines=mine-crown-1 mine-r3-grpo-1 mine-r4-fullft-1|count=3
[fleet-rent] 2026-08-12T04:59:51Z iter=1 api-empty B300/B200×8; mine=3/25 (cap 25) next=mine-r24-longctx-1 mine-r25-hitemp-1 mine-r26-lotemp-1 mine-r27-bigg-1 mine-r28-hilr-1 mine-r29-hirank-1… bal=Current balance: 118734.32935887948 USD
[fleet-rent] 2026-08-12T05:00:40Z iter=41 api-empty B300/B200×8; mine=3/25 (cap 25) next=mine-r24-longctx-1 mine-r25-hitemp-1 mine-r26-lotemp-1 mine-r27-bigg-1 mine-r28-hilr-1 mine-r29-hirank-1… bal=Current balance: 118711.94693771335 USD
[fleet-rent] 2026-08-12T05:01:16Z iter=81 api-empty B300/B200×8; mine=3/25 (cap 25) next=mine-r24-longctx-1 mine-r25-hitemp-1 mine-r26-lotemp-1 mine-r27-bigg-1 mine-r28-hilr-1 mine-r29-hirank-1… bal=Current balance: 118711.94693771335 USD
[fleet-rent] 2026-08-12T05:01:48Z iter=121 api-empty B300/B200×8; mine=3/25 (cap 25) next=mine-r24-longctx-1 mine-r25-hitemp-1 mine-r26-lotemp-1 mine-r27-bigg-1 mine-r28-hilr-1 mine-r29-hirank-1… bal=Current balance: 118711.94693771335 USD
[fleet-rent] 2026-08-12T05:02:19Z iter=161 api-empty B300/B200×8; mine=3/25 (cap 25) next=mine-r24-longctx-1 mine-r25-hitemp-1 mine-r26-lotemp-1 mine-r27-bigg-1 mine-r28-hilr-1 mine-r29-hirank-1… bal=Current balance: 118711.94693771335 USD
[fleet-rent] 2026-08-12T05:02:55Z iter=201 api-empty B300/B200×8; mine=3/25 (cap 25) next=mine-r24-longctx-1 mine-r25-hitemp-1 mine-r26-lotemp-1 mine-r27-bigg-1 mine-r28-hilr-1 mine-r29-hirank-1… bal=Current balance: 118711.94693771335 USD
[fleet-rent] 2026-08-12T05:03:30Z iter=241 api-empty B300/B200×8; mine=3/25 (cap 25) next=mine-r24-longctx-1 mine-r25-hitemp-1 mine-r26-lotemp-1 mine-r27-bigg-1 mine-r28-hilr-1 mine-r29-hirank-1… bal=Current balance: 118711.94693771335 USD
[fleet-rent] 2026-08-12T05:04:01Z iter=281 api-empty B300/B200×8; mine=3/25 (cap 25) next=mine-r24-longctx-1 mine-r25-hitemp-1 mine-r26-lotemp-1 mine-r27-bigg-1 mine-r28-hilr-1 mine-r29-hirank-1… bal=Current balance: 118711.94693771335 USD
[fleet-rent] 2026-08-12T05:04:32Z iter=321 api-empty B300/B200×8; mine=3/25 (cap 25) next=mine-r24-longctx-1 mine-r25-hitemp-1 mine-r26-lotemp-1 mine-r27-bigg-1 mine-r28-hilr-1 mine-r29-hirank-1… bal=Current balance: 118711.94693771335 USD
[fleet-rent] 2026-08-12T05:05:06Z iter=361 api-empty B300/B200×8; mine=3/25 (cap 25) next=mine-r24-longctx-1 mine-r25-hitemp-1 mine-r26-lotemp-1 mine-r27-bigg-1 mine-r28-hilr-1 mine-r29-hirank-1… bal=Current balance: 118711.94693771335 USD
[fleet-rent] 2026-08-12T05:05:37Z iter=401 api-empty B300/B200×8; mine=3/25 (cap 25) next=mine-r24-longctx-1 mine-r25-hitemp-1 mine-r26-lotemp-1 mine-r27-bigg-1 mine-r28-hilr-1 mine-r29-hirank-1… bal=Current balance: 118692.542966435 USD
[fleet-rent] 2026-08-12T05:06:07Z iter=441 api-empty B300/B200×8; mine=3/25 (cap 25) next=mine-r24-longctx-1 mine-r25-hitemp-1 mine-r26-lotemp-1 mine-r27-bigg-1 mine-r28-hilr-1 mine-r29-hirank-1… bal=Current balance: 118692.542966435 USD
[fleet-rent] 2026-08-12T05:06:38Z iter=481 api-empty B300/B200×8; mine=3/25 (cap 25) next=mine-r24-longctx-1 mine-r25-hitemp-1 mine-r26-lotemp-1 mine-r27-bigg-1 mine-r28-hilr-1 mine-r29-hirank-1… bal=Current balance: 118692.542966435 USD
[fleet-rent] 2026-08-12T05:07:09Z iter=521 api-empty B300/B200×8; mine=3/25 (cap 25) next=mine-r24-longctx-1 mine-r25-hitemp-1 mine-r26-lotemp-1 mine-r27-bigg-1 mine-r28-hilr-1 mine-r29-hirank-1… bal=Current balance: 118692.542966435 USD
[fleet-rent] 2026-08-12T05:07:40Z iter=561 api-empty B300/B200×8; mine=3/25 (cap 25) next=mine-r24-longctx-1 mine-r25-hitemp-1 mine-r26-lotemp-1 mine-r27-bigg-1 mine-r28-hilr-1 mine-r29-hirank-1… bal=Current balance: 118692.542966435 USD
[fleet-rent] 2026-08-12T05:08:11Z iter=601 api-empty B300/B200×8; mine=3/25 (cap 25) next=mine-r24-longctx-1 mine-r25-hitemp-1 mine-r26-lotemp-1 mine-r27-bigg-1 mine-r28-hilr-1 mine-r29-hirank-1… bal=Current balance: 118692.542966435 USD
[fleet-rent] 2026-08-12T05:08:47Z iter=641 api-empty B300/B200×8; mine=3/25 (cap 25) next=mine-r24-longctx-1 mine-r25-hitemp-1 mine-r26-lotemp-1 mine-r27-bigg-1 mine-r28-hilr-1 mine-r29-hirank-1… bal=Current balance: 118692.542966435 USD
[fleet-rent] 2026-08-12T05:09:22Z iter=681 api-empty B300/B200×8; mine=3/25 (cap 25) next=mine-r24-longctx-1 mine-r25-hitemp-1 mine-r26-lotemp-1 mine-r27-bigg-1 mine-r28-hilr-1 mine-r29-hirank-1… bal=Current balance: 118692.542966435 USD
[fleet-rent] 2026-08-12T05:09:37Z TIMEOUT after 700 iters — mine_count=3
