[fleet-rent] SKIP_PID_LOCK=1 pass-burst (pidfile left for long waiter)
[fleet-rent] 2026-08-12T06:17:57Z start target=25 cap=25 empty_sleep=0.5s parallel=22 max_iters=1200 pass=2193 mode=api-unfiltered-8x-POST-rent template=da582e38
[fleet-rent] 2026-08-12T06:17:58Z live_mines=mine-crown-1 mine-r3-grpo-1 mine-r4-fullft-1|count=3
[fleet-rent] 2026-08-12T06:17:59Z iter=1 api-empty B300/B200×8; mine=3/25 (cap 25) next=mine-r24-longctx-1 mine-r25-hitemp-1 mine-r26-lotemp-1 mine-r27-bigg-1 mine-r28-hilr-1 mine-r29-hirank-1… bal=Current balance: 118400.21616764324 USD
[fleet-rent] 2026-08-12T06:18:30Z iter=41 api-empty B300/B200×8; mine=3/25 (cap 25) next=mine-r24-longctx-1 mine-r25-hitemp-1 mine-r26-lotemp-1 mine-r27-bigg-1 mine-r28-hilr-1 mine-r29-hirank-1… bal=Current balance: 118400.21616764324 USD
[fleet-rent] 2026-08-12T06:19:02Z iter=81 api-empty B300/B200×8; mine=3/25 (cap 25) next=mine-r24-longctx-1 mine-r25-hitemp-1 mine-r26-lotemp-1 mine-r27-bigg-1 mine-r28-hilr-1 mine-r29-hirank-1… bal=Current balance: 118400.21616764324 USD
[fleet-rent] 2026-08-12T06:19:33Z iter=121 api-empty B300/B200×8; mine=3/25 (cap 25) next=mine-r24-longctx-1 mine-r25-hitemp-1 mine-r26-lotemp-1 mine-r27-bigg-1 mine-r28-hilr-1 mine-r29-hirank-1… bal=Current balance: 118400.21616764324 USD
[fleet-rent] 2026-08-12T06:20:06Z iter=161 api-empty B300/B200×8; mine=3/25 (cap 25) next=mine-r24-longctx-1 mine-r25-hitemp-1 mine-r26-lotemp-1 mine-r27-bigg-1 mine-r28-hilr-1 mine-r29-hirank-1… bal=Current balance: 118400.21616764324 USD
[fleet-rent] 2026-08-12T06:20:40Z iter=201 api-empty B300/B200×8; mine=3/25 (cap 25) next=mine-r24-longctx-1 mine-r25-hitemp-1 mine-r26-lotemp-1 mine-r27-bigg-1 mine-r28-hilr-1 mine-r29-hirank-1… bal=Current balance: 118379.46863805469 USD
[fleet-rent] 2026-08-12T06:21:11Z iter=241 api-empty B300/B200×8; mine=3/25 (cap 25) next=mine-r24-longctx-1 mine-r25-hitemp-1 mine-r26-lotemp-1 mine-r27-bigg-1 mine-r28-hilr-1 mine-r29-hirank-1… bal=Current balance: 118379.46863805469 USD
[fleet-rent] 2026-08-12T06:21:41Z iter=281 api-empty B300/B200×8; mine=3/25 (cap 25) next=mine-r24-longctx-1 mine-r25-hitemp-1 mine-r26-lotemp-1 mine-r27-bigg-1 mine-r28-hilr-1 mine-r29-hirank-1… bal=Current balance: 118379.46863805469 USD
[fleet-rent] 2026-08-12T06:22:11Z iter=321 api-empty B300/B200×8; mine=3/25 (cap 25) next=mine-r24-longctx-1 mine-r25-hitemp-1 mine-r26-lotemp-1 mine-r27-bigg-1 mine-r28-hilr-1 mine-r29-hirank-1… bal=Current balance: 118379.46863805469 USD
[fleet-rent] 2026-08-12T06:22:43Z iter=361 api-empty B300/B200×8; mine=3/25 (cap 25) next=mine-r24-longctx-1 mine-r25-hitemp-1 mine-r26-lotemp-1 mine-r27-bigg-1 mine-r28-hilr-1 mine-r29-hirank-1… bal=Current balance: 118379.46863805469 USD
[fleet-rent] 2026-08-12T06:23:16Z iter=401 api-empty B300/B200×8; mine=3/25 (cap 25) next=mine-r24-longctx-1 mine-r25-hitemp-1 mine-r26-lotemp-1 mine-r27-bigg-1 mine-r28-hilr-1 mine-r29-hirank-1… bal=Current balance: 118379.46863805469 USD
[fleet-rent] 2026-08-12T06:23:54Z iter=441 api-empty B300/B200×8; mine=3/25 (cap 25) next=mine-r24-longctx-1 mine-r25-hitemp-1 mine-r26-lotemp-1 mine-r27-bigg-1 mine-r28-hilr-1 mine-r29-hirank-1… bal=Current balance: 118379.46863805469 USD
[fleet-rent] 2026-08-12T06:24:28Z iter=481 api-empty B300/B200×8; mine=3/25 (cap 25) next=mine-r24-longctx-1 mine-r25-hitemp-1 mine-r26-lotemp-1 mine-r27-bigg-1 mine-r28-hilr-1 mine-r29-hirank-1… bal=Current balance: 118379.46863805469 USD
[fleet-rent] 2026-08-12T06:25:03Z iter=521 api-empty B300/B200×8; mine=3/25 (cap 25) next=mine-r24-longctx-1 mine-r25-hitemp-1 mine-r26-lotemp-1 mine-r27-bigg-1 mine-r28-hilr-1 mine-r29-hirank-1… bal=Current balance: 118379.46863805469 USD
[fleet-rent] 2026-08-12T06:25:37Z iter=561 api-empty B300/B200×8; mine=3/25 (cap 25) next=mine-r24-longctx-1 mine-r25-hitemp-1 mine-r26-lotemp-1 mine-r27-bigg-1 mine-r28-hilr-1 mine-r29-hirank-1… bal=Current balance: 118358.697186751 USD
[fleet-rent] 2026-08-12T06:26:11Z iter=601 api-empty B300/B200×8; mine=3/25 (cap 25) next=mine-r24-longctx-1 mine-r25-hitemp-1 mine-r26-lotemp-1 mine-r27-bigg-1 mine-r28-hilr-1 mine-r29-hirank-1… bal=Current balance: 118358.697186751 USD
[fleet-rent] 2026-08-12T06:26:42Z iter=641 api-empty B300/B200×8; mine=3/25 (cap 25) next=mine-r24-longctx-1 mine-r25-hitemp-1 mine-r26-lotemp-1 mine-r27-bigg-1 mine-r28-hilr-1 mine-r29-hirank-1… bal=Current balance: 118358.697186751 USD
[fleet-rent] 2026-08-12T06:27:15Z iter=681 api-empty B300/B200×8; mine=3/25 (cap 25) next=mine-r24-longctx-1 mine-r25-hitemp-1 mine-r26-lotemp-1 mine-r27-bigg-1 mine-r28-hilr-1 mine-r29-hirank-1… bal=Current balance: 118358.697186751 USD
[fleet-rent] 2026-08-12T06:27:47Z iter=721 api-empty B300/B200×8; mine=3/25 (cap 25) next=mine-r24-longctx-1 mine-r25-hitemp-1 mine-r26-lotemp-1 mine-r27-bigg-1 mine-r28-hilr-1 mine-r29-hirank-1… bal=Current balance: 118358.697186751 USD
[fleet-rent] 2026-08-12T06:28:17Z iter=761 api-empty B300/B200×8; mine=3/25 (cap 25) next=mine-r24-longctx-1 mine-r25-hitemp-1 mine-r26-lotemp-1 mine-r27-bigg-1 mine-r28-hilr-1 mine-r29-hirank-1… bal=Current balance: 118358.697186751 USD
[fleet-rent] 2026-08-12T06:28:48Z iter=801 api-empty B300/B200×8; mine=3/25 (cap 25) next=mine-r24-longctx-1 mine-r25-hitemp-1 mine-r26-lotemp-1 mine-r27-bigg-1 mine-r28-hilr-1 mine-r29-hirank-1… bal=Current balance: 118358.697186751 USD
[fleet-rent] 2026-08-12T06:29:19Z iter=841 api-empty B300/B200×8; mine=3/25 (cap 25) next=mine-r24-longctx-1 mine-r25-hitemp-1 mine-r26-lotemp-1 mine-r27-bigg-1 mine-r28-hilr-1 mine-r29-hirank-1… bal=Current balance: 118358.697186751 USD
[fleet-rent] 2026-08-12T06:29:53Z iter=881 api-empty B300/B200×8; mine=3/25 (cap 25) next=mine-r24-longctx-1 mine-r25-hitemp-1 mine-r26-lotemp-1 mine-r27-bigg-1 mine-r28-hilr-1 mine-r29-hirank-1… bal=Current balance: 118358.697186751 USD
[fleet-rent] 2026-08-12T06:30:30Z iter=921 api-empty B300/B200×8; mine=3/25 (cap 25) next=mine-r24-longctx-1 mine-r25-hitemp-1 mine-r26-lotemp-1 mine-r27-bigg-1 mine-r28-hilr-1 mine-r29-hirank-1… bal=Current balance: 118337.37647015002 USD
[fleet-rent] 2026-08-12T06:31:00Z iter=961 api-empty B300/B200×8; mine=3/25 (cap 25) next=mine-r24-longctx-1 mine-r25-hitemp-1 mine-r26-lotemp-1 mine-r27-bigg-1 mine-r28-hilr-1 mine-r29-hirank-1… bal=Current balance: 118337.37647015002 USD
[fleet-rent] 2026-08-12T06:31:31Z iter=1001 api-empty B300/B200×8; mine=3/25 (cap 25) next=mine-r24-longctx-1 mine-r25-hitemp-1 mine-r26-lotemp-1 mine-r27-bigg-1 mine-r28-hilr-1 mine-r29-hirank-1… bal=Current balance: 118337.37647015002 USD
[fleet-rent] 2026-08-12T06:32:03Z iter=1041 api-empty B300/B200×8; mine=3/25 (cap 25) next=mine-r24-longctx-1 mine-r25-hitemp-1 mine-r26-lotemp-1 mine-r27-bigg-1 mine-r28-hilr-1 mine-r29-hirank-1… bal=Current balance: 118337.37647015002 USD
[fleet-rent] 2026-08-12T06:32:33Z iter=1081 api-empty B300/B200×8; mine=3/25 (cap 25) next=mine-r24-longctx-1 mine-r25-hitemp-1 mine-r26-lotemp-1 mine-r27-bigg-1 mine-r28-hilr-1 mine-r29-hirank-1… bal=Current balance: 118337.37647015002 USD
[fleet-rent] 2026-08-12T06:33:03Z iter=1121 api-empty B300/B200×8; mine=3/25 (cap 25) next=mine-r24-longctx-1 mine-r25-hitemp-1 mine-r26-lotemp-1 mine-r27-bigg-1 mine-r28-hilr-1 mine-r29-hirank-1… bal=Current balance: 118337.37647015002 USD
[fleet-rent] 2026-08-12T06:33:34Z iter=1161 api-empty B300/B200×8; mine=3/25 (cap 25) next=mine-r24-longctx-1 mine-r25-hitemp-1 mine-r26-lotemp-1 mine-r27-bigg-1 mine-r28-hilr-1 mine-r29-hirank-1… bal=Current balance: 118337.37647015002 USD
[fleet-rent] 2026-08-12T06:34:04Z TIMEOUT after 1200 iters — mine_count=3
