[fleet-rent] 2026-08-11T18:26:58Z start target=13 cap=25 poll=30s max_iters=720 pass=2068
[fleet-rent] 2026-08-11T18:26:59Z live_mines=mine-r3-grpo-1 mine-crown-1 |count=2
[fleet-rent] 2026-08-11T18:27:03Z iter=1 no 8×B300/B200; mine=2/13 (cap 25) next=mine-r4-fullft-1 bal=Current balance: 121200.78334708961 USD
[fleet-rent] 2026-08-11T18:32:34Z iter=11 no 8×B300/B200; mine=2/13 (cap 25) next=mine-r4-fullft-1 bal=Current balance: 121185.06855208692 USD
[fleet-rent] 2026-08-11T18:38:05Z iter=21 no 8×B300/B200; mine=2/13 (cap 25) next=mine-r4-fullft-1 bal=Current balance: 121169.76381362612 USD
[fleet-rent] 2026-08-11T18:43:37Z iter=31 no 8×B300/B200; mine=2/13 (cap 25) next=mine-r4-fullft-1 bal=Current balance: 121154.16524429625 USD
[fleet-rent] 2026-08-11T18:49:09Z iter=41 no 8×B300/B200; mine=2/13 (cap 25) next=mine-r4-fullft-1 bal=Current balance: 121138.46836710704 USD
[fleet-rent] 2026-08-11T18:54:40Z iter=51 no 8×B300/B200; mine=2/13 (cap 25) next=mine-r4-fullft-1 bal=Current balance: 121123.07664332782 USD
[fleet-rent] 2026-08-11T19:00:13Z iter=61 no 8×B300/B200; mine=2/13 (cap 25) next=mine-r4-fullft-1 bal=Current balance: 121107.57304621047 USD
[fleet-rent] 2026-08-11T19:05:44Z iter=71 no 8×B300/B200; mine=2/13 (cap 25) next=mine-r4-fullft-1 bal=Current balance: 121076.52117969948 USD
[fleet-rent] 2026-08-11T19:11:16Z iter=81 no 8×B300/B200; mine=2/13 (cap 25) next=mine-r4-fullft-1 bal=Current balance: 121060.73618176748 USD
[fleet-rent] 2026-08-11T19:16:48Z iter=91 no 8×B300/B200; mine=2/13 (cap 25) next=mine-r4-fullft-1 bal=Current balance: 121045.24047710859 USD
[fleet-rent] 2026-08-11T19:22:23Z iter=101 no 8×B300/B200; mine=2/13 (cap 25) next=mine-r4-fullft-1 bal=Current balance: 121029.81139644503 USD
[fleet-rent] 2026-08-11T19:27:57Z iter=111 no 8×B300/B200; mine=2/13 (cap 25) next=mine-r4-fullft-1 bal=Current balance: 121014.22787212749 USD
[fleet-rent] 2026-08-11T19:33:30Z iter=121 no 8×B300/B200; mine=2/13 (cap 25) next=mine-r4-fullft-1 bal=Current balance: 120998.61497700044 USD
[fleet-rent] 2026-08-11T19:34:21Z start target=25 cap=25 poll=30s max_iters=720 pass=2084
[fleet-rent] 2026-08-11T19:34:22Z live_mines=mine-r3-grpo-1 mine-crown-1 |count=2
[fleet-rent] 2026-08-11T19:34:26Z iter=1 no 8×B300/B200; mine=2/25 (cap 25) next=mine-r4-fullft-1 bal=Current balance: 120998.61497700044 USD
[fleet-rent] 2026-08-11T19:37:58Z start target=25 cap=25 poll=30s max_iters=720 pass=2085
[fleet-rent] 2026-08-11T19:37:59Z live_mines=mine-r3-grpo-1 mine-crown-1 |count=2
[fleet-rent] 2026-08-11T19:38:03Z iter=1 no 8×B300/B200; mine=2/25 (cap 25) next=mine-r4-fullft-1 bal=Current balance: 120983.35530075253 USD
[fleet-rent] 2026-08-11T19:40:58Z start target=25 cap=25 poll=30s max_iters=720 pass=2086
[fleet-rent] 2026-08-11T19:40:59Z live_mines=mine-r3-grpo-1 mine-crown-1 |count=2
[fleet-rent] 2026-08-11T19:41:02Z iter=1 no 8×B300/B200; mine=2/25 (cap 25) next=mine-r4-fullft-1 bal=Current balance: 120967.71972089252 USD
[fleet-rent] 2026-08-11T19:44:26Z start target=25 cap=25 poll=30s max_iters=720 pass=2087
[fleet-rent] 2026-08-11T19:44:27Z live_mines=mine-r3-grpo-1 mine-crown-1 |count=2
[fleet-rent] 2026-08-11T19:44:31Z iter=1 no 8×B300/B200; mine=2/25 (cap 25) next=mine-r4-fullft-1 bal=Current balance: 120967.71972089252 USD
[fleet-rent] 2026-08-11T19:48:52Z start target=25 cap=25 poll=30s max_iters=720 pass=2088
[fleet-rent] 2026-08-11T19:48:53Z live_mines=mine-r3-grpo-1 mine-crown-1 |count=2
[fleet-rent] 2026-08-11T19:48:57Z iter=1 no 8×B300/B200; mine=2/25 (cap 25) next=mine-r4-fullft-1 bal=Current balance: 120952.17464844217 USD
[fleet-rent] 2026-08-11T19:52:40Z start target=25 cap=25 poll=30s max_iters=720 pass=2089
[fleet-rent] 2026-08-11T19:52:41Z live_mines=mine-r3-grpo-1 mine-crown-1 |count=2
[fleet-rent] 2026-08-11T19:52:45Z iter=1 no 8×B300/B200; mine=2/25 (cap 25) next=mine-r4-fullft-1 bal=Current balance: 120936.62844428048 USD
[fleet-rent] 2026-08-11T19:58:17Z iter=11 no 8×B300/B200; mine=2/25 (cap 25) next=mine-r4-fullft-1 bal=Current balance: 120921.18175280672 USD
[fleet-rent] 2026-08-11T19:59:15Z start target=25 cap=25 poll=30s max_iters=720 pass=2091
[fleet-rent] 2026-08-11T19:59:16Z live_mines=mine-r3-grpo-1 mine-crown-1 |count=2
[fleet-rent] 2026-08-11T19:59:19Z iter=1 no 8×B300/B200; mine=2/25 (cap 25) next=mine-r4-fullft-1 bal=Current balance: 120921.18175280672 USD
[fleet-rent] 2026-08-11T20:02:27Z start target=25 cap=25 poll=30s max_iters=720 pass=2092
[fleet-rent] 2026-08-11T20:02:29Z live_mines=mine-r3-grpo-1 mine-crown-1 |count=2
[fleet-rent] 2026-08-11T20:02:32Z iter=1 no 8×B300/B200; mine=2/25 (cap 25) next=mine-r4-fullft-1 bal=Current balance: 120904.83959671712 USD
[fleet-rent] 2026-08-11T20:05:11Z start target=25 cap=25 poll=30s max_iters=720 pass=2093
[fleet-rent] 2026-08-11T20:05:13Z live_mines=mine-r3-grpo-1 mine-crown-1 |count=2
[fleet-rent] 2026-08-11T20:05:18Z iter=1 no 8×B300/B200; mine=2/25 (cap 25) next=mine-r4-fullft-1 bal=Current balance: 120890.00035151342 USD
[fleet-rent] 2026-08-11T20:07:29Z start target=25 cap=25 poll=30s max_iters=720 pass=2094
[fleet-rent] 2026-08-11T20:07:30Z live_mines=mine-r3-grpo-1 mine-crown-1 |count=2
[fleet-rent] 2026-08-11T20:07:34Z iter=1 no 8×B300/B200; mine=2/25 (cap 25) next=mine-r4-fullft-1 bal=Current balance: 120890.00035151342 USD
[fleet-rent] 2026-08-11T20:10:17Z start target=25 cap=25 poll=30s max_iters=720 pass=2095
[fleet-rent] 2026-08-11T20:10:18Z live_mines=mine-r3-grpo-1 mine-crown-1 |count=2
[fleet-rent] 2026-08-11T20:10:21Z iter=1 no 8×B300/B200; mine=2/25 (cap 25) next=mine-r4-fullft-1 bal=Current balance: 120874.58023024515 USD
[fleet-rent] 2026-08-11T20:13:47Z start target=25 cap=25 poll=30s max_iters=720 pass=2096
[fleet-rent] 2026-08-11T20:13:48Z live_mines=mine-r3-grpo-1 mine-crown-1 |count=2
[fleet-rent] 2026-08-11T20:13:52Z iter=1 no 8×B300/B200; mine=2/25 (cap 25) next=mine-r4-fullft-1 bal=Current balance: 120874.58023024515 USD
[fleet-rent] 2026-08-11T20:17:23Z start target=25 cap=25 poll=30s max_iters=720 pass=2097
[fleet-rent] 2026-08-11T20:17:24Z live_mines=mine-r3-grpo-1 mine-crown-1 |count=2
[fleet-rent] 2026-08-11T20:17:28Z iter=1 no 8×B300/B200; mine=2/25 (cap 25) next=mine-r4-fullft-1 bal=Current balance: 120858.99815608715 USD
[fleet-rent] 2026-08-11T20:21:39Z start target=25 cap=25 poll=10s max_iters=2160 pass=2098
[fleet-rent] 2026-08-11T20:21:40Z live_mines=mine-r3-grpo-1 mine-crown-1 |count=2
[fleet-rent] 2026-08-11T20:21:44Z iter=1 no 8×B300/B200; mine=2/25 (cap 25) next=mine-r4-fullft-1 bal=Current balance: 120843.44709684452 USD
[fleet-rent] 2026-08-11T20:23:55Z iter=11 no 8×B300/B200; mine=2/25 (cap 25) next=mine-r4-fullft-1 bal=Current balance: 120843.44709684452 USD
[fleet-rent] 2026-08-11T20:25:09Z start target=25 cap=25 poll=10s max_iters=2160 pass=2099
[fleet-rent] 2026-08-11T20:25:10Z live_mines=mine-r3-grpo-1 mine-crown-1 |count=2
[fleet-rent] 2026-08-11T20:25:14Z iter=1 no 8×B300/B200; mine=2/25 (cap 25) next=mine-r4-fullft-1 bal=Current balance: 120827.95408424035 USD
[fleet-rent] 2026-08-11T20:27:25Z iter=11 no 8×B300/B200; mine=2/25 (cap 25) next=mine-r4-fullft-1 bal=Current balance: 120827.95408424035 USD
[fleet-rent] 2026-08-11T20:27:29Z start target=25 cap=25 poll=10s max_iters=2160 pass=2100
[fleet-rent] 2026-08-11T20:27:30Z live_mines=mine-r3-grpo-1 mine-crown-1 |count=2
[fleet-rent] 2026-08-11T20:27:34Z iter=1 no 8×B300/B200; mine=2/25 (cap 25) next=mine-r4-fullft-1 bal=Current balance: 120827.95408424035 USD
[fleet-rent] 2026-08-11T20:29:45Z iter=11 no 8×B300/B200; mine=2/25 (cap 25) next=mine-r4-fullft-1 bal=Current balance: 120827.95408424035 USD
[fleet-rent] 2026-08-11T20:30:44Z start target=25 cap=25 poll=10s max_iters=2160 pass=2101
[fleet-rent] 2026-08-11T20:30:45Z live_mines=mine-r3-grpo-1 mine-crown-1 |count=2
[fleet-rent] 2026-08-11T20:30:49Z iter=1 no 8×B300/B200; mine=2/25 (cap 25) next=mine-r4-fullft-1 bal=Current balance: 120812.08944579925 USD
[fleet-rent] 2026-08-11T20:33:00Z iter=11 no 8×B300/B200; mine=2/25 (cap 25) next=mine-r4-fullft-1 bal=Current balance: 120812.08944579925 USD
[fleet-rent] 2026-08-11T20:35:12Z start target=25 cap=25 poll=10s max_iters=2160 pass=2102
[fleet-rent] 2026-08-11T20:35:13Z live_mines=mine-r3-grpo-1 mine-crown-1 |count=2
[fleet-rent] 2026-08-11T20:35:17Z iter=1 no 8×B300/B200; mine=2/25 (cap 25) next=mine-r4-fullft-1 bal=Current balance: 120796.95072697916 USD
[fleet-rent] 2026-08-11T20:37:28Z iter=11 no 8×B300/B200; mine=2/25 (cap 25) next=mine-r4-fullft-1 bal=Current balance: 120796.95072697916 USD
[fleet-rent] 2026-08-11T20:39:40Z iter=21 no 8×B300/B200; mine=2/25 (cap 25) next=mine-r4-fullft-1 bal=Current balance: 120796.95072697916 USD
[fleet-rent] 2026-08-11T20:39:42Z start target=25 cap=25 poll=10s max_iters=2160 pass=2103
[fleet-rent] 2026-08-11T20:39:43Z live_mines=mine-r3-grpo-1 mine-crown-1 |count=2
[fleet-rent] 2026-08-11T20:39:47Z iter=1 no 8×B300/B200; mine=2/25 (cap 25) next=mine-r4-fullft-1 bal=Current balance: 120796.95072697916 USD
[fleet-rent] 2026-08-11T20:41:59Z iter=11 no 8×B300/B200; mine=2/25 (cap 25) next=mine-r4-fullft-1 bal=Current balance: 120781.34008495533 USD
[fleet-rent] 2026-08-11T20:42:02Z start target=25 cap=25 poll=10s max_iters=2160 pass=2104
[fleet-rent] 2026-08-11T20:42:04Z live_mines=mine-r3-grpo-1 mine-crown-1 |count=2
[fleet-rent] 2026-08-11T20:42:07Z iter=1 no 8×B300/B200; mine=2/25 (cap 25) next=mine-r4-fullft-1 bal=Current balance: 120781.34008495533 USD
[fleet-rent] 2026-08-11T20:44:18Z iter=11 no 8×B300/B200; mine=2/25 (cap 25) next=mine-r4-fullft-1 bal=Current balance: 120781.34008495533 USD
[fleet-rent] 2026-08-11T20:44:56Z start target=25 cap=25 poll=10s max_iters=2160 pass=2105
[fleet-rent] 2026-08-11T20:44:57Z live_mines=mine-r3-grpo-1 mine-crown-1 |count=2
[fleet-rent] 2026-08-11T20:45:05Z iter=1 no 8×B300/B200; mine=2/25 (cap 25) next=mine-r4-fullft-1 bal=Current balance: 120781.34008495533 USD
[fleet-rent] 2026-08-11T20:47:21Z iter=11 no 8×B300/B200; mine=2/25 (cap 25) next=mine-r4-fullft-1 bal=Current balance: 120765.66487767607 USD
[fleet-rent] 2026-08-11T20:49:33Z iter=21 no 8×B300/B200; mine=2/25 (cap 25) next=mine-r4-fullft-1 bal=Current balance: 120765.66487767607 USD
[fleet-rent] 2026-08-11T20:51:47Z iter=31 no 8×B300/B200; mine=2/25 (cap 25) next=mine-r4-fullft-1 bal=Current balance: 120750.25000710378 USD
[fleet-rent] 2026-08-11T20:53:35Z start target=25 cap=25 poll=10s max_iters=2160 pass=2107
[fleet-rent] 2026-08-11T20:53:37Z live_mines=mine-r3-grpo-1 mine-crown-1 |count=2
[fleet-rent] 2026-08-11T20:53:40Z iter=1 no 8×B300/B200; mine=2/25 (cap 25) next=mine-r4-fullft-1 bal=Current balance: 120750.25000710378 USD
[fleet-rent] 2026-08-11T20:53:47Z start target=25 cap=25 poll=10s max_iters=2160 pass=2107
[fleet-rent] 2026-08-11T20:53:48Z live_mines=mine-r3-grpo-1 mine-crown-1 |count=2
[fleet-rent] 2026-08-11T20:53:51Z iter=1 no 8×B300/B200; mine=2/25 (cap 25) next=mine-r4-fullft-1 bal=Current balance: 120750.25000710378 USD
[fleet-rent] 2026-08-11T20:56:02Z iter=11 no 8×B300/B200; mine=2/25 (cap 25) next=mine-r4-fullft-1 bal=Current balance: 120734.78944220448 USD
[fleet-rent] 2026-08-11T20:57:46Z attempting lium up gpu=B300 name=mine-r4-fullft-1 ttl=24h
Est. deploy time: ~1m 0s (image: ~3.5 GB, download: 371 Mbps)
[fleet-rent] 2026-08-11T20:58:08Z start target=25 cap=25 poll=10s max_iters=2160 pass=2108
[fleet-rent] 2026-08-11T20:58:09Z live_mines=mine-r3-grpo-1 mine-r4-fullft-1 mine-crown-1 |count=3
Pod noble-orbit-9d (name: mine-r4-fullft-1, id: 
70f95aab-68aa-4389-b845-337f938b4c9f) ready
[fleet-rent] 2026-08-11T20:58:13Z iter=1 no 8×B300/B200; mine=3/25 (cap 25) next=mine-r5-nonking-1 bal=Current balance: 120734.78944220448 USD
[fleet-rent] 2026-08-11T21:00:26Z iter=11 no 8×B300/B200; mine=3/25 (cap 25) next=mine-r5-nonking-1 bal=Current balance: 120715.75991298069 USD
[fleet-rent] 2026-08-11T21:02:39Z iter=21 no 8×B300/B200; mine=3/25 (cap 25) next=mine-r5-nonking-1 bal=Current balance: 120715.75991298069 USD
[fleet-rent] 2026-08-11T21:04:28Z start target=25 cap=25 poll=3s max_iters=2160 pass=2109
[fleet-rent] 2026-08-11T21:04:29Z live_mines=mine-r3-grpo-1 mine-r4-fullft-1 mine-crown-1 |count=3
[fleet-rent] 2026-08-11T21:04:32Z iter=1 no 8×B300/B200; mine=3/25 (cap 25) next=mine-r5-nonking-1 bal=Current balance: 120715.75991298069 USD
[fleet-rent] 2026-08-11T21:05:38Z iter=11 no 8×B300/B200; mine=3/25 (cap 25) next=mine-r5-nonking-1 bal=Current balance: 120695.78806000199 USD
[fleet-rent] 2026-08-11T21:06:39Z iter=21 no 8×B300/B200; mine=3/25 (cap 25) next=mine-r5-nonking-1 bal=Current balance: 120695.78806000199 USD
[fleet-rent] 2026-08-11T21:07:28Z start target=25 cap=25 poll=1s max_iters=2160 pass=2110
[fleet-rent] 2026-08-11T21:07:30Z live_mines=mine-r3-grpo-1 mine-r4-fullft-1 mine-crown-1 |count=3
[fleet-rent] 2026-08-11T21:07:33Z iter=1 no 8×B300/B200; mine=3/25 (cap 25) next=mine-r5-nonking-1 bal=Current balance: 120695.78806000199 USD
[fleet-rent] 2026-08-11T21:08:15Z iter=11 no 8×B300/B200; mine=3/25 (cap 25) next=mine-r5-nonking-1 bal=Current balance: 120695.78806000199 USD
[fleet-rent] 2026-08-11T21:08:56Z iter=21 no 8×B300/B200; mine=3/25 (cap 25) next=mine-r5-nonking-1 bal=Current balance: 120695.78806000199 USD
[fleet-rent] 2026-08-11T21:09:36Z iter=31 no 8×B300/B200; mine=3/25 (cap 25) next=mine-r5-nonking-1 bal=Current balance: 120695.78806000199 USD
