[fleet-boot] 2026-08-11T18:31:22Z start poll=20s max_iters=1800 pass=2069 stamp_dir=/home/const/subnet120/mining/experiments/fleet-rent/artifacts
[fleet-boot] 2026-08-11T18:31:22Z iter=1 rented_stamps=0
0 bootstrapped=0
0
[fleet-boot] 2026-08-11T18:31:55Z start poll=20s max_iters=1800 pass=2069 stamp_dir=/home/const/subnet120/mining/experiments/fleet-rent/artifacts
[fleet-boot] 2026-08-11T18:31:55Z iter=1 rented_stamps=0 bootstrapped=0
[fleet-boot] 2026-08-11T18:36:55Z iter=16 rented_stamps=0 bootstrapped=0
[fleet-boot] 2026-08-11T18:41:55Z iter=31 rented_stamps=0 bootstrapped=0
[fleet-boot] 2026-08-11T18:46:55Z iter=46 rented_stamps=0 bootstrapped=0
[fleet-boot] 2026-08-11T18:51:55Z iter=61 rented_stamps=0 bootstrapped=0
[fleet-boot] 2026-08-11T18:56:55Z iter=76 rented_stamps=0 bootstrapped=0
[fleet-boot] 2026-08-11T19:01:55Z iter=91 rented_stamps=0 bootstrapped=0
[fleet-boot] 2026-08-11T19:04:07Z start poll=20s max_iters=1800 pass=2074 stamp_dir=/home/const/subnet120/mining/experiments/fleet-rent/artifacts
[fleet-boot] 2026-08-11T19:04:07Z iter=1 rented_stamps=0 bootstrapped=0
[fleet-boot] 2026-08-11T19:07:19Z start poll=20s max_iters=1800 pass=2075 stamp_dir=/home/const/subnet120/mining/experiments/fleet-rent/artifacts
[fleet-boot] 2026-08-11T19:07:19Z iter=1 rented_stamps=0 bootstrapped=0
[fleet-boot] 2026-08-11T19:09:51Z start poll=20s max_iters=1800 pass=2076 stamp_dir=/home/const/subnet120/mining/experiments/fleet-rent/artifacts
[fleet-boot] 2026-08-11T19:09:51Z iter=1 rented_stamps=0 bootstrapped=0
[fleet-boot] 2026-08-11T19:12:09Z start poll=20s max_iters=1800 pass=2077 stamp_dir=/home/const/subnet120/mining/experiments/fleet-rent/artifacts
[fleet-boot] 2026-08-11T19:12:09Z iter=1 rented_stamps=0 bootstrapped=0
[fleet-boot] 2026-08-11T19:14:50Z start poll=20s max_iters=1800 pass=2078 stamp_dir=/home/const/subnet120/mining/experiments/fleet-rent/artifacts
[fleet-boot] 2026-08-11T19:14:50Z iter=1 rented_stamps=0 bootstrapped=0
[fleet-boot] 2026-08-11T19:18:21Z start poll=20s max_iters=1800 pass=2079 stamp_dir=/home/const/subnet120/mining/experiments/fleet-rent/artifacts
[fleet-boot] 2026-08-11T19:18:21Z iter=1 rented_stamps=0 bootstrapped=0
[fleet-boot] 2026-08-11T19:21:29Z start poll=20s max_iters=1800 pass=2080 stamp_dir=/home/const/subnet120/mining/experiments/fleet-rent/artifacts
[fleet-boot] 2026-08-11T19:21:29Z iter=1 rented_stamps=0 bootstrapped=0
[fleet-boot] 2026-08-11T19:24:40Z start poll=20s max_iters=1800 pass=2081 stamp_dir=/home/const/subnet120/mining/experiments/fleet-rent/artifacts
[fleet-boot] 2026-08-11T19:24:40Z iter=1 rented_stamps=0 bootstrapped=0
[fleet-boot] 2026-08-11T19:27:55Z start poll=20s max_iters=1800 pass=2082 stamp_dir=/home/const/subnet120/mining/experiments/fleet-rent/artifacts
[fleet-boot] 2026-08-11T19:27:55Z iter=1 rented_stamps=0 bootstrapped=0
[fleet-boot] 2026-08-11T19:30:18Z start poll=20s max_iters=1800 pass=2083 stamp_dir=/home/const/subnet120/mining/experiments/fleet-rent/artifacts
[fleet-boot] 2026-08-11T19:30:18Z iter=1 rented_stamps=0 bootstrapped=0
[fleet-boot] 2026-08-11T19:34:22Z start poll=20s max_iters=1800 pass=2084 stamp_dir=/home/const/subnet120/mining/experiments/fleet-rent/artifacts
[fleet-boot] 2026-08-11T19:34:22Z iter=1 rented_stamps=0 bootstrapped=0
[fleet-boot] 2026-08-11T19:38:01Z start poll=20s max_iters=1800 pass=2085 stamp_dir=/home/const/subnet120/mining/experiments/fleet-rent/artifacts
[fleet-boot] 2026-08-11T19:38:01Z iter=1 rented_stamps=0 bootstrapped=0
[fleet-boot] 2026-08-11T19:40:58Z start poll=20s max_iters=1800 pass=2086 stamp_dir=/home/const/subnet120/mining/experiments/fleet-rent/artifacts
[fleet-boot] 2026-08-11T19:40:58Z iter=1 rented_stamps=0 bootstrapped=0
[fleet-boot] 2026-08-11T19:44:26Z start poll=20s max_iters=1800 pass=2087 stamp_dir=/home/const/subnet120/mining/experiments/fleet-rent/artifacts
[fleet-boot] 2026-08-11T19:44:26Z iter=1 rented_stamps=0 bootstrapped=0
[fleet-boot] 2026-08-11T19:48:52Z start poll=20s max_iters=1800 pass=2088 stamp_dir=/home/const/subnet120/mining/experiments/fleet-rent/artifacts
[fleet-boot] 2026-08-11T19:48:52Z iter=1 rented_stamps=0 bootstrapped=0
[fleet-boot] 2026-08-11T19:52:40Z start poll=20s max_iters=1800 pass=2089 stamp_dir=/home/const/subnet120/mining/experiments/fleet-rent/artifacts
[fleet-boot] 2026-08-11T19:52:40Z iter=1 rented_stamps=0 bootstrapped=0
[fleet-boot] 2026-08-11T19:57:40Z iter=16 rented_stamps=0 bootstrapped=0
[fleet-boot] 2026-08-11T19:59:15Z start poll=20s max_iters=1800 pass=2091 stamp_dir=/home/const/subnet120/mining/experiments/fleet-rent/artifacts
[fleet-boot] 2026-08-11T19:59:15Z iter=1 rented_stamps=0 bootstrapped=0
[fleet-boot] 2026-08-11T20:02:27Z start poll=20s max_iters=1800 pass=2092 stamp_dir=/home/const/subnet120/mining/experiments/fleet-rent/artifacts
[fleet-boot] 2026-08-11T20:02:27Z iter=1 rented_stamps=0 bootstrapped=0
[fleet-boot] 2026-08-11T20:05:11Z start poll=20s max_iters=1800 pass=2093 stamp_dir=/home/const/subnet120/mining/experiments/fleet-rent/artifacts
[fleet-boot] 2026-08-11T20:05:11Z iter=1 rented_stamps=0 bootstrapped=0
[fleet-boot] 2026-08-11T20:07:30Z start poll=20s max_iters=1800 pass=2094 stamp_dir=/home/const/subnet120/mining/experiments/fleet-rent/artifacts
[fleet-boot] 2026-08-11T20:07:30Z iter=1 rented_stamps=0 bootstrapped=0
[fleet-boot] 2026-08-11T20:10:17Z start poll=20s max_iters=1800 pass=2095 stamp_dir=/home/const/subnet120/mining/experiments/fleet-rent/artifacts
[fleet-boot] 2026-08-11T20:10:17Z iter=1 rented_stamps=0 bootstrapped=0
[fleet-boot] 2026-08-11T20:13:47Z start poll=20s max_iters=1800 pass=2096 stamp_dir=/home/const/subnet120/mining/experiments/fleet-rent/artifacts
[fleet-boot] 2026-08-11T20:13:47Z iter=1 rented_stamps=0 bootstrapped=0
[fleet-boot] 2026-08-11T20:17:24Z start poll=20s max_iters=1800 pass=2097 stamp_dir=/home/const/subnet120/mining/experiments/fleet-rent/artifacts
[fleet-boot] 2026-08-11T20:17:24Z iter=1 rented_stamps=0 bootstrapped=0
[fleet-boot] 2026-08-11T20:21:39Z start poll=20s max_iters=1800 pass=2098 stamp_dir=/home/const/subnet120/mining/experiments/fleet-rent/artifacts
[fleet-boot] 2026-08-11T20:21:39Z iter=1 rented_stamps=0 bootstrapped=0
[fleet-boot] 2026-08-11T20:25:09Z start poll=20s max_iters=1800 pass=2099 stamp_dir=/home/const/subnet120/mining/experiments/fleet-rent/artifacts
[fleet-boot] 2026-08-11T20:25:09Z iter=1 rented_stamps=0 bootstrapped=0
[fleet-boot] 2026-08-11T20:27:30Z start poll=10s max_iters=1800 pass=2100 stamp_dir=/home/const/subnet120/mining/experiments/fleet-rent/artifacts
[fleet-boot] 2026-08-11T20:27:30Z iter=1 rented_stamps=0 bootstrapped=0
[fleet-boot] 2026-08-11T20:30:00Z iter=16 rented_stamps=0 bootstrapped=0
[fleet-boot] 2026-08-11T20:30:45Z start poll=10s max_iters=1800 pass=2101 stamp_dir=/home/const/subnet120/mining/experiments/fleet-rent/artifacts
[fleet-boot] 2026-08-11T20:30:45Z iter=1 rented_stamps=0 bootstrapped=0
[fleet-boot] 2026-08-11T20:33:15Z iter=16 rented_stamps=0 bootstrapped=0
[fleet-boot] 2026-08-11T20:35:12Z start poll=10s max_iters=1800 pass=2102 stamp_dir=/home/const/subnet120/mining/experiments/fleet-rent/artifacts
[fleet-boot] 2026-08-11T20:35:12Z iter=1 rented_stamps=0 bootstrapped=0
[fleet-boot] 2026-08-11T20:37:42Z iter=16 rented_stamps=0 bootstrapped=0
[fleet-boot] 2026-08-11T20:39:43Z start poll=10s max_iters=1800 pass=2103 stamp_dir=/home/const/subnet120/mining/experiments/fleet-rent/artifacts
[fleet-boot] 2026-08-11T20:39:43Z iter=1 rented_stamps=0 bootstrapped=0
[fleet-boot] 2026-08-11T20:42:26Z start poll=10s max_iters=1800 pass=2104 stamp_dir=/home/const/subnet120/mining/experiments/fleet-rent/artifacts
[fleet-boot] 2026-08-11T20:42:26Z iter=1 rented_stamps=0 bootstrapped=0
[fleet-boot] 2026-08-11T20:44:57Z start poll=10s max_iters=1800 pass=2105 stamp_dir=/home/const/subnet120/mining/experiments/fleet-rent/artifacts
[fleet-boot] 2026-08-11T20:44:57Z iter=1 rented_stamps=0 bootstrapped=0
[fleet-boot] 2026-08-11T20:47:27Z iter=16 rented_stamps=0 bootstrapped=0
[fleet-boot] 2026-08-11T20:49:57Z iter=31 rented_stamps=0 bootstrapped=0
[fleet-boot] 2026-08-11T20:52:27Z iter=46 rented_stamps=0 bootstrapped=0
[fleet-boot] 2026-08-11T20:53:47Z start poll=10s max_iters=1800 pass=2107 stamp_dir=/home/const/subnet120/mining/experiments/fleet-rent/artifacts
[fleet-boot] 2026-08-11T20:53:47Z iter=1 rented_stamps=0 bootstrapped=0
[fleet-boot] 2026-08-11T20:56:17Z iter=16 rented_stamps=0 bootstrapped=0
[fleet-boot] 2026-08-11T20:58:08Z start poll=10s max_iters=1800 pass=2108 stamp_dir=/home/const/subnet120/mining/experiments/fleet-rent/artifacts
[fleet-boot] 2026-08-11T20:58:08Z iter=1 rented_stamps=0 bootstrapped=0
[fleet-boot] 2026-08-11T20:59:08Z new stamp rented_mine-r4-fullft-1.json name=mine-r4-fullft-1 axis=R4 — resolve SSH
[fleet-boot] 2026-08-11T20:59:09Z bootstrap R4 upload_and_launch name=mine-r4-fullft-1 host=86.38.182.50 port=40307
-rw-rw-r-- 1 const const 405K Aug 11 20:59 /tmp/mine-r4-stack.tar.gz
HF_OK unconst/Affine-5czsc2fc98-r4-fullft
R4_DEADLINES soft=2026-08-12T19:59:17Z dead=2026-08-12T20:29:17Z
STACK_UPLOAD_OK
PIPELINE_PID=1374
[bootstrap-h121] 2026-08-11T20:59:29Z start host=c4e57ca0deba
GPU 0: NVIDIA B300 SXM6 AC (UUID: GPU-ee552503-17fd-c120-72e7-a7216d4b90a9)
GPU 1: NVIDIA B300 SXM6 AC (UUID: GPU-3649f200-2a1f-18c7-7c9c-bc4118579416)
GPU 2: NVIDIA B300 SXM6 AC (UUID: GPU-2eb6abbc-2646-0c13-1be7-a2b970df35d1)
GPU 3: NVIDIA B300 SXM6 AC (UUID: GPU-54b1cc69-3e2d-42fc-67c3-126d89ee721e)
GPU 4: NVIDIA B300 SXM6 AC (UUID: GPU-e0fb6ee4-dd24-68d0-0a5a-2f2a921de77c)
GPU 5: NVIDIA B300 SXM6 AC (UUID: GPU-5efe6e08-2183-f088-898d-43bc9dea4089)
GPU 6: NVIDIA B300 SXM6 AC (UUID: GPU-3fd51aff-7b46-2580-e050-7d959c07fa3c)
GPU 7: NVIDIA B300 SXM6 AC (UUID: GPU-8301f3ed-c104-5559-9557-0462c436bdb8)
[bootstrap-h121] GPU_COUNT=8
downloading uv 0.12.3 x86_64-unknown-linux-gnu
installing to /root/.local/bin
  uv
  uvx
everything's installed!
Using CPython 3.12.3 interpreter at: /usr/bin/python3.12
Creating virtual environment at: venv
Activate with: source venv/bin/activate
    PID     ELAPSED CMD
   1374 441077227-18:26:40 bash /root/mining_src/s4-h121-f26-full-ft/bootstrap_h121.sh
8
UPLOAD_AND_LAUNCH_OK pod=mine-r4-fullft-1 2026-08-11T20:59:34Z
[fleet-boot] 2026-08-11T20:59:34Z BOOTSTRAPPED mine-r4-fullft-1 → /home/const/subnet120/mining/experiments/fleet-rent/artifacts/bootstrapped/rented_mine-r4-fullft-1.json.bootstrapped
[fleet-boot] 2026-08-11T21:01:04Z iter=16 rented_stamps=1 bootstrapped=1
[fleet-boot] 2026-08-11T21:03:34Z iter=31 rented_stamps=1 bootstrapped=1
[fleet-boot] 2026-08-11T21:04:28Z start poll=10s max_iters=1800 pass=2109 stamp_dir=/home/const/subnet120/mining/experiments/fleet-rent/artifacts
[fleet-boot] 2026-08-11T21:04:28Z iter=1 rented_stamps=1 bootstrapped=1
[fleet-boot] 2026-08-11T21:06:58Z iter=16 rented_stamps=1 bootstrapped=1
[fleet-boot] 2026-08-11T21:07:30Z start poll=5s max_iters=1800 pass=2110 stamp_dir=/home/const/subnet120/mining/experiments/fleet-rent/artifacts
[fleet-boot] 2026-08-11T21:07:30Z iter=1 rented_stamps=1 bootstrapped=1
[fleet-boot] 2026-08-11T21:08:45Z iter=16 rented_stamps=1 bootstrapped=1
[fleet-boot] 2026-08-11T21:10:01Z iter=31 rented_stamps=1 bootstrapped=1
[fleet-boot] 2026-08-11T21:11:16Z iter=46 rented_stamps=1 bootstrapped=1
[fleet-boot] 2026-08-11T21:12:31Z iter=61 rented_stamps=1 bootstrapped=1
[fleet-boot] 2026-08-11T21:13:46Z iter=76 rented_stamps=1 bootstrapped=1
[fleet-boot] 2026-08-11T21:15:01Z iter=91 rented_stamps=1 bootstrapped=1
[fleet-boot] 2026-08-11T21:16:16Z iter=106 rented_stamps=1 bootstrapped=1
[fleet-boot] 2026-08-11T21:17:31Z iter=121 rented_stamps=1 bootstrapped=1
[fleet-boot] 2026-08-11T21:18:46Z iter=136 rented_stamps=1 bootstrapped=1
[fleet-boot] 2026-08-11T21:20:01Z iter=151 rented_stamps=1 bootstrapped=1
[fleet-boot] 2026-08-11T21:21:16Z iter=166 rented_stamps=1 bootstrapped=1
[fleet-boot] 2026-08-11T21:22:31Z iter=181 rented_stamps=1 bootstrapped=1
[fleet-boot] 2026-08-11T21:23:46Z iter=196 rented_stamps=1 bootstrapped=1
[fleet-boot] 2026-08-11T21:25:01Z iter=211 rented_stamps=1 bootstrapped=1
[fleet-boot] 2026-08-11T21:26:17Z iter=226 rented_stamps=1 bootstrapped=1
[fleet-boot] 2026-08-11T21:27:32Z iter=241 rented_stamps=1 bootstrapped=1
[fleet-boot] 2026-08-11T21:28:47Z iter=256 rented_stamps=1 bootstrapped=1
[fleet-boot] 2026-08-11T21:30:02Z iter=271 rented_stamps=1 bootstrapped=1
[fleet-boot] 2026-08-11T21:31:17Z iter=286 rented_stamps=1 bootstrapped=1
[fleet-boot] 2026-08-11T21:32:32Z iter=301 rented_stamps=1 bootstrapped=1
[fleet-boot] 2026-08-11T21:33:47Z iter=316 rented_stamps=1 bootstrapped=1
[fleet-boot] 2026-08-11T21:35:02Z iter=331 rented_stamps=1 bootstrapped=1
[fleet-boot] 2026-08-11T21:36:17Z iter=346 rented_stamps=1 bootstrapped=1
[fleet-boot] 2026-08-11T21:37:32Z iter=361 rented_stamps=1 bootstrapped=1
[fleet-boot] 2026-08-11T21:38:47Z iter=376 rented_stamps=1 bootstrapped=1
[fleet-boot] 2026-08-11T21:40:02Z iter=391 rented_stamps=1 bootstrapped=1
[fleet-boot] 2026-08-11T21:41:17Z iter=406 rented_stamps=1 bootstrapped=1
[fleet-boot] 2026-08-11T21:42:32Z iter=421 rented_stamps=1 bootstrapped=1
[fleet-boot] 2026-08-11T21:43:48Z iter=436 rented_stamps=1 bootstrapped=1
[fleet-boot] 2026-08-11T21:45:03Z iter=451 rented_stamps=1 bootstrapped=1
[fleet-boot] 2026-08-11T21:46:18Z iter=466 rented_stamps=1 bootstrapped=1
[fleet-boot] 2026-08-11T21:47:33Z iter=481 rented_stamps=1 bootstrapped=1
[fleet-boot] 2026-08-11T21:48:48Z iter=496 rented_stamps=1 bootstrapped=1
[fleet-boot] 2026-08-11T21:50:03Z iter=511 rented_stamps=1 bootstrapped=1
[fleet-boot] 2026-08-11T21:51:18Z iter=526 rented_stamps=1 bootstrapped=1
[fleet-boot] 2026-08-11T21:52:33Z iter=541 rented_stamps=1 bootstrapped=1
[fleet-boot] 2026-08-11T21:53:48Z iter=556 rented_stamps=1 bootstrapped=1
[fleet-boot] 2026-08-11T21:55:03Z iter=571 rented_stamps=1 bootstrapped=1
[fleet-boot] 2026-08-11T21:56:18Z iter=586 rented_stamps=1 bootstrapped=1
[fleet-boot] 2026-08-11T21:57:33Z iter=601 rented_stamps=1 bootstrapped=1
[fleet-boot] 2026-08-11T21:58:48Z iter=616 rented_stamps=1 bootstrapped=1
[fleet-boot] 2026-08-11T22:00:04Z iter=631 rented_stamps=1 bootstrapped=1
[fleet-boot] 2026-08-11T22:01:19Z iter=646 rented_stamps=1 bootstrapped=1
[fleet-boot] 2026-08-11T22:02:34Z iter=661 rented_stamps=1 bootstrapped=1
[fleet-boot] 2026-08-11T22:03:49Z iter=676 rented_stamps=1 bootstrapped=1
[fleet-boot] 2026-08-11T22:05:04Z iter=691 rented_stamps=1 bootstrapped=1
[fleet-boot] 2026-08-11T22:06:19Z iter=706 rented_stamps=1 bootstrapped=1
[fleet-boot] 2026-08-11T22:07:34Z iter=721 rented_stamps=1 bootstrapped=1
[fleet-boot] 2026-08-11T22:08:49Z iter=736 rented_stamps=1 bootstrapped=1
[fleet-boot] 2026-08-11T22:10:04Z iter=751 rented_stamps=1 bootstrapped=1
[fleet-boot] 2026-08-11T22:11:19Z iter=766 rented_stamps=1 bootstrapped=1
[fleet-boot] 2026-08-11T22:12:34Z iter=781 rented_stamps=1 bootstrapped=1
[fleet-boot] 2026-08-11T22:13:49Z iter=796 rented_stamps=1 bootstrapped=1
[fleet-boot] 2026-08-11T22:15:04Z iter=811 rented_stamps=1 bootstrapped=1
[fleet-boot] 2026-08-11T22:16:19Z iter=826 rented_stamps=1 bootstrapped=1
[fleet-boot] 2026-08-11T22:17:35Z iter=841 rented_stamps=1 bootstrapped=1
[fleet-boot] 2026-08-11T22:18:50Z iter=856 rented_stamps=1 bootstrapped=1
[fleet-boot] 2026-08-11T22:20:05Z iter=871 rented_stamps=1 bootstrapped=1
[fleet-boot] 2026-08-11T22:21:20Z iter=886 rented_stamps=1 bootstrapped=1
[fleet-boot] 2026-08-11T22:22:35Z iter=901 rented_stamps=1 bootstrapped=1
[fleet-boot] 2026-08-11T22:23:50Z iter=916 rented_stamps=1 bootstrapped=1
[fleet-boot] 2026-08-11T22:25:05Z iter=931 rented_stamps=1 bootstrapped=1
[fleet-boot] 2026-08-11T22:26:20Z iter=946 rented_stamps=1 bootstrapped=1
[fleet-boot] 2026-08-11T22:27:35Z iter=961 rented_stamps=1 bootstrapped=1
[fleet-boot] 2026-08-11T22:28:50Z iter=976 rented_stamps=1 bootstrapped=1
[fleet-boot] 2026-08-11T22:30:05Z iter=991 rented_stamps=1 bootstrapped=1
[fleet-boot] 2026-08-11T22:31:20Z iter=1006 rented_stamps=1 bootstrapped=1
[fleet-boot] 2026-08-11T22:32:35Z iter=1021 rented_stamps=1 bootstrapped=1
[fleet-boot] 2026-08-11T22:33:51Z iter=1036 rented_stamps=1 bootstrapped=1
[fleet-boot] 2026-08-11T22:35:06Z iter=1051 rented_stamps=1 bootstrapped=1
[fleet-boot] 2026-08-11T22:36:21Z iter=1066 rented_stamps=1 bootstrapped=1
[fleet-boot] 2026-08-11T22:37:36Z iter=1081 rented_stamps=1 bootstrapped=1
[fleet-boot] 2026-08-11T22:38:51Z iter=1096 rented_stamps=1 bootstrapped=1
[fleet-boot] 2026-08-11T22:40:06Z iter=1111 rented_stamps=1 bootstrapped=1
[fleet-boot] 2026-08-11T22:41:21Z iter=1126 rented_stamps=1 bootstrapped=1
[fleet-boot] 2026-08-11T22:42:36Z iter=1141 rented_stamps=1 bootstrapped=1
[fleet-boot] 2026-08-11T22:43:51Z iter=1156 rented_stamps=1 bootstrapped=1
[fleet-boot] 2026-08-11T22:45:06Z iter=1171 rented_stamps=1 bootstrapped=1
[fleet-boot] 2026-08-11T22:46:21Z iter=1186 rented_stamps=1 bootstrapped=1
[fleet-boot] 2026-08-11T22:47:36Z iter=1201 rented_stamps=1 bootstrapped=1
[fleet-boot] 2026-08-11T22:48:51Z iter=1216 rented_stamps=1 bootstrapped=1
[fleet-boot] 2026-08-11T22:50:06Z iter=1231 rented_stamps=1 bootstrapped=1
[fleet-boot] 2026-08-11T22:51:22Z iter=1246 rented_stamps=1 bootstrapped=1
[fleet-boot] 2026-08-11T22:52:37Z iter=1261 rented_stamps=1 bootstrapped=1
[fleet-boot] 2026-08-11T22:53:52Z iter=1276 rented_stamps=1 bootstrapped=1
[fleet-boot] 2026-08-11T22:55:07Z iter=1291 rented_stamps=1 bootstrapped=1
[fleet-boot] 2026-08-11T22:56:22Z iter=1306 rented_stamps=1 bootstrapped=1
[fleet-boot] 2026-08-11T22:57:37Z iter=1321 rented_stamps=1 bootstrapped=1
[fleet-boot] 2026-08-11T22:58:52Z iter=1336 rented_stamps=1 bootstrapped=1
[fleet-boot] 2026-08-11T23:00:07Z iter=1351 rented_stamps=1 bootstrapped=1
[fleet-boot] 2026-08-11T23:01:22Z iter=1366 rented_stamps=1 bootstrapped=1
[fleet-boot] 2026-08-11T23:02:37Z iter=1381 rented_stamps=1 bootstrapped=1
[fleet-boot] 2026-08-11T23:03:52Z iter=1396 rented_stamps=1 bootstrapped=1
[fleet-boot] 2026-08-11T23:05:07Z iter=1411 rented_stamps=1 bootstrapped=1
[fleet-boot] 2026-08-11T23:06:22Z iter=1426 rented_stamps=1 bootstrapped=1
[fleet-boot] 2026-08-11T23:07:38Z iter=1441 rented_stamps=1 bootstrapped=1
[fleet-boot] 2026-08-11T23:08:53Z iter=1456 rented_stamps=1 bootstrapped=1
[fleet-boot] 2026-08-11T23:10:08Z iter=1471 rented_stamps=1 bootstrapped=1
[fleet-boot] 2026-08-11T23:11:23Z iter=1486 rented_stamps=1 bootstrapped=1
[fleet-boot] 2026-08-11T23:12:38Z iter=1501 rented_stamps=1 bootstrapped=1
[fleet-boot] 2026-08-11T23:13:53Z iter=1516 rented_stamps=1 bootstrapped=1
[fleet-boot] 2026-08-11T23:15:08Z iter=1531 rented_stamps=1 bootstrapped=1
[fleet-boot] 2026-08-11T23:16:23Z iter=1546 rented_stamps=1 bootstrapped=1
[fleet-boot] 2026-08-11T23:17:38Z iter=1561 rented_stamps=1 bootstrapped=1
[fleet-boot] 2026-08-11T23:18:53Z iter=1576 rented_stamps=1 bootstrapped=1
[fleet-boot] 2026-08-11T23:20:08Z iter=1591 rented_stamps=1 bootstrapped=1
[fleet-boot] 2026-08-11T23:21:23Z iter=1606 rented_stamps=1 bootstrapped=1
[fleet-boot] 2026-08-11T23:22:38Z iter=1621 rented_stamps=1 bootstrapped=1
[fleet-boot] 2026-08-11T23:23:53Z iter=1636 rented_stamps=1 bootstrapped=1
[fleet-boot] 2026-08-11T23:25:09Z iter=1651 rented_stamps=1 bootstrapped=1
[fleet-boot] 2026-08-11T23:26:24Z iter=1666 rented_stamps=1 bootstrapped=1
[fleet-boot] 2026-08-11T23:27:39Z iter=1681 rented_stamps=1 bootstrapped=1
[fleet-boot] 2026-08-11T23:28:54Z iter=1696 rented_stamps=1 bootstrapped=1
[fleet-boot] 2026-08-11T23:30:09Z iter=1711 rented_stamps=1 bootstrapped=1
[fleet-boot] 2026-08-11T23:31:24Z iter=1726 rented_stamps=1 bootstrapped=1
[fleet-boot] 2026-08-11T23:32:39Z iter=1741 rented_stamps=1 bootstrapped=1
[fleet-boot] 2026-08-11T23:33:54Z iter=1756 rented_stamps=1 bootstrapped=1
[fleet-boot] 2026-08-11T23:35:09Z iter=1771 rented_stamps=1 bootstrapped=1
[fleet-boot] 2026-08-11T23:36:24Z iter=1786 rented_stamps=1 bootstrapped=1
[fleet-boot] 2026-08-11T23:37:39Z TIMEOUT after 1800 iters
[fleet-boot] 2026-08-11T23:40:17Z start poll=5s max_iters=86400 pass=2135 stamp_dir=/home/const/subnet120/mining/experiments/fleet-rent/artifacts
[fleet-boot] 2026-08-11T23:40:17Z iter=1 rented_stamps=1 bootstrapped=1
[fleet-boot] 2026-08-11T23:41:32Z iter=16 rented_stamps=1 bootstrapped=1
[fleet-boot] 2026-08-11T23:42:47Z iter=31 rented_stamps=1 bootstrapped=1
[fleet-boot] 2026-08-11T23:44:02Z iter=46 rented_stamps=1 bootstrapped=1
[fleet-boot] 2026-08-11T23:45:17Z iter=61 rented_stamps=1 bootstrapped=1
[fleet-boot] 2026-08-11T23:46:32Z iter=76 rented_stamps=1 bootstrapped=1
[fleet-boot] 2026-08-11T23:47:47Z iter=91 rented_stamps=1 bootstrapped=1
[fleet-boot] 2026-08-11T23:49:02Z iter=106 rented_stamps=1 bootstrapped=1
[fleet-boot] 2026-08-11T23:50:18Z iter=121 rented_stamps=1 bootstrapped=1
[fleet-boot] 2026-08-11T23:51:33Z iter=136 rented_stamps=1 bootstrapped=1
[fleet-boot] 2026-08-11T23:52:48Z iter=151 rented_stamps=1 bootstrapped=1
[fleet-boot] 2026-08-11T23:54:03Z iter=166 rented_stamps=1 bootstrapped=1
[fleet-boot] 2026-08-11T23:55:18Z iter=181 rented_stamps=1 bootstrapped=1
[fleet-boot] 2026-08-11T23:56:33Z iter=196 rented_stamps=1 bootstrapped=1
[fleet-boot] 2026-08-11T23:57:48Z iter=211 rented_stamps=1 bootstrapped=1
[fleet-boot] 2026-08-11T23:59:03Z iter=226 rented_stamps=1 bootstrapped=1
[fleet-boot] 2026-08-12T00:00:18Z iter=241 rented_stamps=1 bootstrapped=1
[fleet-boot] 2026-08-12T00:01:33Z iter=256 rented_stamps=1 bootstrapped=1
[fleet-boot] 2026-08-12T00:02:48Z iter=271 rented_stamps=1 bootstrapped=1
[fleet-boot] 2026-08-12T00:04:03Z iter=286 rented_stamps=1 bootstrapped=1
[fleet-boot] 2026-08-12T00:05:19Z iter=301 rented_stamps=1 bootstrapped=1
[fleet-boot] 2026-08-12T00:06:34Z iter=316 rented_stamps=1 bootstrapped=1
[fleet-boot] 2026-08-12T00:07:49Z iter=331 rented_stamps=1 bootstrapped=1
[fleet-boot] 2026-08-12T00:09:04Z iter=346 rented_stamps=1 bootstrapped=1
[fleet-boot] 2026-08-12T00:10:19Z iter=361 rented_stamps=1 bootstrapped=1
[fleet-boot] 2026-08-12T00:11:34Z iter=376 rented_stamps=1 bootstrapped=1
[fleet-boot] 2026-08-12T00:12:49Z iter=391 rented_stamps=1 bootstrapped=1
[fleet-boot] 2026-08-12T00:14:04Z iter=406 rented_stamps=1 bootstrapped=1
[fleet-boot] 2026-08-12T00:15:19Z iter=421 rented_stamps=1 bootstrapped=1
[fleet-boot] 2026-08-12T00:16:34Z iter=436 rented_stamps=1 bootstrapped=1
[fleet-boot] 2026-08-12T00:17:49Z iter=451 rented_stamps=1 bootstrapped=1
[fleet-boot] 2026-08-12T00:19:05Z iter=466 rented_stamps=1 bootstrapped=1
[fleet-boot] 2026-08-12T00:20:20Z iter=481 rented_stamps=1 bootstrapped=1
[fleet-boot] 2026-08-12T00:21:35Z iter=496 rented_stamps=1 bootstrapped=1
[fleet-boot] 2026-08-12T00:22:50Z iter=511 rented_stamps=1 bootstrapped=1
[fleet-boot] 2026-08-12T00:24:05Z iter=526 rented_stamps=1 bootstrapped=1
[fleet-boot] 2026-08-12T00:25:20Z iter=541 rented_stamps=1 bootstrapped=1
[fleet-boot] 2026-08-12T00:26:35Z iter=556 rented_stamps=1 bootstrapped=1
[fleet-boot] 2026-08-12T00:27:50Z iter=571 rented_stamps=1 bootstrapped=1
[fleet-boot] 2026-08-12T00:29:05Z iter=586 rented_stamps=1 bootstrapped=1
[fleet-boot] 2026-08-12T00:30:20Z iter=601 rented_stamps=1 bootstrapped=1
[fleet-boot] 2026-08-12T00:31:35Z iter=616 rented_stamps=1 bootstrapped=1
[fleet-boot] 2026-08-12T00:32:51Z iter=631 rented_stamps=1 bootstrapped=1
[fleet-boot] 2026-08-12T00:34:06Z iter=646 rented_stamps=1 bootstrapped=1
[fleet-boot] 2026-08-12T00:35:21Z iter=661 rented_stamps=1 bootstrapped=1
[fleet-boot] 2026-08-12T00:36:36Z iter=676 rented_stamps=1 bootstrapped=1
[fleet-boot] 2026-08-12T00:37:51Z iter=691 rented_stamps=1 bootstrapped=1
[fleet-boot] 2026-08-12T00:39:06Z iter=706 rented_stamps=1 bootstrapped=1
[fleet-boot] 2026-08-12T00:40:21Z iter=721 rented_stamps=1 bootstrapped=1
[fleet-boot] 2026-08-12T00:41:36Z iter=736 rented_stamps=1 bootstrapped=1
[fleet-boot] 2026-08-12T00:42:51Z iter=751 rented_stamps=1 bootstrapped=1
[fleet-boot] 2026-08-12T00:44:06Z iter=766 rented_stamps=1 bootstrapped=1
[fleet-boot] 2026-08-12T00:45:21Z iter=781 rented_stamps=1 bootstrapped=1
[fleet-boot] 2026-08-12T00:46:36Z iter=796 rented_stamps=1 bootstrapped=1
[fleet-boot] 2026-08-12T00:47:52Z iter=811 rented_stamps=1 bootstrapped=1
[fleet-boot] 2026-08-12T00:49:07Z iter=826 rented_stamps=1 bootstrapped=1
[fleet-boot] 2026-08-12T00:50:22Z iter=841 rented_stamps=1 bootstrapped=1
[fleet-boot] 2026-08-12T00:51:37Z iter=856 rented_stamps=1 bootstrapped=1
[fleet-boot] 2026-08-12T00:52:52Z iter=871 rented_stamps=1 bootstrapped=1
[fleet-boot] 2026-08-12T00:54:07Z iter=886 rented_stamps=1 bootstrapped=1
[fleet-boot] 2026-08-12T00:55:22Z iter=901 rented_stamps=1 bootstrapped=1
[fleet-boot] 2026-08-12T00:56:37Z iter=916 rented_stamps=1 bootstrapped=1
[fleet-boot] 2026-08-12T00:57:52Z iter=931 rented_stamps=1 bootstrapped=1
[fleet-boot] 2026-08-12T00:59:07Z iter=946 rented_stamps=1 bootstrapped=1
[fleet-boot] 2026-08-12T01:00:22Z iter=961 rented_stamps=1 bootstrapped=1
[fleet-boot] 2026-08-12T01:01:38Z iter=976 rented_stamps=1 bootstrapped=1
[fleet-boot] 2026-08-12T01:02:53Z iter=991 rented_stamps=1 bootstrapped=1
[fleet-boot] 2026-08-12T01:04:08Z iter=1006 rented_stamps=1 bootstrapped=1
[fleet-boot] 2026-08-12T01:05:23Z iter=1021 rented_stamps=1 bootstrapped=1
[fleet-boot] 2026-08-12T01:06:38Z iter=1036 rented_stamps=1 bootstrapped=1
[fleet-boot] 2026-08-12T01:07:53Z iter=1051 rented_stamps=1 bootstrapped=1
[fleet-boot] 2026-08-12T01:09:08Z iter=1066 rented_stamps=1 bootstrapped=1
[fleet-boot] 2026-08-12T01:10:23Z iter=1081 rented_stamps=1 bootstrapped=1
[fleet-boot] 2026-08-12T01:11:38Z iter=1096 rented_stamps=1 bootstrapped=1
[fleet-boot] 2026-08-12T01:12:53Z iter=1111 rented_stamps=1 bootstrapped=1
[fleet-boot] 2026-08-12T01:14:08Z iter=1126 rented_stamps=1 bootstrapped=1
[fleet-boot] 2026-08-12T01:15:24Z iter=1141 rented_stamps=1 bootstrapped=1
[fleet-boot] 2026-08-12T01:16:39Z iter=1156 rented_stamps=1 bootstrapped=1
[fleet-boot] 2026-08-12T01:17:54Z iter=1171 rented_stamps=1 bootstrapped=1
[fleet-boot] 2026-08-12T01:19:09Z iter=1186 rented_stamps=1 bootstrapped=1
[fleet-boot] 2026-08-12T01:20:24Z iter=1201 rented_stamps=1 bootstrapped=1
[fleet-boot] 2026-08-12T01:21:39Z iter=1216 rented_stamps=1 bootstrapped=1
[fleet-boot] 2026-08-12T01:22:54Z iter=1231 rented_stamps=1 bootstrapped=1
[fleet-boot] 2026-08-12T01:24:09Z iter=1246 rented_stamps=1 bootstrapped=1
[fleet-boot] 2026-08-12T01:25:24Z iter=1261 rented_stamps=1 bootstrapped=1
[fleet-boot] 2026-08-12T01:26:39Z iter=1276 rented_stamps=1 bootstrapped=1
[fleet-boot] 2026-08-12T01:27:54Z iter=1291 rented_stamps=1 bootstrapped=1
[fleet-boot] 2026-08-12T01:29:09Z iter=1306 rented_stamps=1 bootstrapped=1
[fleet-boot] 2026-08-12T01:30:25Z iter=1321 rented_stamps=1 bootstrapped=1
[fleet-boot] 2026-08-12T01:31:40Z iter=1336 rented_stamps=1 bootstrapped=1
[fleet-boot] 2026-08-12T01:32:55Z iter=1351 rented_stamps=1 bootstrapped=1
[fleet-boot] 2026-08-12T01:34:10Z iter=1366 rented_stamps=1 bootstrapped=1
[fleet-boot] 2026-08-12T01:35:25Z iter=1381 rented_stamps=1 bootstrapped=1
[fleet-boot] 2026-08-12T01:36:40Z iter=1396 rented_stamps=1 bootstrapped=1
[fleet-boot] 2026-08-12T01:37:55Z iter=1411 rented_stamps=1 bootstrapped=1
[fleet-boot] 2026-08-12T01:39:10Z iter=1426 rented_stamps=1 bootstrapped=1
[fleet-boot] 2026-08-12T01:40:25Z iter=1441 rented_stamps=1 bootstrapped=1
[fleet-boot] 2026-08-12T01:41:40Z iter=1456 rented_stamps=1 bootstrapped=1
[fleet-boot] 2026-08-12T01:42:55Z iter=1471 rented_stamps=1 bootstrapped=1
[fleet-boot] 2026-08-12T01:44:11Z iter=1486 rented_stamps=1 bootstrapped=1
[fleet-boot] 2026-08-12T01:45:26Z iter=1501 rented_stamps=1 bootstrapped=1
[fleet-boot] 2026-08-12T01:46:41Z iter=1516 rented_stamps=1 bootstrapped=1
[fleet-boot] 2026-08-12T01:47:56Z iter=1531 rented_stamps=1 bootstrapped=1
[fleet-boot] 2026-08-12T01:49:11Z iter=1546 rented_stamps=1 bootstrapped=1
[fleet-boot] 2026-08-12T01:50:26Z iter=1561 rented_stamps=1 bootstrapped=1
[fleet-boot] 2026-08-12T01:51:41Z iter=1576 rented_stamps=1 bootstrapped=1
[fleet-boot] 2026-08-12T01:52:56Z iter=1591 rented_stamps=1 bootstrapped=1
[fleet-boot] 2026-08-12T01:54:11Z iter=1606 rented_stamps=1 bootstrapped=1
[fleet-boot] 2026-08-12T01:55:26Z iter=1621 rented_stamps=1 bootstrapped=1
[fleet-boot] 2026-08-12T01:56:41Z iter=1636 rented_stamps=1 bootstrapped=1
[fleet-boot] 2026-08-12T01:57:57Z iter=1651 rented_stamps=1 bootstrapped=1
[fleet-boot] 2026-08-12T01:59:12Z iter=1666 rented_stamps=1 bootstrapped=1
[fleet-boot] 2026-08-12T02:00:27Z iter=1681 rented_stamps=1 bootstrapped=1
[fleet-boot] 2026-08-12T02:01:42Z iter=1696 rented_stamps=1 bootstrapped=1
[fleet-boot] 2026-08-12T02:02:57Z iter=1711 rented_stamps=1 bootstrapped=1
[fleet-boot] 2026-08-12T02:04:12Z iter=1726 rented_stamps=1 bootstrapped=1
[fleet-boot] 2026-08-12T02:05:27Z iter=1741 rented_stamps=1 bootstrapped=1
[fleet-boot] 2026-08-12T02:06:42Z iter=1756 rented_stamps=1 bootstrapped=1
[fleet-boot] 2026-08-12T02:07:57Z iter=1771 rented_stamps=1 bootstrapped=1
[fleet-boot] 2026-08-12T02:09:12Z iter=1786 rented_stamps=1 bootstrapped=1
[fleet-boot] 2026-08-12T02:10:27Z iter=1801 rented_stamps=1 bootstrapped=1
[fleet-boot] 2026-08-12T02:11:43Z iter=1816 rented_stamps=1 bootstrapped=1
[fleet-boot] 2026-08-12T02:12:58Z iter=1831 rented_stamps=1 bootstrapped=1
[fleet-boot] 2026-08-12T02:14:13Z iter=1846 rented_stamps=1 bootstrapped=1
[fleet-boot] 2026-08-12T02:15:28Z iter=1861 rented_stamps=1 bootstrapped=1
[fleet-boot] 2026-08-12T02:16:43Z iter=1876 rented_stamps=1 bootstrapped=1
[fleet-boot] 2026-08-12T02:17:58Z iter=1891 rented_stamps=1 bootstrapped=1
[fleet-boot] 2026-08-12T02:19:13Z iter=1906 rented_stamps=1 bootstrapped=1
[fleet-boot] 2026-08-12T02:20:28Z iter=1921 rented_stamps=1 bootstrapped=1
[fleet-boot] 2026-08-12T02:21:43Z iter=1936 rented_stamps=1 bootstrapped=1
[fleet-boot] 2026-08-12T02:22:58Z iter=1951 rented_stamps=1 bootstrapped=1
[fleet-boot] 2026-08-12T02:24:13Z iter=1966 rented_stamps=1 bootstrapped=1
[fleet-boot] 2026-08-12T02:25:29Z iter=1981 rented_stamps=1 bootstrapped=1
[fleet-boot] 2026-08-12T02:26:44Z iter=1996 rented_stamps=1 bootstrapped=1
[fleet-boot] 2026-08-12T02:27:59Z iter=2011 rented_stamps=1 bootstrapped=1
[fleet-boot] 2026-08-12T02:29:14Z iter=2026 rented_stamps=1 bootstrapped=1
[fleet-boot] 2026-08-12T02:30:29Z iter=2041 rented_stamps=1 bootstrapped=1
[fleet-boot] 2026-08-12T02:31:44Z iter=2056 rented_stamps=1 bootstrapped=1
[fleet-boot] 2026-08-12T02:32:59Z iter=2071 rented_stamps=1 bootstrapped=1
[fleet-boot] 2026-08-12T02:34:14Z iter=2086 rented_stamps=1 bootstrapped=1
[fleet-boot] 2026-08-12T02:35:29Z iter=2101 rented_stamps=1 bootstrapped=1
[fleet-boot] 2026-08-12T02:36:44Z iter=2116 rented_stamps=1 bootstrapped=1
[fleet-boot] 2026-08-12T02:37:59Z iter=2131 rented_stamps=1 bootstrapped=1
[fleet-boot] 2026-08-12T02:39:14Z iter=2146 rented_stamps=1 bootstrapped=1
[fleet-boot] 2026-08-12T02:40:30Z iter=2161 rented_stamps=1 bootstrapped=1
[fleet-boot] 2026-08-12T02:41:45Z iter=2176 rented_stamps=1 bootstrapped=1
[fleet-boot] 2026-08-12T02:43:00Z iter=2191 rented_stamps=1 bootstrapped=1
[fleet-boot] 2026-08-12T02:44:15Z iter=2206 rented_stamps=1 bootstrapped=1
[fleet-boot] 2026-08-12T02:45:30Z iter=2221 rented_stamps=1 bootstrapped=1
[fleet-boot] 2026-08-12T02:46:45Z iter=2236 rented_stamps=1 bootstrapped=1
[fleet-boot] 2026-08-12T02:48:00Z iter=2251 rented_stamps=1 bootstrapped=1
[fleet-boot] 2026-08-12T02:49:15Z iter=2266 rented_stamps=1 bootstrapped=1
[fleet-boot] 2026-08-12T02:50:30Z iter=2281 rented_stamps=1 bootstrapped=1
[fleet-boot] 2026-08-12T02:51:45Z iter=2296 rented_stamps=1 bootstrapped=1
[fleet-boot] 2026-08-12T02:53:00Z iter=2311 rented_stamps=1 bootstrapped=1
[fleet-boot] 2026-08-12T02:54:16Z iter=2326 rented_stamps=1 bootstrapped=1
[fleet-boot] 2026-08-12T02:55:31Z iter=2341 rented_stamps=1 bootstrapped=1
[fleet-boot] 2026-08-12T02:56:46Z iter=2356 rented_stamps=1 bootstrapped=1
[fleet-boot] 2026-08-12T02:58:01Z iter=2371 rented_stamps=1 bootstrapped=1
[fleet-boot] 2026-08-12T02:59:16Z iter=2386 rented_stamps=1 bootstrapped=1
[fleet-boot] 2026-08-12T03:00:31Z iter=2401 rented_stamps=1 bootstrapped=1
[fleet-boot] 2026-08-12T03:01:46Z iter=2416 rented_stamps=1 bootstrapped=1
[fleet-boot] 2026-08-12T03:03:01Z iter=2431 rented_stamps=1 bootstrapped=1
[fleet-boot] 2026-08-12T03:04:16Z iter=2446 rented_stamps=1 bootstrapped=1
[fleet-boot] 2026-08-12T03:05:31Z iter=2461 rented_stamps=1 bootstrapped=1
[fleet-boot] 2026-08-12T03:06:46Z iter=2476 rented_stamps=1 bootstrapped=1
[fleet-boot] 2026-08-12T03:08:01Z iter=2491 rented_stamps=1 bootstrapped=1
[fleet-boot] 2026-08-12T03:09:17Z iter=2506 rented_stamps=1 bootstrapped=1
[fleet-boot] 2026-08-12T03:10:32Z iter=2521 rented_stamps=1 bootstrapped=1
[fleet-boot] 2026-08-12T03:11:47Z iter=2536 rented_stamps=1 bootstrapped=1
[fleet-boot] 2026-08-12T03:13:02Z iter=2551 rented_stamps=1 bootstrapped=1
[fleet-boot] 2026-08-12T03:14:17Z iter=2566 rented_stamps=1 bootstrapped=1
[fleet-boot] 2026-08-12T03:15:32Z iter=2581 rented_stamps=1 bootstrapped=1
[fleet-boot] 2026-08-12T03:16:47Z iter=2596 rented_stamps=1 bootstrapped=1
[fleet-boot] 2026-08-12T03:18:02Z iter=2611 rented_stamps=1 bootstrapped=1
[fleet-boot] 2026-08-12T03:19:17Z iter=2626 rented_stamps=1 bootstrapped=1
[fleet-boot] 2026-08-12T03:20:32Z iter=2641 rented_stamps=1 bootstrapped=1
[fleet-boot] 2026-08-12T03:21:47Z iter=2656 rented_stamps=1 bootstrapped=1
[fleet-boot] 2026-08-12T03:23:03Z iter=2671 rented_stamps=1 bootstrapped=1
[fleet-boot] 2026-08-12T03:24:18Z iter=2686 rented_stamps=1 bootstrapped=1
[fleet-boot] 2026-08-12T03:25:33Z iter=2701 rented_stamps=1 bootstrapped=1
[fleet-boot] 2026-08-12T03:26:48Z iter=2716 rented_stamps=1 bootstrapped=1
[fleet-boot] 2026-08-12T03:28:03Z iter=2731 rented_stamps=1 bootstrapped=1
[fleet-boot] 2026-08-12T03:29:18Z iter=2746 rented_stamps=1 bootstrapped=1
[fleet-boot] 2026-08-12T03:30:33Z iter=2761 rented_stamps=1 bootstrapped=1
[fleet-boot] 2026-08-12T03:31:48Z iter=2776 rented_stamps=1 bootstrapped=1
[fleet-boot] 2026-08-12T03:33:03Z iter=2791 rented_stamps=1 bootstrapped=1
[fleet-boot] 2026-08-12T03:34:18Z iter=2806 rented_stamps=1 bootstrapped=1
[fleet-boot] 2026-08-12T03:35:33Z iter=2821 rented_stamps=1 bootstrapped=1
[fleet-boot] 2026-08-12T03:36:48Z iter=2836 rented_stamps=1 bootstrapped=1
[fleet-boot] 2026-08-12T03:38:04Z iter=2851 rented_stamps=1 bootstrapped=1
[fleet-boot] 2026-08-12T03:39:19Z iter=2866 rented_stamps=1 bootstrapped=1
[fleet-boot] 2026-08-12T03:40:34Z iter=2881 rented_stamps=1 bootstrapped=1
[fleet-boot] 2026-08-12T03:41:49Z iter=2896 rented_stamps=1 bootstrapped=1
[fleet-boot] 2026-08-12T03:43:04Z iter=2911 rented_stamps=1 bootstrapped=1
[fleet-boot] 2026-08-12T03:44:19Z iter=2926 rented_stamps=1 bootstrapped=1
[fleet-boot] 2026-08-12T03:45:34Z iter=2941 rented_stamps=1 bootstrapped=1
[fleet-boot] 2026-08-12T03:46:49Z iter=2956 rented_stamps=1 bootstrapped=1
[fleet-boot] 2026-08-12T03:48:04Z iter=2971 rented_stamps=1 bootstrapped=1
[fleet-boot] 2026-08-12T03:49:19Z iter=2986 rented_stamps=1 bootstrapped=1
[fleet-boot] 2026-08-12T03:50:34Z iter=3001 rented_stamps=1 bootstrapped=1
[fleet-boot] 2026-08-12T03:51:50Z iter=3016 rented_stamps=1 bootstrapped=1
[fleet-boot] 2026-08-12T03:53:05Z iter=3031 rented_stamps=1 bootstrapped=1
[fleet-boot] 2026-08-12T03:54:20Z iter=3046 rented_stamps=1 bootstrapped=1
[fleet-boot] 2026-08-12T03:55:35Z iter=3061 rented_stamps=1 bootstrapped=1
[fleet-boot] 2026-08-12T03:56:50Z iter=3076 rented_stamps=1 bootstrapped=1
[fleet-boot] 2026-08-12T03:58:05Z iter=3091 rented_stamps=1 bootstrapped=1
[fleet-boot] 2026-08-12T03:59:20Z iter=3106 rented_stamps=1 bootstrapped=1
[fleet-boot] 2026-08-12T04:00:35Z iter=3121 rented_stamps=1 bootstrapped=1
[fleet-boot] 2026-08-12T04:01:50Z iter=3136 rented_stamps=1 bootstrapped=1
[fleet-boot] 2026-08-12T04:03:05Z iter=3151 rented_stamps=1 bootstrapped=1
[fleet-boot] 2026-08-12T04:04:20Z iter=3166 rented_stamps=1 bootstrapped=1
[fleet-boot] 2026-08-12T04:05:36Z iter=3181 rented_stamps=1 bootstrapped=1
[fleet-boot] 2026-08-12T04:06:51Z iter=3196 rented_stamps=1 bootstrapped=1
[fleet-boot] 2026-08-12T04:08:06Z iter=3211 rented_stamps=1 bootstrapped=1
[fleet-boot] 2026-08-12T04:09:21Z iter=3226 rented_stamps=1 bootstrapped=1
[fleet-boot] 2026-08-12T04:10:36Z iter=3241 rented_stamps=1 bootstrapped=1
[fleet-boot] 2026-08-12T04:11:51Z iter=3256 rented_stamps=1 bootstrapped=1
[fleet-boot] 2026-08-12T04:13:06Z iter=3271 rented_stamps=1 bootstrapped=1
[fleet-boot] 2026-08-12T04:14:21Z iter=3286 rented_stamps=1 bootstrapped=1
[fleet-boot] 2026-08-12T04:15:36Z iter=3301 rented_stamps=1 bootstrapped=1
[fleet-boot] 2026-08-12T04:16:51Z iter=3316 rented_stamps=1 bootstrapped=1
[fleet-boot] 2026-08-12T04:18:06Z iter=3331 rented_stamps=1 bootstrapped=1
[fleet-boot] 2026-08-12T04:19:21Z iter=3346 rented_stamps=1 bootstrapped=1
[fleet-boot] 2026-08-12T04:20:37Z iter=3361 rented_stamps=1 bootstrapped=1
[fleet-boot] 2026-08-12T04:21:52Z iter=3376 rented_stamps=1 bootstrapped=1
[fleet-boot] 2026-08-12T04:23:07Z iter=3391 rented_stamps=1 bootstrapped=1
[fleet-boot] 2026-08-12T04:24:22Z iter=3406 rented_stamps=1 bootstrapped=1
[fleet-boot] 2026-08-12T04:25:37Z iter=3421 rented_stamps=1 bootstrapped=1
[fleet-boot] 2026-08-12T04:26:52Z iter=3436 rented_stamps=1 bootstrapped=1
[fleet-boot] 2026-08-12T04:28:07Z iter=3451 rented_stamps=1 bootstrapped=1
[fleet-boot] 2026-08-12T04:29:22Z iter=3466 rented_stamps=1 bootstrapped=1
[fleet-boot] 2026-08-12T04:30:37Z iter=3481 rented_stamps=1 bootstrapped=1
[fleet-boot] 2026-08-12T04:31:52Z iter=3496 rented_stamps=1 bootstrapped=1
[fleet-boot] 2026-08-12T04:33:07Z iter=3511 rented_stamps=1 bootstrapped=1
[fleet-boot] 2026-08-12T04:34:23Z iter=3526 rented_stamps=1 bootstrapped=1
[fleet-boot] 2026-08-12T04:35:38Z iter=3541 rented_stamps=1 bootstrapped=1
[fleet-boot] 2026-08-12T04:36:53Z iter=3556 rented_stamps=1 bootstrapped=1
[fleet-boot] 2026-08-12T04:38:08Z iter=3571 rented_stamps=1 bootstrapped=1
[fleet-boot] 2026-08-12T04:39:23Z iter=3586 rented_stamps=1 bootstrapped=1
[fleet-boot] 2026-08-12T04:40:38Z iter=3601 rented_stamps=1 bootstrapped=1
[fleet-boot] 2026-08-12T04:41:53Z iter=3616 rented_stamps=1 bootstrapped=1
[fleet-boot] 2026-08-12T04:43:08Z iter=3631 rented_stamps=1 bootstrapped=1
[fleet-boot] 2026-08-12T04:44:23Z iter=3646 rented_stamps=1 bootstrapped=1
[fleet-boot] 2026-08-12T04:45:38Z iter=3661 rented_stamps=1 bootstrapped=1
[fleet-boot] 2026-08-12T04:46:53Z iter=3676 rented_stamps=1 bootstrapped=1
[fleet-boot] 2026-08-12T04:48:09Z iter=3691 rented_stamps=1 bootstrapped=1
[fleet-boot] 2026-08-12T04:49:24Z iter=3706 rented_stamps=1 bootstrapped=1
[fleet-boot] 2026-08-12T04:50:39Z iter=3721 rented_stamps=1 bootstrapped=1
[fleet-boot] 2026-08-12T04:51:54Z iter=3736 rented_stamps=1 bootstrapped=1
[fleet-boot] 2026-08-12T04:53:09Z iter=3751 rented_stamps=1 bootstrapped=1
[fleet-boot] 2026-08-12T04:54:24Z iter=3766 rented_stamps=1 bootstrapped=1
[fleet-boot] 2026-08-12T04:55:39Z iter=3781 rented_stamps=1 bootstrapped=1
[fleet-boot] 2026-08-12T04:56:54Z iter=3796 rented_stamps=1 bootstrapped=1
[fleet-boot] 2026-08-12T04:58:09Z iter=3811 rented_stamps=1 bootstrapped=1
[fleet-boot] 2026-08-12T04:59:24Z iter=3826 rented_stamps=1 bootstrapped=1
[fleet-boot] 2026-08-12T05:00:39Z iter=3841 rented_stamps=1 bootstrapped=1
[fleet-boot] 2026-08-12T05:01:54Z iter=3856 rented_stamps=1 bootstrapped=1
[fleet-boot] 2026-08-12T05:03:10Z iter=3871 rented_stamps=1 bootstrapped=1
[fleet-boot] 2026-08-12T05:04:25Z iter=3886 rented_stamps=1 bootstrapped=1
[fleet-boot] 2026-08-12T05:05:40Z iter=3901 rented_stamps=1 bootstrapped=1
[fleet-boot] 2026-08-12T05:06:55Z iter=3916 rented_stamps=1 bootstrapped=1
[fleet-boot] 2026-08-12T05:08:10Z iter=3931 rented_stamps=1 bootstrapped=1
[fleet-boot] 2026-08-12T05:09:25Z iter=3946 rented_stamps=1 bootstrapped=1
[fleet-boot] 2026-08-12T05:10:40Z iter=3961 rented_stamps=1 bootstrapped=1
[fleet-boot] 2026-08-12T05:11:55Z iter=3976 rented_stamps=1 bootstrapped=1
[fleet-boot] 2026-08-12T05:13:10Z iter=3991 rented_stamps=1 bootstrapped=1
[fleet-boot] 2026-08-12T05:14:25Z iter=4006 rented_stamps=1 bootstrapped=1
[fleet-boot] 2026-08-12T05:15:40Z iter=4021 rented_stamps=1 bootstrapped=1
[fleet-boot] 2026-08-12T05:16:56Z iter=4036 rented_stamps=1 bootstrapped=1
[fleet-boot] 2026-08-12T05:18:11Z iter=4051 rented_stamps=1 bootstrapped=1
[fleet-boot] 2026-08-12T05:19:26Z iter=4066 rented_stamps=1 bootstrapped=1
[fleet-boot] 2026-08-12T05:20:41Z iter=4081 rented_stamps=1 bootstrapped=1
[fleet-boot] 2026-08-12T05:21:56Z iter=4096 rented_stamps=1 bootstrapped=1
[fleet-boot] 2026-08-12T05:23:11Z iter=4111 rented_stamps=1 bootstrapped=1
[fleet-boot] 2026-08-12T05:24:26Z iter=4126 rented_stamps=1 bootstrapped=1
[fleet-boot] 2026-08-12T05:25:41Z iter=4141 rented_stamps=1 bootstrapped=1
[fleet-boot] 2026-08-12T05:26:56Z iter=4156 rented_stamps=1 bootstrapped=1
[fleet-boot] 2026-08-12T05:28:11Z iter=4171 rented_stamps=1 bootstrapped=1
[fleet-boot] 2026-08-12T05:29:26Z iter=4186 rented_stamps=1 bootstrapped=1
[fleet-boot] 2026-08-12T05:30:41Z iter=4201 rented_stamps=1 bootstrapped=1
[fleet-boot] 2026-08-12T05:31:57Z iter=4216 rented_stamps=1 bootstrapped=1
[fleet-boot] 2026-08-12T05:33:12Z iter=4231 rented_stamps=1 bootstrapped=1
[fleet-boot] 2026-08-12T05:34:27Z iter=4246 rented_stamps=1 bootstrapped=1
[fleet-boot] 2026-08-12T05:35:42Z iter=4261 rented_stamps=1 bootstrapped=1
[fleet-boot] 2026-08-12T05:36:57Z iter=4276 rented_stamps=1 bootstrapped=1
[fleet-boot] 2026-08-12T05:38:12Z iter=4291 rented_stamps=1 bootstrapped=1
[fleet-boot] 2026-08-12T05:39:27Z iter=4306 rented_stamps=1 bootstrapped=1
[fleet-boot] 2026-08-12T05:40:42Z iter=4321 rented_stamps=1 bootstrapped=1
[fleet-boot] 2026-08-12T05:41:57Z iter=4336 rented_stamps=1 bootstrapped=1
[fleet-boot] 2026-08-12T05:43:12Z iter=4351 rented_stamps=1 bootstrapped=1
[fleet-boot] 2026-08-12T05:44:27Z iter=4366 rented_stamps=1 bootstrapped=1
[fleet-boot] 2026-08-12T05:45:43Z iter=4381 rented_stamps=1 bootstrapped=1
[fleet-boot] 2026-08-12T05:46:58Z iter=4396 rented_stamps=1 bootstrapped=1
[fleet-boot] 2026-08-12T05:48:13Z iter=4411 rented_stamps=1 bootstrapped=1
[fleet-boot] 2026-08-12T05:49:28Z iter=4426 rented_stamps=1 bootstrapped=1
[fleet-boot] 2026-08-12T05:50:43Z iter=4441 rented_stamps=1 bootstrapped=1
[fleet-boot] 2026-08-12T05:51:58Z iter=4456 rented_stamps=1 bootstrapped=1
[fleet-boot] 2026-08-12T05:53:13Z iter=4471 rented_stamps=1 bootstrapped=1
[fleet-boot] 2026-08-12T05:54:28Z iter=4486 rented_stamps=1 bootstrapped=1
[fleet-boot] 2026-08-12T05:55:43Z iter=4501 rented_stamps=1 bootstrapped=1
[fleet-boot] 2026-08-12T05:56:58Z iter=4516 rented_stamps=1 bootstrapped=1
[fleet-boot] 2026-08-12T05:58:13Z iter=4531 rented_stamps=1 bootstrapped=1
[fleet-boot] 2026-08-12T05:59:28Z iter=4546 rented_stamps=1 bootstrapped=1
[fleet-boot] 2026-08-12T06:00:44Z iter=4561 rented_stamps=1 bootstrapped=1
[fleet-boot] 2026-08-12T06:01:59Z iter=4576 rented_stamps=1 bootstrapped=1
[fleet-boot] 2026-08-12T06:03:14Z iter=4591 rented_stamps=1 bootstrapped=1
[fleet-boot] 2026-08-12T06:04:29Z iter=4606 rented_stamps=1 bootstrapped=1
[fleet-boot] 2026-08-12T06:05:44Z iter=4621 rented_stamps=1 bootstrapped=1
[fleet-boot] 2026-08-12T06:06:59Z iter=4636 rented_stamps=1 bootstrapped=1
[fleet-boot] 2026-08-12T06:08:14Z iter=4651 rented_stamps=1 bootstrapped=1
[fleet-boot] 2026-08-12T06:09:29Z iter=4666 rented_stamps=1 bootstrapped=1
[fleet-boot] 2026-08-12T06:10:44Z iter=4681 rented_stamps=1 bootstrapped=1
[fleet-boot] 2026-08-12T06:11:59Z iter=4696 rented_stamps=1 bootstrapped=1
[fleet-boot] 2026-08-12T06:13:14Z iter=4711 rented_stamps=1 bootstrapped=1
[fleet-boot] 2026-08-12T06:14:30Z iter=4726 rented_stamps=1 bootstrapped=1
[fleet-boot] 2026-08-12T06:15:45Z iter=4741 rented_stamps=1 bootstrapped=1
[fleet-boot] 2026-08-12T06:17:00Z iter=4756 rented_stamps=1 bootstrapped=1
[fleet-boot] 2026-08-12T06:18:15Z iter=4771 rented_stamps=1 bootstrapped=1
[fleet-boot] 2026-08-12T06:19:30Z iter=4786 rented_stamps=1 bootstrapped=1
[fleet-boot] 2026-08-12T06:20:45Z iter=4801 rented_stamps=1 bootstrapped=1
[fleet-boot] 2026-08-12T06:22:00Z iter=4816 rented_stamps=1 bootstrapped=1
[fleet-boot] 2026-08-12T06:23:15Z iter=4831 rented_stamps=1 bootstrapped=1
[fleet-boot] 2026-08-12T06:24:30Z iter=4846 rented_stamps=1 bootstrapped=1
[fleet-boot] 2026-08-12T06:25:45Z iter=4861 rented_stamps=1 bootstrapped=1
[fleet-boot] 2026-08-12T06:27:00Z iter=4876 rented_stamps=1 bootstrapped=1
[fleet-boot] 2026-08-12T06:28:16Z iter=4891 rented_stamps=1 bootstrapped=1
[fleet-boot] 2026-08-12T06:29:31Z iter=4906 rented_stamps=1 bootstrapped=1
[fleet-boot] 2026-08-12T06:30:46Z iter=4921 rented_stamps=1 bootstrapped=1
[fleet-boot] 2026-08-12T06:32:01Z iter=4936 rented_stamps=1 bootstrapped=1
[fleet-boot] 2026-08-12T06:33:16Z iter=4951 rented_stamps=1 bootstrapped=1
[fleet-boot] 2026-08-12T06:34:31Z iter=4966 rented_stamps=1 bootstrapped=1
[fleet-boot] 2026-08-12T06:35:46Z iter=4981 rented_stamps=1 bootstrapped=1
[fleet-boot] 2026-08-12T06:37:01Z iter=4996 rented_stamps=1 bootstrapped=1
[fleet-boot] 2026-08-12T06:38:16Z iter=5011 rented_stamps=1 bootstrapped=1
[fleet-boot] 2026-08-12T06:39:31Z iter=5026 rented_stamps=1 bootstrapped=1
[fleet-boot] 2026-08-12T06:40:46Z iter=5041 rented_stamps=1 bootstrapped=1
[fleet-boot] 2026-08-12T06:42:01Z iter=5056 rented_stamps=1 bootstrapped=1
[fleet-boot] 2026-08-12T06:43:17Z iter=5071 rented_stamps=1 bootstrapped=1
[fleet-boot] 2026-08-12T06:44:32Z iter=5086 rented_stamps=1 bootstrapped=1
[fleet-boot] 2026-08-12T06:45:47Z iter=5101 rented_stamps=1 bootstrapped=1
[fleet-boot] 2026-08-12T06:47:02Z iter=5116 rented_stamps=1 bootstrapped=1
[fleet-boot] 2026-08-12T06:48:17Z iter=5131 rented_stamps=1 bootstrapped=1
[fleet-boot] 2026-08-12T06:49:32Z iter=5146 rented_stamps=1 bootstrapped=1
[fleet-boot] 2026-08-12T06:50:47Z iter=5161 rented_stamps=1 bootstrapped=1
[fleet-boot] 2026-08-12T06:52:02Z iter=5176 rented_stamps=1 bootstrapped=1
[fleet-boot] 2026-08-12T06:53:17Z iter=5191 rented_stamps=1 bootstrapped=1
[fleet-boot] 2026-08-12T06:54:32Z iter=5206 rented_stamps=1 bootstrapped=1
[fleet-boot] 2026-08-12T06:55:47Z iter=5221 rented_stamps=1 bootstrapped=1
[fleet-boot] 2026-08-12T06:57:03Z iter=5236 rented_stamps=1 bootstrapped=1
[fleet-boot] 2026-08-12T06:58:18Z iter=5251 rented_stamps=1 bootstrapped=1
[fleet-boot] 2026-08-12T06:59:33Z iter=5266 rented_stamps=1 bootstrapped=1
[fleet-boot] 2026-08-12T07:00:48Z iter=5281 rented_stamps=1 bootstrapped=1
[fleet-boot] 2026-08-12T07:02:03Z iter=5296 rented_stamps=1 bootstrapped=1
[fleet-boot] 2026-08-12T07:03:18Z iter=5311 rented_stamps=1 bootstrapped=1
[fleet-boot] 2026-08-12T07:04:33Z iter=5326 rented_stamps=1 bootstrapped=1
[fleet-boot] 2026-08-12T07:05:48Z iter=5341 rented_stamps=1 bootstrapped=1
[fleet-boot] 2026-08-12T07:07:03Z iter=5356 rented_stamps=1 bootstrapped=1
[fleet-boot] 2026-08-12T07:08:18Z iter=5371 rented_stamps=1 bootstrapped=1
[fleet-boot] 2026-08-12T07:09:33Z iter=5386 rented_stamps=1 bootstrapped=1
[fleet-boot] 2026-08-12T07:10:49Z iter=5401 rented_stamps=1 bootstrapped=1
[fleet-boot] 2026-08-12T07:12:04Z iter=5416 rented_stamps=1 bootstrapped=1
[fleet-boot] 2026-08-12T07:13:19Z iter=5431 rented_stamps=1 bootstrapped=1
[fleet-boot] 2026-08-12T07:14:34Z iter=5446 rented_stamps=1 bootstrapped=1
[fleet-boot] 2026-08-12T07:15:49Z iter=5461 rented_stamps=1 bootstrapped=1
[fleet-boot] 2026-08-12T07:17:04Z iter=5476 rented_stamps=1 bootstrapped=1
[fleet-boot] 2026-08-12T07:18:19Z iter=5491 rented_stamps=1 bootstrapped=1
[fleet-boot] 2026-08-12T07:19:34Z iter=5506 rented_stamps=1 bootstrapped=1
[fleet-boot] 2026-08-12T07:20:49Z iter=5521 rented_stamps=1 bootstrapped=1
[fleet-boot] 2026-08-12T07:22:04Z iter=5536 rented_stamps=1 bootstrapped=1
[fleet-boot] 2026-08-12T07:23:19Z iter=5551 rented_stamps=1 bootstrapped=1
[fleet-boot] 2026-08-12T07:24:35Z iter=5566 rented_stamps=1 bootstrapped=1
[fleet-boot] 2026-08-12T07:25:50Z iter=5581 rented_stamps=1 bootstrapped=1
[fleet-boot] 2026-08-12T07:27:05Z iter=5596 rented_stamps=1 bootstrapped=1
[fleet-boot] 2026-08-12T07:28:20Z iter=5611 rented_stamps=1 bootstrapped=1
[fleet-boot] 2026-08-12T07:29:35Z iter=5626 rented_stamps=1 bootstrapped=1
[fleet-boot] 2026-08-12T07:30:50Z iter=5641 rented_stamps=1 bootstrapped=1
[fleet-boot] 2026-08-12T07:32:05Z iter=5656 rented_stamps=1 bootstrapped=1
[fleet-boot] 2026-08-12T07:33:20Z iter=5671 rented_stamps=1 bootstrapped=1
[fleet-boot] 2026-08-12T07:34:35Z iter=5686 rented_stamps=1 bootstrapped=1
[fleet-boot] 2026-08-12T07:35:50Z iter=5701 rented_stamps=1 bootstrapped=1
[fleet-boot] 2026-08-12T07:37:05Z iter=5716 rented_stamps=1 bootstrapped=1
[fleet-boot] 2026-08-12T07:38:21Z iter=5731 rented_stamps=1 bootstrapped=1
[fleet-boot] 2026-08-12T07:39:36Z iter=5746 rented_stamps=1 bootstrapped=1
[fleet-boot] 2026-08-12T07:40:51Z iter=5761 rented_stamps=1 bootstrapped=1
[fleet-boot] 2026-08-12T07:42:06Z iter=5776 rented_stamps=1 bootstrapped=1
[fleet-boot] 2026-08-12T07:43:21Z iter=5791 rented_stamps=1 bootstrapped=1
[fleet-boot] 2026-08-12T07:44:36Z iter=5806 rented_stamps=1 bootstrapped=1
[fleet-boot] 2026-08-12T07:45:51Z iter=5821 rented_stamps=1 bootstrapped=1
[fleet-boot] 2026-08-12T07:47:06Z iter=5836 rented_stamps=1 bootstrapped=1
[fleet-boot] 2026-08-12T07:48:21Z iter=5851 rented_stamps=1 bootstrapped=1
[fleet-boot] 2026-08-12T07:49:36Z iter=5866 rented_stamps=1 bootstrapped=1
[fleet-boot] 2026-08-12T07:50:51Z iter=5881 rented_stamps=1 bootstrapped=1
[fleet-boot] 2026-08-12T07:52:07Z iter=5896 rented_stamps=1 bootstrapped=1
[fleet-boot] 2026-08-12T07:53:22Z iter=5911 rented_stamps=1 bootstrapped=1
[fleet-boot] 2026-08-12T07:54:37Z iter=5926 rented_stamps=1 bootstrapped=1
[fleet-boot] 2026-08-12T07:55:52Z iter=5941 rented_stamps=1 bootstrapped=1
[fleet-boot] 2026-08-12T07:57:07Z iter=5956 rented_stamps=1 bootstrapped=1
[fleet-boot] 2026-08-12T07:58:22Z iter=5971 rented_stamps=1 bootstrapped=1
[fleet-boot] 2026-08-12T07:59:37Z iter=5986 rented_stamps=1 bootstrapped=1
[fleet-boot] 2026-08-12T08:00:52Z iter=6001 rented_stamps=1 bootstrapped=1
[fleet-boot] 2026-08-12T08:02:07Z iter=6016 rented_stamps=1 bootstrapped=1
[fleet-boot] 2026-08-12T08:03:22Z iter=6031 rented_stamps=1 bootstrapped=1
[fleet-boot] 2026-08-12T08:04:37Z iter=6046 rented_stamps=1 bootstrapped=1
[fleet-boot] 2026-08-12T08:05:53Z iter=6061 rented_stamps=1 bootstrapped=1
[fleet-boot] 2026-08-12T08:07:08Z iter=6076 rented_stamps=1 bootstrapped=1
[fleet-boot] 2026-08-12T08:08:23Z iter=6091 rented_stamps=1 bootstrapped=1
[fleet-boot] 2026-08-12T08:09:38Z iter=6106 rented_stamps=1 bootstrapped=1
[fleet-boot] 2026-08-12T08:10:53Z iter=6121 rented_stamps=1 bootstrapped=1
[fleet-boot] 2026-08-12T08:12:08Z iter=6136 rented_stamps=1 bootstrapped=1
[fleet-boot] 2026-08-12T08:13:23Z iter=6151 rented_stamps=1 bootstrapped=1
[fleet-boot] 2026-08-12T08:14:38Z iter=6166 rented_stamps=1 bootstrapped=1
[fleet-boot] 2026-08-12T08:15:53Z iter=6181 rented_stamps=1 bootstrapped=1
[fleet-boot] 2026-08-12T08:17:08Z iter=6196 rented_stamps=1 bootstrapped=1
[fleet-boot] 2026-08-12T08:18:23Z iter=6211 rented_stamps=1 bootstrapped=1
[fleet-boot] 2026-08-12T08:19:39Z iter=6226 rented_stamps=1 bootstrapped=1
[fleet-boot] 2026-08-12T08:20:54Z iter=6241 rented_stamps=1 bootstrapped=1
[fleet-boot] 2026-08-12T08:22:09Z iter=6256 rented_stamps=1 bootstrapped=1
[fleet-boot] 2026-08-12T08:23:24Z iter=6271 rented_stamps=1 bootstrapped=1
[fleet-boot] 2026-08-12T08:24:39Z iter=6286 rented_stamps=1 bootstrapped=1
[fleet-boot] 2026-08-12T08:25:54Z iter=6301 rented_stamps=1 bootstrapped=1
[fleet-boot] 2026-08-12T08:27:09Z iter=6316 rented_stamps=1 bootstrapped=1
[fleet-boot] 2026-08-12T08:28:24Z iter=6331 rented_stamps=1 bootstrapped=1
[fleet-boot] 2026-08-12T08:29:39Z iter=6346 rented_stamps=1 bootstrapped=1
[fleet-boot] 2026-08-12T08:30:54Z iter=6361 rented_stamps=1 bootstrapped=1
[fleet-boot] 2026-08-12T08:32:09Z iter=6376 rented_stamps=1 bootstrapped=1
[fleet-boot] 2026-08-12T08:33:24Z iter=6391 rented_stamps=1 bootstrapped=1
[fleet-boot] 2026-08-12T08:34:40Z iter=6406 rented_stamps=1 bootstrapped=1
[fleet-boot] 2026-08-12T08:35:55Z iter=6421 rented_stamps=1 bootstrapped=1
[fleet-boot] 2026-08-12T08:37:10Z iter=6436 rented_stamps=1 bootstrapped=1
[fleet-boot] 2026-08-12T08:38:25Z iter=6451 rented_stamps=1 bootstrapped=1
[fleet-boot] 2026-08-12T08:39:40Z iter=6466 rented_stamps=1 bootstrapped=1
[fleet-boot] 2026-08-12T08:40:55Z iter=6481 rented_stamps=1 bootstrapped=1
[fleet-boot] 2026-08-12T08:42:10Z iter=6496 rented_stamps=1 bootstrapped=1
[fleet-boot] 2026-08-12T08:43:25Z iter=6511 rented_stamps=1 bootstrapped=1
[fleet-boot] 2026-08-12T08:44:40Z iter=6526 rented_stamps=1 bootstrapped=1
[fleet-boot] 2026-08-12T08:45:55Z iter=6541 rented_stamps=1 bootstrapped=1
[fleet-boot] 2026-08-12T08:47:11Z new stamp rented_mine-r25-hitemp-1.json name=mine-r25-hitemp-1 axis=R25 — resolve SSH
[fleet-boot] 2026-08-12T08:47:11Z bootstrap R25 upload_and_launch name=mine-r25-hitemp-1 host=150.136.71.147 port=20309
SOFT_DEADLINE_SET 2026-08-13T07:47:11Z
-rw-rw-r-- 1 const const 410K Aug 12 08:47 /tmp/mine-r25-stack.tar.gz
Warning: Permanently added '[150.136.71.147]:20309' (ED25519) to the list of known hosts.
HF_OK unconst/Affine-5czsc2fc98-r25-lora
HF_OK unconst/Affine-5czsc2fc98-r25-merged
R25_DEADLINES soft=2026-08-13T07:47:11Z dead=2026-08-13T08:17:11Z axis=hitemp_grpo_reason
R25_KNOBS temp=1.2 lr=5e-6 r=16 G=4 max_len=6144
STACK_UPLOAD_OK
PIPELINE_PID=893
[bootstrap-r3] 2026-08-12T08:47:18Z start host=5362b383771c
GPU 0: NVIDIA B200 (UUID: GPU-356e02e1-b27d-053c-61b3-393a7dbd8b13)
GPU 1: NVIDIA B200 (UUID: GPU-0540220c-b598-4e3e-d927-dc234d19db4a)
GPU 2: NVIDIA B200 (UUID: GPU-284eb671-68a5-db39-1305-8ae8443a139e)
GPU 3: NVIDIA B200 (UUID: GPU-992208b8-eb63-0e8c-d522-faa3cd4f4542)
GPU 4: NVIDIA B200 (UUID: GPU-353440e6-ce0d-1507-bf89-5e6763dffaf4)
GPU 5: NVIDIA B200 (UUID: GPU-46285ebc-00da-d7a3-1dd5-3ba555a9f023)
GPU 6: NVIDIA B200 (UUID: GPU-914d188d-c5db-f029-6c11-7296865ffc41)
GPU 7: NVIDIA B200 (UUID: GPU-9b2ac2e2-08a8-f941-a6cd-9f7bc65775fe)
[bootstrap-r3] GPU_COUNT=8
downloading uv 0.12.3 x86_64-unknown-linux-gnu
installing to /root/.local/bin
  uv
  uvx
everything's installed!
Using CPython 3.12.3 interpreter at: /usr/bin/python3.12
Creating virtual environment at: venv
Activate with: source venv/bin/activate
    PID     ELAPSED CMD
    893 441077232-14:01:36 bash /root/mining_src/r3-reason-grpo/bootstrap_r3.sh
8
UPLOAD_AND_LAUNCH_OK pod=mine-r25-hitemp-1 2026-08-12T08:47:23Z
[fleet-boot] 2026-08-12T08:47:23Z BOOTSTRAPPED mine-r25-hitemp-1 → /home/const/subnet120/mining/experiments/fleet-rent/artifacts/bootstrapped/rented_mine-r25-hitemp-1.json.bootstrapped
[fleet-boot] 2026-08-12T08:47:23Z iter=6556 rented_stamps=2 bootstrapped=2
[fleet-boot] 2026-08-12T08:48:38Z iter=6571 rented_stamps=2 bootstrapped=2
[fleet-boot] 2026-08-12T08:49:54Z iter=6586 rented_stamps=2 bootstrapped=2
[fleet-boot] 2026-08-12T08:51:09Z iter=6601 rented_stamps=2 bootstrapped=2
[fleet-boot] 2026-08-12T08:52:24Z iter=6616 rented_stamps=2 bootstrapped=2
[fleet-boot] 2026-08-12T08:53:39Z iter=6631 rented_stamps=2 bootstrapped=2
[fleet-boot] 2026-08-12T08:54:54Z iter=6646 rented_stamps=2 bootstrapped=2
[fleet-boot] 2026-08-12T08:56:09Z iter=6661 rented_stamps=2 bootstrapped=2
[fleet-boot] 2026-08-12T08:57:24Z iter=6676 rented_stamps=2 bootstrapped=2
[fleet-boot] 2026-08-12T08:58:39Z iter=6691 rented_stamps=2 bootstrapped=2
[fleet-boot] 2026-08-12T08:59:55Z iter=6706 rented_stamps=2 bootstrapped=2
[fleet-boot] 2026-08-12T09:01:10Z iter=6721 rented_stamps=2 bootstrapped=2
[fleet-boot] 2026-08-12T09:02:25Z iter=6736 rented_stamps=2 bootstrapped=2
[fleet-boot] 2026-08-12T09:03:40Z iter=6751 rented_stamps=2 bootstrapped=2
[fleet-boot] 2026-08-12T09:04:55Z iter=6766 rented_stamps=2 bootstrapped=2
[fleet-boot] 2026-08-12T09:06:10Z iter=6781 rented_stamps=2 bootstrapped=2
[fleet-boot] 2026-08-12T09:07:25Z iter=6796 rented_stamps=2 bootstrapped=2
[fleet-boot] 2026-08-12T09:08:40Z iter=6811 rented_stamps=2 bootstrapped=2
[fleet-boot] 2026-08-12T09:09:56Z iter=6826 rented_stamps=2 bootstrapped=2
[fleet-boot] 2026-08-12T09:11:11Z iter=6841 rented_stamps=2 bootstrapped=2
[fleet-boot] 2026-08-12T09:12:26Z iter=6856 rented_stamps=2 bootstrapped=2
[fleet-boot] 2026-08-12T09:13:41Z iter=6871 rented_stamps=2 bootstrapped=2
[fleet-boot] 2026-08-12T09:14:56Z iter=6886 rented_stamps=2 bootstrapped=2
[fleet-boot] 2026-08-12T09:16:11Z iter=6901 rented_stamps=2 bootstrapped=2
[fleet-boot] 2026-08-12T09:17:26Z iter=6916 rented_stamps=2 bootstrapped=2
[fleet-boot] 2026-08-12T09:18:41Z iter=6931 rented_stamps=2 bootstrapped=2
[fleet-boot] 2026-08-12T09:19:57Z iter=6946 rented_stamps=2 bootstrapped=2
[fleet-boot] 2026-08-12T09:21:12Z iter=6961 rented_stamps=2 bootstrapped=2
[fleet-boot] 2026-08-12T09:22:27Z iter=6976 rented_stamps=2 bootstrapped=2
[fleet-boot] 2026-08-12T09:23:42Z iter=6991 rented_stamps=2 bootstrapped=2
[fleet-boot] 2026-08-12T09:24:57Z iter=7006 rented_stamps=2 bootstrapped=2
[fleet-boot] 2026-08-12T09:26:12Z iter=7021 rented_stamps=2 bootstrapped=2
[fleet-boot] 2026-08-12T09:27:27Z iter=7036 rented_stamps=2 bootstrapped=2
[fleet-boot] 2026-08-12T09:28:42Z iter=7051 rented_stamps=2 bootstrapped=2
[fleet-boot] 2026-08-12T09:29:58Z iter=7066 rented_stamps=2 bootstrapped=2
[fleet-boot] 2026-08-12T09:31:13Z iter=7081 rented_stamps=2 bootstrapped=2
[fleet-boot] 2026-08-12T09:32:28Z iter=7096 rented_stamps=2 bootstrapped=2
[fleet-boot] 2026-08-12T09:33:43Z iter=7111 rented_stamps=2 bootstrapped=2
[fleet-boot] 2026-08-12T09:34:58Z iter=7126 rented_stamps=2 bootstrapped=2
[fleet-boot] 2026-08-12T09:36:13Z iter=7141 rented_stamps=2 bootstrapped=2
[fleet-boot] 2026-08-12T09:37:28Z iter=7156 rented_stamps=2 bootstrapped=2
[fleet-boot] 2026-08-12T09:38:43Z iter=7171 rented_stamps=2 bootstrapped=2
[fleet-boot] 2026-08-12T09:39:59Z iter=7186 rented_stamps=2 bootstrapped=2
[fleet-boot] 2026-08-12T09:41:14Z iter=7201 rented_stamps=2 bootstrapped=2
[fleet-boot] 2026-08-12T09:42:29Z iter=7216 rented_stamps=2 bootstrapped=2
[fleet-boot] 2026-08-12T09:43:44Z iter=7231 rented_stamps=2 bootstrapped=2
[fleet-boot] 2026-08-12T09:44:59Z iter=7246 rented_stamps=2 bootstrapped=2
[fleet-boot] 2026-08-12T09:46:14Z iter=7261 rented_stamps=2 bootstrapped=2
[fleet-boot] 2026-08-12T09:47:29Z iter=7276 rented_stamps=2 bootstrapped=2
[fleet-boot] 2026-08-12T09:48:44Z iter=7291 rented_stamps=2 bootstrapped=2
[fleet-boot] 2026-08-12T09:49:59Z iter=7306 rented_stamps=2 bootstrapped=2
[fleet-boot] 2026-08-12T09:51:15Z iter=7321 rented_stamps=2 bootstrapped=2
[fleet-boot] 2026-08-12T09:52:30Z iter=7336 rented_stamps=2 bootstrapped=2
[fleet-boot] 2026-08-12T09:53:45Z iter=7351 rented_stamps=2 bootstrapped=2
[fleet-boot] 2026-08-12T09:55:00Z iter=7366 rented_stamps=2 bootstrapped=2
[fleet-boot] 2026-08-12T09:56:15Z iter=7381 rented_stamps=2 bootstrapped=2
[fleet-boot] 2026-08-12T09:57:30Z iter=7396 rented_stamps=2 bootstrapped=2
[fleet-boot] 2026-08-12T09:58:45Z iter=7411 rented_stamps=2 bootstrapped=2
[fleet-boot] 2026-08-12T10:00:00Z iter=7426 rented_stamps=2 bootstrapped=2
[fleet-boot] 2026-08-12T10:01:16Z iter=7441 rented_stamps=2 bootstrapped=2
[fleet-boot] 2026-08-12T10:02:31Z iter=7456 rented_stamps=2 bootstrapped=2
[fleet-boot] 2026-08-12T10:03:46Z iter=7471 rented_stamps=2 bootstrapped=2
[fleet-boot] 2026-08-12T10:05:01Z iter=7486 rented_stamps=2 bootstrapped=2
[fleet-boot] 2026-08-12T10:06:16Z iter=7501 rented_stamps=2 bootstrapped=2
[fleet-boot] 2026-08-12T10:07:31Z iter=7516 rented_stamps=2 bootstrapped=2
[fleet-boot] 2026-08-12T10:08:46Z iter=7531 rented_stamps=2 bootstrapped=2
[fleet-boot] 2026-08-12T10:10:01Z iter=7546 rented_stamps=2 bootstrapped=2
[fleet-boot] 2026-08-12T10:11:17Z iter=7561 rented_stamps=2 bootstrapped=2
[fleet-boot] 2026-08-12T10:12:32Z iter=7576 rented_stamps=2 bootstrapped=2
[fleet-boot] 2026-08-12T10:13:47Z iter=7591 rented_stamps=2 bootstrapped=2
[fleet-boot] 2026-08-12T10:15:02Z iter=7606 rented_stamps=2 bootstrapped=2
[fleet-boot] 2026-08-12T10:16:17Z iter=7621 rented_stamps=2 bootstrapped=2
[fleet-boot] 2026-08-12T10:17:32Z iter=7636 rented_stamps=2 bootstrapped=2
[fleet-boot] 2026-08-12T10:18:47Z iter=7651 rented_stamps=2 bootstrapped=2
[fleet-boot] 2026-08-12T10:20:02Z iter=7666 rented_stamps=2 bootstrapped=2
[fleet-boot] 2026-08-12T10:21:18Z iter=7681 rented_stamps=2 bootstrapped=2
[fleet-boot] 2026-08-12T10:22:33Z iter=7696 rented_stamps=2 bootstrapped=2
[fleet-boot] 2026-08-12T10:23:48Z iter=7711 rented_stamps=2 bootstrapped=2
[fleet-boot] 2026-08-12T10:25:03Z iter=7726 rented_stamps=2 bootstrapped=2
[fleet-boot] 2026-08-12T10:26:18Z iter=7741 rented_stamps=2 bootstrapped=2
[fleet-boot] 2026-08-12T10:27:33Z iter=7756 rented_stamps=2 bootstrapped=2
[fleet-boot] 2026-08-12T10:28:48Z iter=7771 rented_stamps=2 bootstrapped=2
[fleet-boot] 2026-08-12T10:30:03Z iter=7786 rented_stamps=2 bootstrapped=2
[fleet-boot] 2026-08-12T10:31:19Z iter=7801 rented_stamps=2 bootstrapped=2
[fleet-boot] 2026-08-12T10:32:34Z iter=7816 rented_stamps=2 bootstrapped=2
[fleet-boot] 2026-08-12T10:33:49Z iter=7831 rented_stamps=2 bootstrapped=2
[fleet-boot] 2026-08-12T10:35:04Z iter=7846 rented_stamps=2 bootstrapped=2
[fleet-boot] 2026-08-12T10:36:19Z iter=7861 rented_stamps=2 bootstrapped=2
[fleet-boot] 2026-08-12T10:37:34Z iter=7876 rented_stamps=2 bootstrapped=2
[fleet-boot] 2026-08-12T10:38:49Z iter=7891 rented_stamps=2 bootstrapped=2
[fleet-boot] 2026-08-12T10:40:04Z iter=7906 rented_stamps=2 bootstrapped=2
[fleet-boot] 2026-08-12T10:41:19Z iter=7921 rented_stamps=2 bootstrapped=2
[fleet-boot] 2026-08-12T10:42:35Z iter=7936 rented_stamps=2 bootstrapped=2
[fleet-boot] 2026-08-12T10:43:35Z start poll=5s max_iters=86400 pass=2233 stamp_dir=/home/const/subnet120/mining/experiments/fleet-rent/artifacts
[fleet-boot] 2026-08-12T10:43:35Z iter=1 rented_stamps=2 bootstrapped=2
