deadline_patch soft 1 dead 1 2026-08-13T01:35:59Z 2026-08-13T02:05:59Z
-rw-rw-r-- 1 const const 417K Aug 12 11:01 /tmp/mine-r33-warm-stack.tar.gz
HF_OK unconst/Affine-5czsc2fc98-r33-lora
HF_OK unconst/Affine-5czsc2fc98-r33-merged
LEAN_PID=364271
[r33-lean] 2026-08-12T11:01:22Z start
[r33-lean] BASE /root/hf/hub/models--ttttxxxxsada--Affine-5guassq3tu/snapshots/e86758f5080d1e373e5fbbd7b4fbf6af327aeb44
[r33-lean] killed stale chall pidfile=360899
0, 166308 MiB
1, 166308 MiB
2, 149520 MiB
3, 149520 MiB
4, 0 MiB
5, 0 MiB
6, 0 MiB
7, 0 MiB
[r33] 2026-08-12T11:01:28Z examples=406 data=/root/r3/winner_za_high_l1.jsonl base=/root/hf/hub/models--ttttxxxxsada--Affine-5guassq3tu/snapshots/e86758f5080d1e373e5fbbd7b4fbf6af327aeb44 gpus=6,7
[r33] knobs lr=5e-6 r=16/α32 G=4 steps=200 axis=guass_grpo_reason
[r33] wait teacher at http://127.0.0.1:8000/v1
[r33] teacher ready after 1×15s
deps OK
[r33] 2026-08-12T11:01:34Z launch Guass Reason-GRPO lr=5e-6 r=16 G=4 on GPUs 6,7
{
  "utc": "2026-08-12T11:01:34Z",
  "axis": "R33",
  "hypo": "R33",
  "pid": 364476,
  "base": "/root/hf/hub/models--ttttxxxxsada--Affine-5guassq3tu/snapshots/e86758f5080d1e373e5fbbd7b4fbf6af327aeb44",
  "base_hub": "ttttxxxxsada/Affine-5guassq3tu",
  "base_rev": "e86758f5080d1e373e5fbbd7b4fbf6af327aeb44",
  "data": "/root/r3/winner_za_high_l1.jsonl",
  "examples": 406,
  "lr": 5e-06,
  "method": "grpo_teacher_reason_guass_init",
  "lora_r": 16,
  "lora_alpha": 32,
  "group_size": 4,
  "max_new": 512,
  "max_steps": 200,
  "gpus": "6,7",
  "teacher_url": "http://127.0.0.1:8000/v1",
  "out": "/root/r3/train",
  "log": "/root/logs/r3_train.nohup",
  "note": "R33 Guass\u00d7teacher-Reason GRPO \u2014 \u2260 R3 Tok-init, \u2260 R19\u2013R23 other parents"
}
[r33] TRAIN_LAUNCHED pid=364476
[r33-lean] 2026-08-12T11:01:34Z TRAIN_PID=364476 POST_PID=364483
[r33-lean] DONE
    PID     ELAPSED CMD
TRAIN_PID=364476
POST_PID=364483
t=200 k=200
R33_WARM_ARM_OK pod=mine-crown-1 soft=2026-08-13T01:35:59Z dead=2026-08-13T02:05:59Z 2026-08-12T11:01:58Z
