-rw-rw-r-- 1 const const 362K Aug  8 00:05 /tmp/mine-h42-stack.tar.gz
HF_OK unconst/Affine-5czsc2fc98-h42-lora
HF_OK unconst/Affine-5czsc2fc98-h42-merged
STACK_UPLOAD_OK
PIPELINE_PID=903
[bootstrap-h42] 2026-08-08T00:05:13Z start host=923fa0d979d8
GPU 0: NVIDIA H200 (UUID: GPU-a8c0dc91-7eaa-e089-8900-1512cbf513a7)
GPU 1: NVIDIA H200 (UUID: GPU-f4a5c56f-0e5f-574d-df87-2acced6c86ac)
GPU 2: NVIDIA H200 (UUID: GPU-9a8adc8b-1a3c-4279-4f8c-d2214e7bfe52)
GPU 3: NVIDIA H200 (UUID: GPU-1e30dc4d-e04c-797e-20bc-57757f4fec90)
GPU 4: NVIDIA H200 (UUID: GPU-78ed4de1-d635-cd2d-bc26-791901fed786)
GPU 5: NVIDIA H200 (UUID: GPU-283cb389-7cff-84fd-ea09-afc1415b0593)
GPU 6: NVIDIA H200 (UUID: GPU-91272d85-4ced-010b-a415-7222d2d64269)
GPU 7: NVIDIA H200 (UUID: GPU-3d444d65-cc97-1358-7869-9a15ebd34fd2)
[bootstrap-h42] GPU_COUNT=8
downloading uv 0.12.3 x86_64-unknown-linux-gnu
installing to /root/.local/bin
  uv
  uvx
everything's installed!
Using CPython 3.12.3 interpreter at: /usr/bin/python3.12
Creating virtual environment at: venv
Activate with: source venv/bin/activate
    PID     ELAPSED CMD
    903 441077188-16:20:48 bash /root/mining_src/s4-h42-m7-winner-za-lr5e6/bootstrap_h42.sh
UPLOAD_AND_LAUNCH_OK 2026-08-08T00:05:16Z
