deadline_patch soft 1 dead 1 2026-08-13T07:57:47Z 2026-08-13T08:27:47Z
-rw-rw-r-- 1 const const 419K Aug 12 11:35 /tmp/mine-r19-warm-stack.tar.gz
HF_OK unconst/Affine-5czsc2fc98-r19-lora
HF_OK unconst/Affine-5czsc2fc98-r19-merged
LEAN_PID=166273
[r19-lean] 2026-08-12T11:35:52Z start
[r19-lean] BASE /root/hf/hub/models--TalentPigs--affine-5ekxlcg3fx-abc/snapshots/dbfbb3e2a17c7603e7fc68a3a15b343f42dfdef4
[r19-lean] killed stale chall pidfile=157532
0, 260480 MiB
1, 260480 MiB
2, 222518 MiB
3, 222518 MiB
4, 0 MiB
5, 0 MiB
6, 0 MiB
7, 0 MiB
[r19] 2026-08-12T11:35:57Z examples=406 data=/root/r3/winner_za_high_l1.jsonl base=/root/hf/hub/models--TalentPigs--affine-5ekxlcg3fx-abc/snapshots/dbfbb3e2a17c7603e7fc68a3a15b343f42dfdef4 gpus=6,7
[r19] knobs lr=5e-6 r=16/α32 G=4 steps=200 axis=talent_grpo_reason
[r19] wait teacher at http://127.0.0.1:8000/v1
[r19] teacher ready after 1×15s
deps OK
[r19] 2026-08-12T11:36:04Z launch Talent Reason-GRPO lr=5e-6 r=16 G=4 on GPUs 6,7
{
  "utc": "2026-08-12T11:36:04Z",
  "axis": "R19",
  "hypo": "R19",
  "pid": 166479,
  "base": "/root/hf/hub/models--TalentPigs--affine-5ekxlcg3fx-abc/snapshots/dbfbb3e2a17c7603e7fc68a3a15b343f42dfdef4",
  "base_hub": "TalentPigs/affine-5ekxlcg3fx-abc",
  "base_rev": "dbfbb3e2a17c7603e7fc68a3a15b343f42dfdef4",
  "data": "/root/r3/winner_za_high_l1.jsonl",
  "examples": 406,
  "lr": 5e-06,
  "method": "grpo_teacher_reason_talent_init",
  "lora_r": 16,
  "lora_alpha": 32,
  "group_size": 4,
  "max_new": 512,
  "max_steps": 200,
  "gpus": "6,7",
  "teacher_url": "http://127.0.0.1:8000/v1",
  "out": "/root/r3/train",
  "log": "/root/logs/r3_train.nohup",
  "note": "R19 Talent\u00d7teacher-Reason GRPO \u2014 \u2260 R3 Tok-init, \u2260 R5b Talent full-FT, \u2260 R18 sbs-GRPO"
}
[r19] TRAIN_LAUNCHED pid=166479
[r19-lean] 2026-08-12T11:36:04Z TRAIN_PID=166479 POST_PID=166487
[r19-lean] DONE
    PID     ELAPSED CMD
TRAIN_PID=166479
POST_PID=166487
t=200 k=200
R19_WARM_ARM_OK pod=mine-r4-fullft-1 soft=2026-08-13T07:57:47Z dead=2026-08-13T08:27:47Z 2026-08-12T11:36:27Z
