-rw-rw-r-- 1 const const 345K Aug  9 02:54 /tmp/mine-h119-stack.tar.gz
STACK_UPLOAD_OK
PIPELINE_PID=854
[bootstrap-h119] 2026-08-09T02:54:51Z start host=7f067017a609
GPU 0: NVIDIA H200 (UUID: GPU-36b1f40f-67a4-3a7f-482e-f17484af62ca)
GPU 1: NVIDIA H200 (UUID: GPU-b323954d-fdaa-b7c1-8231-ff2547cc3e69)
GPU 2: NVIDIA H200 (UUID: GPU-190e0c3c-b846-bf00-d30a-011f42a2a56a)
GPU 3: NVIDIA H200 (UUID: GPU-74759e30-fcf5-5ffb-2ff8-1ddd160050c6)
GPU 4: NVIDIA H200 (UUID: GPU-b1aea0b3-2203-c731-3046-5e16157d238d)
GPU 5: NVIDIA H200 (UUID: GPU-66ad2258-bb98-2e45-8632-12e897ca5b1e)
GPU 6: NVIDIA H200 (UUID: GPU-64b9e184-c948-d351-c24b-8407a83142ac)
GPU 7: NVIDIA H200 (UUID: GPU-e9bc56d7-d573-629c-46da-fb7ad18bb290)
[bootstrap-h119] GPU_COUNT=8
downloading uv 0.12.3 x86_64-unknown-linux-gnu
installing to /root/.local/bin
  uv
  uvx
everything's installed!
Using CPython 3.12.3 interpreter at: /usr/bin/python3.12
Creating virtual environment at: venv
Activate with: source venv/bin/activate
    PID     ELAPSED CMD
    854 441077229-11:52:32 bash /root/mining_src/s4-h119-f24-raw-af-k1/bootstrap_h119.sh
8
UPLOAD_AND_LAUNCH_OK 2026-08-09T02:54:54Z
